Archive member included because of file (symbol)

c:/freescale/kds_v3/toolchain/bin/../lib/gcc/arm-none-eabi/4.8.4/armv6-m\libgcc.a(_udivsi3.o)
                              ./utilities/fsl_debug_console.o (__aeabi_uidiv)
c:/freescale/kds_v3/toolchain/bin/../lib/gcc/arm-none-eabi/4.8.4/armv6-m\libgcc.a(_divsi3.o)
                              ./utilities/fsl_debug_console.o (__aeabi_idiv)
c:/freescale/kds_v3/toolchain/bin/../lib/gcc/arm-none-eabi/4.8.4/armv6-m\libgcc.a(_dvmd_tls.o)
                              c:/freescale/kds_v3/toolchain/bin/../lib/gcc/arm-none-eabi/4.8.4/armv6-m\libgcc.a(_udivsi3.o) (__aeabi_idiv0)
c:/freescale/kds_v3/toolchain/bin/../lib/gcc/arm-none-eabi/4.8.4/armv6-m\libgcc.a(_aeabi_uldivmod.o)
                              ./source/lvhb/lvhb.o (__aeabi_uldivmod)
c:/freescale/kds_v3/toolchain/bin/../lib/gcc/arm-none-eabi/4.8.4/armv6-m\libgcc.a(_muldi3.o)
                              ./source/lvhb/lvhb.o (__aeabi_lmul)
c:/freescale/kds_v3/toolchain/bin/../lib/gcc/arm-none-eabi/4.8.4/armv6-m\libgcc.a(_fixunssfsi.o)
                              ./source/lvhb/lvhb.o (__aeabi_f2uiz)
c:/freescale/kds_v3/toolchain/bin/../lib/gcc/arm-none-eabi/4.8.4/armv6-m\libgcc.a(_fixunsdfsi.o)
                              ./source/lvhb/lvhb.o (__aeabi_d2uiz)
c:/freescale/kds_v3/toolchain/bin/../lib/gcc/arm-none-eabi/4.8.4/armv6-m\libgcc.a(bpabi.o)
                              c:/freescale/kds_v3/toolchain/bin/../lib/gcc/arm-none-eabi/4.8.4/armv6-m\libgcc.a(_aeabi_uldivmod.o) (__gnu_uldivmod_helper)
c:/freescale/kds_v3/toolchain/bin/../lib/gcc/arm-none-eabi/4.8.4/armv6-m\libgcc.a(mulsf3.o)
                              ./source/lvhb/lvhb.o (__aeabi_fmul)
c:/freescale/kds_v3/toolchain/bin/../lib/gcc/arm-none-eabi/4.8.4/armv6-m\libgcc.a(subsf3.o)
                              c:/freescale/kds_v3/toolchain/bin/../lib/gcc/arm-none-eabi/4.8.4/armv6-m\libgcc.a(_fixunssfsi.o) (__aeabi_fsub)
c:/freescale/kds_v3/toolchain/bin/../lib/gcc/arm-none-eabi/4.8.4/armv6-m\libgcc.a(fixsfsi.o)
                              c:/freescale/kds_v3/toolchain/bin/../lib/gcc/arm-none-eabi/4.8.4/armv6-m\libgcc.a(_fixunssfsi.o) (__aeabi_f2iz)
c:/freescale/kds_v3/toolchain/bin/../lib/gcc/arm-none-eabi/4.8.4/armv6-m\libgcc.a(floatunsisf.o)
                              ./source/lvhb/lvhb.o (__aeabi_ui2f)
c:/freescale/kds_v3/toolchain/bin/../lib/gcc/arm-none-eabi/4.8.4/armv6-m\libgcc.a(muldf3.o)
                              ./source/lvhb/lvhb.o (__aeabi_dmul)
c:/freescale/kds_v3/toolchain/bin/../lib/gcc/arm-none-eabi/4.8.4/armv6-m\libgcc.a(subdf3.o)
                              c:/freescale/kds_v3/toolchain/bin/../lib/gcc/arm-none-eabi/4.8.4/armv6-m\libgcc.a(_fixunsdfsi.o) (__aeabi_dsub)
c:/freescale/kds_v3/toolchain/bin/../lib/gcc/arm-none-eabi/4.8.4/armv6-m\libgcc.a(fixdfsi.o)
                              c:/freescale/kds_v3/toolchain/bin/../lib/gcc/arm-none-eabi/4.8.4/armv6-m\libgcc.a(_fixunsdfsi.o) (__aeabi_d2iz)
c:/freescale/kds_v3/toolchain/bin/../lib/gcc/arm-none-eabi/4.8.4/armv6-m\libgcc.a(floatunsidf.o)
                              ./source/lvhb/lvhb.o (__aeabi_ui2d)
c:/freescale/kds_v3/toolchain/bin/../lib/gcc/arm-none-eabi/4.8.4/armv6-m\libgcc.a(_arm_cmpdf2.o)
                              c:/freescale/kds_v3/toolchain/bin/../lib/gcc/arm-none-eabi/4.8.4/armv6-m\libgcc.a(_fixunsdfsi.o) (__aeabi_dcmpge)
c:/freescale/kds_v3/toolchain/bin/../lib/gcc/arm-none-eabi/4.8.4/armv6-m\libgcc.a(_arm_cmpsf2.o)
                              c:/freescale/kds_v3/toolchain/bin/../lib/gcc/arm-none-eabi/4.8.4/armv6-m\libgcc.a(_fixunssfsi.o) (__aeabi_fcmpge)
c:/freescale/kds_v3/toolchain/bin/../lib/gcc/arm-none-eabi/4.8.4/armv6-m\libgcc.a(_clzsi2.o)
                              c:/freescale/kds_v3/toolchain/bin/../lib/gcc/arm-none-eabi/4.8.4/armv6-m\libgcc.a(mulsf3.o) (__clzsi2)
c:/freescale/kds_v3/toolchain/bin/../lib/gcc/arm-none-eabi/4.8.4/armv6-m\libgcc.a(_divdi3.o)
                              c:/freescale/kds_v3/toolchain/bin/../lib/gcc/arm-none-eabi/4.8.4/armv6-m\libgcc.a(bpabi.o) (__divdi3)
c:/freescale/kds_v3/toolchain/bin/../lib/gcc/arm-none-eabi/4.8.4/armv6-m\libgcc.a(_udivdi3.o)
                              c:/freescale/kds_v3/toolchain/bin/../lib/gcc/arm-none-eabi/4.8.4/armv6-m\libgcc.a(bpabi.o) (__udivdi3)
c:/freescale/kds_v3/toolchain/bin/../lib/gcc/arm-none-eabi/4.8.4/armv6-m\libgcc.a(eqsf2.o)
                              c:/freescale/kds_v3/toolchain/bin/../lib/gcc/arm-none-eabi/4.8.4/armv6-m\libgcc.a(_arm_cmpsf2.o) (__eqsf2)
c:/freescale/kds_v3/toolchain/bin/../lib/gcc/arm-none-eabi/4.8.4/armv6-m\libgcc.a(gesf2.o)
                              c:/freescale/kds_v3/toolchain/bin/../lib/gcc/arm-none-eabi/4.8.4/armv6-m\libgcc.a(_arm_cmpsf2.o) (__gesf2)
c:/freescale/kds_v3/toolchain/bin/../lib/gcc/arm-none-eabi/4.8.4/armv6-m\libgcc.a(lesf2.o)
                              c:/freescale/kds_v3/toolchain/bin/../lib/gcc/arm-none-eabi/4.8.4/armv6-m\libgcc.a(_arm_cmpsf2.o) (__lesf2)
[...]
Memory Configuration

Name             Origin             Length             Attributes
m_interrupts     0x00000000         0x00000200         xr
m_flash_config   0x00000400         0x00000010         xr
m_text           0x00000410         0x0000fbf0         xr
m_data           0x1ffff000         0x00004000         rw
m_usb_sram       0x400fe000         0x00000200         rw
*default*        0x00000000         0xffffffff

Linker script and memory map

LOAD c:/freescale/kds_v3/toolchain/bin/../lib/gcc/arm-none-eabi/4.8.4/armv6-m/crti.o
LOAD c:/freescale/kds_v3/toolchain/bin/../lib/gcc/arm-none-eabi/4.8.4/armv6-m/crtbegin.o
LOAD c:/freescale/kds_v3/toolchain/bin/../lib/gcc/arm-none-eabi/4.8.4/../../../../arm-none-eabi/lib/armv6-m/crt0.o
LOAD ./utilities/fsl_debug_console.o
LOAD ./utilities/fsl_notifier.o
LOAD ./utilities/fsl_sbrk.o
LOAD ./utilities/fsl_shell.o
LOAD ./startup/startup_MKL27Z644.o
LOAD ./source/lvhb/lvhb.o
LOAD ./source/aml/wait_aml/wait_aml.o
LOAD ./source/aml/tmr_aml/ftm_aml.o
LOAD ./source/aml/tmr_aml/tpm_aml.o
LOAD ./drivers/fsl_adc16.o
LOAD ./drivers/fsl_clock.o
LOAD ./drivers/fsl_cmp.o
LOAD ./drivers/fsl_common.o
LOAD ./drivers/fsl_cop.o
LOAD ./drivers/fsl_crc.o
LOAD ./drivers/fsl_dma.o
LOAD ./drivers/fsl_dmamux.o
LOAD ./drivers/fsl_flash.o
LOAD ./drivers/fsl_flexio.o
LOAD ./drivers/fsl_flexio_i2c_master.o
LOAD ./drivers/fsl_flexio_i2s.o
LOAD ./drivers/fsl_flexio_i2s_dma.o
LOAD ./drivers/fsl_flexio_spi.o
LOAD ./drivers/fsl_flexio_spi_dma.o
LOAD ./drivers/fsl_flexio_uart.o
LOAD ./drivers/fsl_flexio_uart_dma.o
LOAD ./drivers/fsl_gpio.o
LOAD ./drivers/fsl_i2c.o
LOAD ./drivers/fsl_i2c_dma.o
LOAD ./drivers/fsl_llwu.o
LOAD ./drivers/fsl_lptmr.o
LOAD ./drivers/fsl_lpuart.o
LOAD ./drivers/fsl_lpuart_dma.o
LOAD ./drivers/fsl_pit.o
LOAD ./drivers/fsl_pmc.o
LOAD ./drivers/fsl_rcm.o
LOAD ./drivers/fsl_rtc.o
LOAD ./drivers/fsl_sim.o
LOAD ./drivers/fsl_smc.o
LOAD ./drivers/fsl_spi.o
LOAD ./drivers/fsl_spi_dma.o
LOAD ./drivers/fsl_tpm.o
LOAD ./drivers/fsl_uart.o
LOAD ./drivers/fsl_uart_dma.o
LOAD ./drivers/fsl_vref.o
LOAD ./board/board.o
LOAD ./board/clock_config.o
LOAD ./board/pin_mux.o
LOAD ./CMSIS/system_MKL27Z644.o
LOAD c:/freescale/kds_v3/toolchain/bin/../lib/gcc/arm-none-eabi/4.8.4/../../../../arm-none-eabi/lib/armv6-m\libstdc++_s.a
LOAD c:/freescale/kds_v3/toolchain/bin/../lib/gcc/arm-none-eabi/4.8.4/../../../../arm-none-eabi/lib/armv6-m\libm.a
START GROUP
LOAD c:/freescale/kds_v3/toolchain/bin/../lib/gcc/arm-none-eabi/4.8.4/armv6-m\libgcc.a
LOAD c:/freescale/kds_v3/toolchain/bin/../lib/gcc/arm-none-eabi/4.8.4/../../../../arm-none-eabi/lib/armv6-m\libg_s.a
LOAD c:/freescale/kds_v3/toolchain/bin/../lib/gcc/arm-none-eabi/4.8.4/../../../../arm-none-eabi/lib/armv6-m\libc_s.a
END GROUP
START GROUP
LOAD c:/freescale/kds_v3/toolchain/bin/../lib/gcc/arm-none-eabi/4.8.4/armv6-m\libgcc.a
LOAD c:/freescale/kds_v3/toolchain/bin/../lib/gcc/arm-none-eabi/4.8.4/../../../../arm-none-eabi/lib/armv6-m\libc_s.a
LOAD c:/freescale/kds_v3/toolchain/bin/../lib/gcc/arm-none-eabi/4.8.4/../../../../arm-none-eabi/lib/armv6-m\libnosys.a
END GROUP
START GROUP
LOAD c:/freescale/kds_v3/toolchain/bin/../lib/gcc/arm-none-eabi/4.8.4/armv6-m\libgcc.a
LOAD c:/freescale/kds_v3/toolchain/bin/../lib/gcc/arm-none-eabi/4.8.4/../../../../arm-none-eabi/lib/armv6-m\libc_s.a
LOAD c:/freescale/kds_v3/toolchain/bin/../lib/gcc/arm-none-eabi/4.8.4/../../../../arm-none-eabi/lib/armv6-m\libnosys.a
END GROUP
LOAD c:/freescale/kds_v3/toolchain/bin/../lib/gcc/arm-none-eabi/4.8.4/armv6-m/crtend.o
LOAD c:/freescale/kds_v3/toolchain/bin/../lib/gcc/arm-none-eabi/4.8.4/armv6-m/crtn.o
                0x00000400                HEAP_SIZE = DEFINED (__heap_size__)?__heap_size__:0x400
                0x00000400                STACK_SIZE = DEFINED (__stack_size__)?__stack_size__:0x400
                0x00000000                M_VECTOR_RAM_SIZE = DEFINED (__ram_vector_table__)?0x200:0x0

.interrupts     0x00000000       0xc0
                0x00000000                __VECTOR_TABLE = .
                0x00000000                . = ALIGN (0x4)
 *(.isr_vector)
 .isr_vector    0x00000000       0xc0 ./startup/startup_MKL27Z644.o
                0x00000000                __isr_vector
                0x000000c0                . = ALIGN (0x4)

.flash_config   0x00000400       0x10
                0x00000400                . = ALIGN (0x4)
 *(.FlashConfig)
 .FlashConfig   0x00000400       0x10 ./startup/startup_MKL27Z644.o
                0x00000410                . = ALIGN (0x4)

.text           0x00000410      0xf24
                0x00000410                . = ALIGN (0x4)
 *(.text)
 .text          0x00000410       0x60 c:/freescale/kds_v3/toolchain/bin/../lib/gcc/arm-none-eabi/4.8.4/armv6-m/crtbegin.o
 .text          0x00000470       0x78 c:/freescale/kds_v3/toolchain/bin/../lib/gcc/arm-none-eabi/4.8.4/../../../../arm-none-eabi/lib/armv6-m/crt0.o
                0x00000470                _start
                0x00000470                _mainCRTStartup
 .text          0x000004e8       0xd0 ./startup/startup_MKL27Z644.o
                0x000004e8                Reset_Handler
                0x00000530                Reserved45_IRQHandler
                0x00000530                TPM1_IRQHandler
                0x00000530                PORTA_IRQHandler
                0x00000530                PIT_IRQHandler
                0x00000530                CMP0_IRQHandler
                0x00000530                LPTMR0_IRQHandler
                0x00000530                TPM0_IRQHandler
                0x00000530                LLWU_IRQHandler
                0x00000530                Reserved42_IRQHandler
                0x00000530                ADC0_IRQHandler
                0x00000530                Reserved39_IRQHandler
                0x00000530                FTFA_IRQHandler
                0x00000530                DefaultISR
                0x00000530                TPM2_IRQHandler
                0x00000530                Reserved43_IRQHandler
                0x00000530                RTC_IRQHandler
                0x00000530                PORTB_PORTC_PORTD_PORTE_IRQHandler
                0x00000530                RTC_Seconds_IRQHandler
                0x00000530                Reserved41_IRQHandler
                0x00000530                Reserved20_IRQHandler
                0x00000530                USB0_IRQHandler
                0x00000530                PMC_IRQHandler
                0x00000534                NMI_Handler
                0x00000538                HardFault_Handler
                0x0000053c                SVC_Handler
                0x00000540                PendSV_Handler
                0x00000544                SysTick_Handler
                0x00000548                DMA0_IRQHandler
                0x0000054c                DMA1_IRQHandler
                0x00000550                DMA2_IRQHandler
                0x00000554                DMA3_IRQHandler
                0x00000558                I2C0_IRQHandler
                0x0000055c                I2C1_IRQHandler
                0x00000560                SPI0_IRQHandler
                0x00000564                SPI1_IRQHandler
                0x00000568                LPUART0_IRQHandler
                0x0000056c                LPUART1_IRQHandler
                0x00000570                UART2_FLEXIO_IRQHandler
 .text          0x000005b8       0x9c c:/freescale/kds_v3/toolchain/bin/../lib/gcc/arm-none-eabi/4.8.4/armv6-m\libgcc.a(_udivsi3.o)
                0x000005b8                __aeabi_uidiv
                0x000005b8                __udivsi3
                0x00000640                __aeabi_uidivmod
 .text          0x00000654       0xc0 c:/freescale/kds_v3/toolchain/bin/../lib/gcc/arm-none-eabi/4.8.4/armv6-m\libgcc.a(_divsi3.o)
                0x00000654                __divsi3
                0x00000654                __aeabi_idiv
                0x00000700                __aeabi_idivmod
 .text          0x00000714        0x4 c:/freescale/kds_v3/toolchain/bin/../lib/gcc/arm-none-eabi/4.8.4/armv6-m\libgcc.a(_dvmd_tls.o)
                0x00000714                __aeabi_idiv0
                0x00000714                __aeabi_ldiv0
 *(.text*)
 .text.DbgConsole_Printf
                0x00000718       0x48 ./utilities/fsl_debug_console.o
                0x00000718                DbgConsole_Printf
 .text.DbgConsole_Putchar
                0x00000760       0x38 ./utilities/fsl_debug_console.o
                0x00000760                DbgConsole_Putchar
 .text.DbgConsole_PrintfPaddingCharacter
                0x00000798       0x48 ./utilities/fsl_debug_console.o
 .text.DbgConsole_ConvertRadixNumToString
                0x000007e0      0x118 ./utilities/fsl_debug_console.o
 .text.DbgConsole_PrintfFormattedData
                0x000008f8      0x344 ./utilities/fsl_debug_console.o
 .text.__assert_func
                0x00000c3c       0x28 ./drivers/fsl_common.o
                0x00000c3c                __assert_func
 .text.DMA_ClearChannelStatusFlags
                0x00000c64       0x60 ./drivers/fsl_dma.o
 .text.DMA_HandleIRQ
                0x00000cc4       0x60 ./drivers/fsl_dma.o
                0x00000cc4                DMA_HandleIRQ
 .text.DMA0_DriverIRQHandler
                0x00000d24       0x18 ./drivers/fsl_dma.o
                0x00000d24                DMA0_DriverIRQHandler
 .text.DMA1_DriverIRQHandler
                0x00000d3c       0x18 ./drivers/fsl_dma.o
                0x00000d3c                DMA1_DriverIRQHandler
 .text.DMA2_DriverIRQHandler
                0x00000d54       0x18 ./drivers/fsl_dma.o
                0x00000d54                DMA2_DriverIRQHandler
 .text.DMA3_DriverIRQHandler
                0x00000d6c       0x18 ./drivers/fsl_dma.o
                0x00000d6c                DMA3_DriverIRQHandler
 .text.FLEXIO_CommonIRQHandler
                0x00000d84       0x64 ./drivers/fsl_flexio.o
                0x00000d84                FLEXIO_CommonIRQHandler
 .text.UART2_FLEXIO_DriverIRQHandler
                0x00000de8        0xc ./drivers/fsl_flexio.o
                0x00000de8                UART2_FLEXIO_DriverIRQHandler
 .text.I2C_TransferCommonIRQHandler
                0x00000df4       0x58 ./drivers/fsl_i2c.o
 .text.I2C0_DriverIRQHandler
                0x00000e4c       0x20 ./drivers/fsl_i2c.o
                0x00000e4c                I2C0_DriverIRQHandler
 .text.I2C1_DriverIRQHandler
                0x00000e6c       0x20 ./drivers/fsl_i2c.o
                0x00000e6c                I2C1_DriverIRQHandler
 .text.LPUART0_DriverIRQHandler
                0x00000e8c       0x24 ./drivers/fsl_lpuart.o
                0x00000e8c                LPUART0_DriverIRQHandler
 .text.LPUART1_DriverIRQHandler
                0x00000eb0       0x24 ./drivers/fsl_lpuart.o
                0x00000eb0                LPUART1_DriverIRQHandler
 .text.SPI_CommonIRQHandler
                0x00000ed4       0x54 ./drivers/fsl_spi.o
 .text.SPI0_DriverIRQHandler
                0x00000f28       0x3c ./drivers/fsl_spi.o
                0x00000f28                SPI0_DriverIRQHandler
 .text.SPI1_DriverIRQHandler
                0x00000f64       0x3c ./drivers/fsl_spi.o
                0x00000f64                SPI1_DriverIRQHandler
 .text.SystemInit
                0x00000fa0       0x38 ./CMSIS/system_MKL27Z644.o
                0x00000fa0                SystemInit
 .text.exit     0x00000fd8       0x2c c:/freescale/kds_v3/toolchain/bin/../lib/gcc/arm-none-eabi/4.8.4/../../../../arm-none-eabi/lib/armv6-m\libg_s.a(lib_a-exit.o)
                0x00000fd8                exit
 .text.__libc_init_array
                0x00001004       0x4c c:/freescale/kds_v3/toolchain/bin/../lib/gcc/arm-none-eabi/4.8.4/../../../../arm-none-eabi/lib/armv6-m\libg_s.a(lib_a-init.o)
                0x00001004                __libc_init_array
 .text.memset   0x00001050       0x10 c:/freescale/kds_v3/toolchain/bin/../lib/gcc/arm-none-eabi/4.8.4/../../../../arm-none-eabi/lib/armv6-m\libg_s.a(lib_a-memset.o)
                0x00001050                memset
 .text.strlen   0x00001060        0xe c:/freescale/kds_v3/toolchain/bin/../lib/gcc/arm-none-eabi/4.8.4/../../../../arm-none-eabi/lib/armv6-m\libg_s.a(lib_a-strlen.o)
                0x00001060                strlen
 *fill*         0x0000106e        0x2 
 .text._exit    0x00001070        0x4 c:/freescale/kds_v3/toolchain/bin/../lib/gcc/arm-none-eabi/4.8.4/../../../../arm-none-eabi/lib/armv6-m\libnosys.a(_exit.o)
                0x00001070                _exit
 *(.rodata)
 .rodata        0x00001074       0x40 ./drivers/fsl_common.o
 .rodata        0x000010b4      0x168 ./drivers/fsl_dma.o
 .rodata        0x0000121c       0x9c ./drivers/fsl_spi.o
 *(.rodata*)
 .rodata.__func__.5857
                0x000012b8       0x10 ./drivers/fsl_dma.o
 .rodata.__func__.5725
                0x000012c8       0x1c ./drivers/fsl_dma.o
 .rodata.__func__.6013
                0x000012e4       0x18 ./drivers/fsl_spi.o
 .rodata.__func__.6017
                0x000012fc       0x18 ./drivers/fsl_spi.o
 .rodata.str1.1
                0x00001314        0x2 c:/freescale/kds_v3/toolchain/bin/../lib/gcc/arm-none-eabi/4.8.4/../../../../arm-none-eabi/lib/armv6-m\libg_s.a(lib_a-impure.o)
 *fill*         0x00001316        0x2 
 .rodata._global_impure_ptr
                0x00001318        0x4 c:/freescale/kds_v3/toolchain/bin/../lib/gcc/arm-none-eabi/4.8.4/../../../../arm-none-eabi/lib/armv6-m\libg_s.a(lib_a-impure.o)
                0x00001318                _global_impure_ptr
 *(.glue_7)
 .glue_7        0x00000000        0x0 linker stubs
 *(.glue_7t)
 .glue_7t       0x00000000        0x0 linker stubs
 *(.eh_frame)
 .eh_frame      0x0000131c        0x0 c:/freescale/kds_v3/toolchain/bin/../lib/gcc/arm-none-eabi/4.8.4/armv6-m/crtbegin.o
 *(.init)
 .init          0x0000131c        0x4 c:/freescale/kds_v3/toolchain/bin/../lib/gcc/arm-none-eabi/4.8.4/armv6-m/crti.o
                0x0000131c                _init
 .init          0x00001320        0x8 c:/freescale/kds_v3/toolchain/bin/../lib/gcc/arm-none-eabi/4.8.4/armv6-m/crtn.o
 *(.fini)
 .fini          0x00001328        0x4 c:/freescale/kds_v3/toolchain/bin/../lib/gcc/arm-none-eabi/4.8.4/armv6-m/crti.o
                0x00001328                _fini
 .fini          0x0000132c        0x8 c:/freescale/kds_v3/toolchain/bin/../lib/gcc/arm-none-eabi/4.8.4/armv6-m/crtn.o
                0x00001334                . = ALIGN (0x4)

.vfp11_veneer   0x00001334        0x0
 .vfp11_veneer  0x00000000        0x0 linker stubs

.v4_bx          0x00001334        0x0
 .v4_bx         0x00000000        0x0 linker stubs

.iplt           0x00001334        0x0
 .iplt          0x00000000        0x0 c:/freescale/kds_v3/toolchain/bin/../lib/gcc/arm-none-eabi/4.8.4/armv6-m/crtbegin.o

.ARM.extab
 *(.ARM.extab* .gnu.linkonce.armextab.*)

.ARM            0x00001334        0x8
                0x00001334                __exidx_start = .
 *(.ARM.exidx*)
 .ARM.exidx     0x00001334        0x8 c:/freescale/kds_v3/toolchain/bin/../lib/gcc/arm-none-eabi/4.8.4/../../../../arm-none-eabi/lib/armv6-m/crt0.o
                0x0000133c                __exidx_end = .

.rel.dyn        0x0000133c        0x0
 .rel.iplt      0x00000000        0x0 c:/freescale/kds_v3/toolchain/bin/../lib/gcc/arm-none-eabi/4.8.4/armv6-m/crtbegin.o

.ctors          0x0000133c        0x0
                0x0000133c                __CTOR_LIST__ = .
 *crtbegin.o(.ctors)
 *crtbegin?.o(.ctors)
 *(EXCLUDE_FILE(*crtend.o *crtend?.o) .ctors)
 *(SORT(.ctors.*))
 *(.ctors)
                0x0000133c                __CTOR_END__ = .

.dtors          0x0000133c        0x0
                0x0000133c                __DTOR_LIST__ = .
 *crtbegin.o(.dtors)
 *crtbegin?.o(.dtors)
 *(EXCLUDE_FILE(*crtend.o *crtend?.o) .dtors)
 *(SORT(.dtors.*))
 *(.dtors)
                0x0000133c                __DTOR_END__ = .

.preinit_array  0x0000133c        0x0
                0x0000133c                PROVIDE (__preinit_array_start, .)
 *(.preinit_array*)
                0x0000133c                PROVIDE (__preinit_array_end, .)

.init_array     0x0000133c        0x4
                0x0000133c                PROVIDE (__init_array_start, .)
 *(SORT(.init_array.*))
 *(.init_array*)
 .init_array    0x0000133c        0x4 c:/freescale/kds_v3/toolchain/bin/../lib/gcc/arm-none-eabi/4.8.4/armv6-m/crtbegin.o
                0x00001340                PROVIDE (__init_array_end, .)

.fini_array     0x00001340        0x4
                0x00001340                PROVIDE (__fini_array_start, .)
 *(SORT(.fini_array.*))
 *(.fini_array*)
 .fini_array    0x00001340        0x4 c:/freescale/kds_v3/toolchain/bin/../lib/gcc/arm-none-eabi/4.8.4/armv6-m/crtbegin.o
                0x00001344                PROVIDE (__fini_array_end, .)
                0x00001344                __etext = .
                0x00001344                __DATA_ROM = .

.mtb            0x1ffff000        0x0
                0x1ffff000                . = ALIGN (0x8)
                0x1ffff000                _mtb_start = .
 *(.mtb_buf)
                0x1ffff000                . = ALIGN (0x8)
                0x1ffff000                _mtb_end = .

.interrupts_ram
                0x1ffff000        0x0
                0x1ffff000                . = ALIGN (0x4)
                0x1ffff000                __VECTOR_RAM__ = .
                0x1ffff000                __interrupts_ram_start__ = .
 *(.m_interrupts_ram)
                0x1ffff000                . = (. + M_VECTOR_RAM_SIZE)
                0x1ffff000                . = ALIGN (0x4)
                0x1ffff000                __interrupts_ram_end__ = .
                0x00000000                __VECTOR_RAM = DEFINED (__ram_vector_table__)?__VECTOR_RAM__:ORIGIN (m_interrupts)
                0x00000000                __RAM_VECTOR_TABLE_SIZE_BYTES = DEFINED (__ram_vector_table__)?(__interrupts_ram_end__ - __interrupts_ram_start__):0x0

.data           0x1ffff000       0x64 load address 0x00001344
                0x1ffff000                . = ALIGN (0x4)
                0x1ffff000                __DATA_RAM = .
                0x1ffff000                __data_start__ = .
 *(.data)
 *(.data*)
 .data.impure_data
                0x1ffff000       0x60 c:/freescale/kds_v3/toolchain/bin/../lib/gcc/arm-none-eabi/4.8.4/../../../../arm-none-eabi/lib/armv6-m\libg_s.a(lib_a-impure.o)
 *(.jcr*)
 .jcr           0x1ffff060        0x0 c:/freescale/kds_v3/toolchain/bin/../lib/gcc/arm-none-eabi/4.8.4/armv6-m/crtbegin.o
 .jcr           0x1ffff060        0x4 c:/freescale/kds_v3/toolchain/bin/../lib/gcc/arm-none-eabi/4.8.4/armv6-m/crtend.o
                0x1ffff064                . = ALIGN (0x4)
                0x1ffff064                __data_end__ = .
                0x000013a8                __DATA_END = (__DATA_ROM + (__data_end__ - __data_start__))
                0x00010000                text_end = (ORIGIN (m_text) + 0xfbf0)
                0x00000001                ASSERT ((__DATA_END <= text_end), region m_text overflowed with text and data)

.igot.plt       0x1ffff064        0x0 load address 0x000013a8
 .igot.plt      0x00000000        0x0 c:/freescale/kds_v3/toolchain/bin/../lib/gcc/arm-none-eabi/4.8.4/armv6-m/crtbegin.o

.bss            0x1ffff064       0x80 load address 0x000013a8
                0x1ffff064                . = ALIGN (0x4)
                0x1ffff064                __START_BSS = .
                0x1ffff064                __bss_start__ = .
 *(.bss)
 .bss           0x1ffff064       0x1c c:/freescale/kds_v3/toolchain/bin/../lib/gcc/arm-none-eabi/4.8.4/armv6-m/crtbegin.o
 *(.bss*)
 .bss.s_debugConsole
                0x1ffff080       0x10 ./utilities/fsl_debug_console.o
 .bss.s_DMAHandle
                0x1ffff090       0x10 ./drivers/fsl_dma.o
 .bss.s_flexioHandle
                0x1ffff0a0        0x8 ./drivers/fsl_flexio.o
 .bss.s_flexioType
                0x1ffff0a8        0x8 ./drivers/fsl_flexio.o
 .bss.s_flexioIsr
                0x1ffff0b0        0x8 ./drivers/fsl_flexio.o
 .bss.s_i2cHandle
                0x1ffff0b8        0x8 ./drivers/fsl_i2c.o
 .bss.s_i2cMasterIsr
                0x1ffff0c0        0x4 ./drivers/fsl_i2c.o
 .bss.s_i2cSlaveIsr
                0x1ffff0c4        0x4 ./drivers/fsl_i2c.o
 .bss.s_lpuartHandle
                0x1ffff0c8        0x8 ./drivers/fsl_lpuart.o
 .bss.s_lpuartIsr
                0x1ffff0d0        0x4 ./drivers/fsl_lpuart.o
 .bss.s_spiHandle
                0x1ffff0d4        0x8 ./drivers/fsl_spi.o
 .bss.s_spiMasterIsr
                0x1ffff0dc        0x4 ./drivers/fsl_spi.o
 .bss.s_spiSlaveIsr
                0x1ffff0e0        0x4 ./drivers/fsl_spi.o
 *(m_usb_global)
 *(COMMON)
                0x1ffff0e4                . = ALIGN (0x4)
                0x1ffff0e4                __bss_end__ = .
                0x1ffff0e4                __END_BSS = .

.heap           0x1ffff0e4      0x404 load address 0x00001428
                0x1ffff0e8                . = ALIGN (0x8)
 *fill*         0x1ffff0e4        0x4 
                0x1ffff0e8                __end__ = .
                0x1ffff0e8                PROVIDE (end, .)
                0x1ffff0e8                __HeapBase = .
                0x1ffff4e8                . = (. + HEAP_SIZE)
 *fill*         0x1ffff0e8      0x400 
                0x1ffff4e8                __HeapLimit = .
                0x1ffff4e8                __heap_limit = .

.stack          0x1ffff4e8      0x400 load address 0x0000182c
                0x1ffff4e8                . = ALIGN (0x8)
                0x1ffff8e8                . = (. + STACK_SIZE)
 *fill*         0x1ffff4e8      0x400 

m_usb_bdt       0x400fe000        0x0
                0x400fe000                . = ALIGN (0x200)
 *(m_usb_bdt)
                0x20003000                __StackTop = (ORIGIN (m_data) + 0x4000)
                0x20002c00                __StackLimit = (__StackTop - STACK_SIZE)
                0x20003000                PROVIDE (__stack, __StackTop)

.ARM.attributes
                0x00000000       0x28
 *(.ARM.attributes)
 .ARM.attributes
                0x00000000       0x1e c:/freescale/kds_v3/toolchain/bin/../lib/gcc/arm-none-eabi/4.8.4/armv6-m/crti.o
 .ARM.attributes
                0x0000001e       0x2c c:/freescale/kds_v3/toolchain/bin/../lib/gcc/arm-none-eabi/4.8.4/armv6-m/crtbegin.o
 .ARM.attributes
                0x0000004a       0x1b c:/freescale/kds_v3/toolchain/bin/../lib/gcc/arm-none-eabi/4.8.4/../../../../arm-none-eabi/lib/armv6-m/crt0.o
 .ARM.attributes
                0x00000065       0x32 ./utilities/fsl_debug_console.o
 .ARM.attributes
                0x00000097       0x1b ./startup/startup_MKL27Z644.o
 .ARM.attributes
                0x000000b2       0x32 ./drivers/fsl_common.o
 .ARM.attributes
                0x000000e4       0x32 ./drivers/fsl_dma.o
 .ARM.attributes
                0x00000116       0x32 ./drivers/fsl_flexio.o
 .ARM.attributes
                0x00000148       0x32 ./drivers/fsl_i2c.o
 .ARM.attributes
                0x0000017a       0x32 ./drivers/fsl_lpuart.o
 .ARM.attributes
                0x000001ac       0x32 ./drivers/fsl_spi.o
 .ARM.attributes
                0x000001de       0x32 ./CMSIS/system_MKL27Z644.o
 .ARM.attributes
                0x00000210       0x1e c:/freescale/kds_v3/toolchain/bin/../lib/gcc/arm-none-eabi/4.8.4/armv6-m\libgcc.a(_udivsi3.o)
 .ARM.attributes
                0x0000022e       0x1e c:/freescale/kds_v3/toolchain/bin/../lib/gcc/arm-none-eabi/4.8.4/armv6-m\libgcc.a(_divsi3.o)
 .ARM.attributes
                0x0000024c       0x1e c:/freescale/kds_v3/toolchain/bin/../lib/gcc/arm-none-eabi/4.8.4/armv6-m\libgcc.a(_dvmd_tls.o)
 .ARM.attributes
                0x0000026a       0x2c c:/freescale/kds_v3/toolchain/bin/../lib/gcc/arm-none-eabi/4.8.4/../../../../arm-none-eabi/lib/armv6-m\libg_s.a(lib_a-exit.o)
 .ARM.attributes
                0x00000296       0x2c c:/freescale/kds_v3/toolchain/bin/../lib/gcc/arm-none-eabi/4.8.4/../../../../arm-none-eabi/lib/armv6-m\libg_s.a(lib_a-impure.o)
 .ARM.attributes
                0x000002c2       0x2c c:/freescale/kds_v3/toolchain/bin/../lib/gcc/arm-none-eabi/4.8.4/../../../../arm-none-eabi/lib/armv6-m\libg_s.a(lib_a-init.o)
 .ARM.attributes
                0x000002ee       0x2c c:/freescale/kds_v3/toolchain/bin/../lib/gcc/arm-none-eabi/4.8.4/../../../../arm-none-eabi/lib/armv6-m\libg_s.a(lib_a-memset.o)
 .ARM.attributes
                0x0000031a       0x2c c:/freescale/kds_v3/toolchain/bin/../lib/gcc/arm-none-eabi/4.8.4/../../../../arm-none-eabi/lib/armv6-m\libg_s.a(lib_a-strlen.o)
 .ARM.attributes
                0x00000346       0x2c c:/freescale/kds_v3/toolchain/bin/../lib/gcc/arm-none-eabi/4.8.4/../../../../arm-none-eabi/lib/armv6-m\libnosys.a(_exit.o)
 .ARM.attributes
                0x00000372       0x2c c:/freescale/kds_v3/toolchain/bin/../lib/gcc/arm-none-eabi/4.8.4/armv6-m/crtend.o
 .ARM.attributes
                0x0000039e       0x1e c:/freescale/kds_v3/toolchain/bin/../lib/gcc/arm-none-eabi/4.8.4/armv6-m/crtn.o
                0x00000001                ASSERT ((__StackLimit >= __HeapLimit), region m_data overflowed with stack and heap)
OUTPUT(LVHB_KL27Z_VariousEVB_Stepper.elf elf32-littlearm)

.debug_info     0x00000000     0x7fdb
 .debug_info    0x00000000      0xf6d ./utilities/fsl_debug_console.o
 .debug_info    0x00000f6d       0x98 ./startup/startup_MKL27Z644.o
 .debug_info    0x00001005      0x446 ./drivers/fsl_common.o
 .debug_info    0x0000144b     0x1045 ./drivers/fsl_dma.o
 .debug_info    0x00002490      0xfdf ./drivers/fsl_flexio.o
 .debug_info    0x0000346f     0x1b4b ./drivers/fsl_i2c.o
 .debug_info    0x00004fba     0x165d ./drivers/fsl_lpuart.o
 .debug_info    0x00006617     0x15fc ./drivers/fsl_spi.o
 .debug_info    0x00007c13      0x3c8 ./CMSIS/system_MKL27Z644.o

.debug_abbrev   0x00000000     0x1241
 .debug_abbrev  0x00000000      0x286 ./utilities/fsl_debug_console.o
 .debug_abbrev  0x00000286       0x14 ./startup/startup_MKL27Z644.o
 .debug_abbrev  0x0000029a      0x222 ./drivers/fsl_common.o
 .debug_abbrev  0x000004bc      0x269 ./drivers/fsl_dma.o
 .debug_abbrev  0x00000725      0x21a ./drivers/fsl_flexio.o
 .debug_abbrev  0x0000093f      0x2f7 ./drivers/fsl_i2c.o
 .debug_abbrev  0x00000c36      0x275 ./drivers/fsl_lpuart.o
 .debug_abbrev  0x00000eab      0x28d ./drivers/fsl_spi.o
 .debug_abbrev  0x00001138      0x109 ./CMSIS/system_MKL27Z644.o

.debug_aranges  0x00000000      0x668
 .debug_aranges
                0x00000000       0xa0 ./utilities/fsl_debug_console.o
 .debug_aranges
                0x000000a0       0x20 ./startup/startup_MKL27Z644.o
 .debug_aranges
                0x000000c0       0x38 ./drivers/fsl_common.o
 .debug_aranges
                0x000000f8       0xd0 ./drivers/fsl_dma.o
 .debug_aranges
                0x000001c8       0xa8 ./drivers/fsl_flexio.o
 .debug_aranges
                0x00000270      0x178 ./drivers/fsl_i2c.o
 .debug_aranges
                0x000003e8      0x120 ./drivers/fsl_lpuart.o
 .debug_aranges
                0x00000508      0x138 ./drivers/fsl_spi.o
 .debug_aranges
                0x00000640       0x28 ./CMSIS/system_MKL27Z644.o

.debug_ranges   0x00000000      0x5c8
 .debug_ranges  0x00000000       0x90 ./utilities/fsl_debug_console.o
 .debug_ranges  0x00000090       0x28 ./drivers/fsl_common.o
 .debug_ranges  0x000000b8       0xc0 ./drivers/fsl_dma.o
 .debug_ranges  0x00000178       0x98 ./drivers/fsl_flexio.o
 .debug_ranges  0x00000210      0x168 ./drivers/fsl_i2c.o
 .debug_ranges  0x00000378      0x110 ./drivers/fsl_lpuart.o
 .debug_ranges  0x00000488      0x128 ./drivers/fsl_spi.o
 .debug_ranges  0x000005b0       0x18 ./CMSIS/system_MKL27Z644.o

.debug_macro    0x00000000     0x8ea2
 .debug_macro   0x00000000      0x1ec ./utilities/fsl_debug_console.o
 .debug_macro   0x000001ec      0x820 ./utilities/fsl_debug_console.o
 .debug_macro   0x00000a0c       0x58 ./utilities/fsl_debug_console.o
 .debug_macro   0x00000a64       0x58 ./utilities/fsl_debug_console.o
 .debug_macro   0x00000abc       0x16 ./utilities/fsl_debug_console.o
 .debug_macro   0x00000ad2       0x35 ./utilities/fsl_debug_console.o
 .debug_macro   0x00000b07       0xa3 ./utilities/fsl_debug_console.o
 .debug_macro   0x00000baa       0x16 ./utilities/fsl_debug_console.o
 .debug_macro   0x00000bc0      0x10e ./utilities/fsl_debug_console.o
 .debug_macro   0x00000cce       0x7f ./utilities/fsl_debug_console.o
 .debug_macro   0x00000d4d       0x4a ./utilities/fsl_debug_console.o
 .debug_macro   0x00000d97       0x52 ./utilities/fsl_debug_console.o
 .debug_macro   0x00000de9       0x16 ./utilities/fsl_debug_console.o
 .debug_macro   0x00000dff       0x43 ./utilities/fsl_debug_console.o
 .debug_macro   0x00000e42      0x180 ./utilities/fsl_debug_console.o
 .debug_macro   0x00000fc2       0x16 ./utilities/fsl_debug_console.o
 .debug_macro   0x00000fd8       0x29 ./utilities/fsl_debug_console.o
 .debug_macro   0x00001001      0x1e1 ./utilities/fsl_debug_console.o
 .debug_macro   0x000011e2       0x16 ./utilities/fsl_debug_console.o
 .debug_macro   0x000011f8       0x22 ./utilities/fsl_debug_console.o
 .debug_macro   0x0000121a      0x20f ./utilities/fsl_debug_console.o
 .debug_macro   0x00001429      0x2a6 ./utilities/fsl_debug_console.o
 .debug_macro   0x000016cf       0x10 ./utilities/fsl_debug_console.o
 .debug_macro   0x000016df       0x35 ./utilities/fsl_debug_console.o
 .debug_macro   0x00001714       0x1f ./utilities/fsl_debug_console.o
 .debug_macro   0x00001733       0x10 ./utilities/fsl_debug_console.o
 .debug_macro   0x00001743       0x3f ./utilities/fsl_debug_console.o
 .debug_macro   0x00001782       0x3a ./utilities/fsl_debug_console.o
 .debug_macro   0x000017bc       0x26 ./utilities/fsl_debug_console.o
 .debug_macro   0x000017e2      0x329 ./utilities/fsl_debug_console.o
 .debug_macro   0x00001b0b       0x3e ./utilities/fsl_debug_console.o
 .debug_macro   0x00001b49     0x547b ./utilities/fsl_debug_console.o
 .debug_macro   0x00006fc4     0x130c ./utilities/fsl_debug_console.o
 .debug_macro   0x000082d0       0x3a ./utilities/fsl_debug_console.o
 .debug_macro   0x0000830a       0xeb ./utilities/fsl_debug_console.o
 .debug_macro   0x000083f5       0x35 ./utilities/fsl_debug_console.o
 .debug_macro   0x0000842a       0x3a ./utilities/fsl_debug_console.o
 .debug_macro   0x00008464       0x10 ./utilities/fsl_debug_console.o
 .debug_macro   0x00008474       0x10 ./utilities/fsl_debug_console.o
 .debug_macro   0x00008484      0x18e ./drivers/fsl_common.o
 .debug_macro   0x00008612      0x18b ./drivers/fsl_dma.o
 .debug_macro   0x0000879d      0x190 ./drivers/fsl_flexio.o
 .debug_macro   0x0000892d       0x1c ./drivers/fsl_flexio.o
 .debug_macro   0x00008949      0x18a ./drivers/fsl_i2c.o
 .debug_macro   0x00008ad3       0x10 ./drivers/fsl_i2c.o
 .debug_macro   0x00008ae3      0x18b ./drivers/fsl_lpuart.o
 .debug_macro   0x00008c6e      0x18a ./drivers/fsl_spi.o
 .debug_macro   0x00008df8       0x10 ./drivers/fsl_spi.o
 .debug_macro   0x00008e08       0x9a ./CMSIS/system_MKL27Z644.o

.debug_line     0x00000000     0x358d
 .debug_line    0x00000000      0x7f5 ./utilities/fsl_debug_console.o
 .debug_line    0x000007f5       0xcb ./startup/startup_MKL27Z644.o
 .debug_line    0x000008c0      0x3c3 ./drivers/fsl_common.o
 .debug_line    0x00000c83      0x5ef ./drivers/fsl_dma.o
 .debug_line    0x00001272      0x549 ./drivers/fsl_flexio.o
 .debug_line    0x000017bb      0xafa ./drivers/fsl_i2c.o
 .debug_line    0x000022b5      0x876 ./drivers/fsl_lpuart.o
 .debug_line    0x00002b2b      0x839 ./drivers/fsl_spi.o
 .debug_line    0x00003364      0x229 ./CMSIS/system_MKL27Z644.o

.debug_str      0x00000000    0x39846
 .debug_str     0x00000000    0x357ad ./utilities/fsl_debug_console.o
                              0x35c70 (size before relaxing)
 .debug_str     0x000357ad      0x333 ./drivers/fsl_common.o
                              0x3469c (size before relaxing)
 .debug_str     0x00035ae0      0x99d ./drivers/fsl_dma.o
                              0x35379 (size before relaxing)
 .debug_str     0x0003647d     0x1358 ./drivers/fsl_flexio.o
                              0x35d14 (size before relaxing)
 .debug_str     0x000377d5      0xc5a ./drivers/fsl_i2c.o
                              0x358bf (size before relaxing)
 .debug_str     0x0003842f      0x9eb ./drivers/fsl_lpuart.o
                              0x357f9 (size before relaxing)
 .debug_str     0x00038e1a      0x930 ./drivers/fsl_spi.o
                              0x35607 (size before relaxing)
 .debug_str     0x0003974a       0xfc ./CMSIS/system_MKL27Z644.o
                              0x31501 (size before relaxing)

.comment        0x00000000       0x70
 .comment       0x00000000       0x70 ./utilities/fsl_debug_console.o
                                 0x71 (size before relaxing)
 .comment       0x00000000       0x71 ./drivers/fsl_common.o
 .comment       0x00000000       0x71 ./drivers/fsl_dma.o
 .comment       0x00000000       0x71 ./drivers/fsl_flexio.o
 .comment       0x00000000       0x71 ./drivers/fsl_i2c.o
 .comment       0x00000000       0x71 ./drivers/fsl_lpuart.o
 .comment       0x00000000       0x71 ./drivers/fsl_spi.o
 .comment       0x00000000       0x71 ./CMSIS/system_MKL27Z644.o

.debug_frame    0x00000000     0x1754
 .debug_frame   0x00000000      0x22c ./utilities/fsl_debug_console.o
 .debug_frame   0x0000022c       0x90 ./drivers/fsl_common.o
 .debug_frame   0x000002bc      0x2e0 ./drivers/fsl_dma.o
 .debug_frame   0x0000059c      0x240 ./drivers/fsl_flexio.o
 .debug_frame   0x000007dc      0x588 ./drivers/fsl_i2c.o
 .debug_frame   0x00000d64      0x428 ./drivers/fsl_lpuart.o
 .debug_frame   0x0000118c      0x488 ./drivers/fsl_spi.o
 .debug_frame   0x00001614       0x4c ./CMSIS/system_MKL27Z644.o
 .debug_frame   0x00001660       0x20 c:/freescale/kds_v3/toolchain/bin/../lib/gcc/arm-none-eabi/4.8.4/armv6-m\libgcc.a(_udivsi3.o)
 .debug_frame   0x00001680       0x20 c:/freescale/kds_v3/toolchain/bin/../lib/gcc/arm-none-eabi/4.8.4/armv6-m\libgcc.a(_divsi3.o)
 .debug_frame   0x000016a0       0x28 c:/freescale/kds_v3/toolchain/bin/../lib/gcc/arm-none-eabi/4.8.4/../../../../arm-none-eabi/lib/armv6-m\libg_s.a(lib_a-exit.o)
 .debug_frame   0x000016c8       0x2c c:/freescale/kds_v3/toolchain/bin/../lib/gcc/arm-none-eabi/4.8.4/../../../../arm-none-eabi/lib/armv6-m\libg_s.a(lib_a-init.o)
 .debug_frame   0x000016f4       0x20 c:/freescale/kds_v3/toolchain/bin/../lib/gcc/arm-none-eabi/4.8.4/../../../../arm-none-eabi/lib/armv6-m\libg_s.a(lib_a-memset.o)
 .debug_frame   0x00001714       0x20 c:/freescale/kds_v3/toolchain/bin/../lib/gcc/arm-none-eabi/4.8.4/../../../../arm-none-eabi/lib/armv6-m\libg_s.a(lib_a-strlen.o)
 .debug_frame   0x00001734       0x20 c:/freescale/kds_v3/toolchain/bin/../lib/gcc/arm-none-eabi/4.8.4/../../../../arm-none-eabi/lib/armv6-m\libnosys.a(_exit.o)
