Archive member included because of file (symbol)

c:/freescale/kds_v3/toolchain/bin/../lib/gcc/arm-none-eabi/4.8.4/armv6-m\libgcc.a(_udivsi3.o)
                              ./utilities/fsl_debug_console.o (__aeabi_uidiv)
c:/freescale/kds_v3/toolchain/bin/../lib/gcc/arm-none-eabi/4.8.4/armv6-m\libgcc.a(_divsi3.o)
                              ./utilities/fsl_debug_console.o (__aeabi_idiv)
c:/freescale/kds_v3/toolchain/bin/../lib/gcc/arm-none-eabi/4.8.4/armv6-m\libgcc.a(_dvmd_tls.o)
                              c:/freescale/kds_v3/toolchain/bin/../lib/gcc/arm-none-eabi/4.8.4/armv6-m\libgcc.a(_udivsi3.o) (__aeabi_idiv0)
c:/freescale/kds_v3/toolchain/bin/../lib/gcc/arm-none-eabi/4.8.4/armv6-m\libgcc.a(_aeabi_uldivmod.o)
                              ./source/lvhb/lvhb.o (__aeabi_uldivmod)
c:/freescale/kds_v3/toolchain/bin/../lib/gcc/arm-none-eabi/4.8.4/armv6-m\libgcc.a(_muldi3.o)
                              ./source/lvhb/lvhb.o (__aeabi_lmul)
c:/freescale/kds_v3/toolchain/bin/../lib/gcc/arm-none-eabi/4.8.4/armv6-m\libgcc.a(_fixunssfsi.o)
                              ./source/lvhb/lvhb.o (__aeabi_f2uiz)
c:/freescale/kds_v3/toolchain/bin/../lib/gcc/arm-none-eabi/4.8.4/armv6-m\libgcc.a(_fixunsdfsi.o)
                              ./source/lvhb/lvhb.o (__aeabi_d2uiz)
c:/freescale/kds_v3/toolchain/bin/../lib/gcc/arm-none-eabi/4.8.4/armv6-m\libgcc.a(bpabi.o)
                              c:/freescale/kds_v3/toolchain/bin/../lib/gcc/arm-none-eabi/4.8.4/armv6-m\libgcc.a(_aeabi_uldivmod.o) (__gnu_uldivmod_helper)
c:/freescale/kds_v3/toolchain/bin/../lib/gcc/arm-none-eabi/4.8.4/armv6-m\libgcc.a(mulsf3.o)
                              ./source/lvhb/lvhb.o (__aeabi_fmul)
c:/freescale/kds_v3/toolchain/bin/../lib/gcc/arm-none-eabi/4.8.4/armv6-m\libgcc.a(subsf3.o)
                              c:/freescale/kds_v3/toolchain/bin/../lib/gcc/arm-none-eabi/4.8.4/armv6-m\libgcc.a(_fixunssfsi.o) (__aeabi_fsub)
c:/freescale/kds_v3/toolchain/bin/../lib/gcc/arm-none-eabi/4.8.4/armv6-m\libgcc.a(fixsfsi.o)
                              c:/freescale/kds_v3/toolchain/bin/../lib/gcc/arm-none-eabi/4.8.4/armv6-m\libgcc.a(_fixunssfsi.o) (__aeabi_f2iz)
c:/freescale/kds_v3/toolchain/bin/../lib/gcc/arm-none-eabi/4.8.4/armv6-m\libgcc.a(floatunsisf.o)
                              ./source/lvhb/lvhb.o (__aeabi_ui2f)
c:/freescale/kds_v3/toolchain/bin/../lib/gcc/arm-none-eabi/4.8.4/armv6-m\libgcc.a(muldf3.o)
                              ./source/lvhb/lvhb.o (__aeabi_dmul)
c:/freescale/kds_v3/toolchain/bin/../lib/gcc/arm-none-eabi/4.8.4/armv6-m\libgcc.a(subdf3.o)
                              c:/freescale/kds_v3/toolchain/bin/../lib/gcc/arm-none-eabi/4.8.4/armv6-m\libgcc.a(_fixunsdfsi.o) (__aeabi_dsub)
c:/freescale/kds_v3/toolchain/bin/../lib/gcc/arm-none-eabi/4.8.4/armv6-m\libgcc.a(fixdfsi.o)
                              c:/freescale/kds_v3/toolchain/bin/../lib/gcc/arm-none-eabi/4.8.4/armv6-m\libgcc.a(_fixunsdfsi.o) (__aeabi_d2iz)
c:/freescale/kds_v3/toolchain/bin/../lib/gcc/arm-none-eabi/4.8.4/armv6-m\libgcc.a(floatunsidf.o)
                              ./source/lvhb/lvhb.o (__aeabi_ui2d)
c:/freescale/kds_v3/toolchain/bin/../lib/gcc/arm-none-eabi/4.8.4/armv6-m\libgcc.a(_arm_cmpdf2.o)
                              c:/freescale/kds_v3/toolchain/bin/../lib/gcc/arm-none-eabi/4.8.4/armv6-m\libgcc.a(_fixunsdfsi.o) (__aeabi_dcmpge)
c:/freescale/kds_v3/toolchain/bin/../lib/gcc/arm-none-eabi/4.8.4/armv6-m\libgcc.a(_arm_cmpsf2.o)
                              c:/freescale/kds_v3/toolchain/bin/../lib/gcc/arm-none-eabi/4.8.4/armv6-m\libgcc.a(_fixunssfsi.o) (__aeabi_fcmpge)
c:/freescale/kds_v3/toolchain/bin/../lib/gcc/arm-none-eabi/4.8.4/armv6-m\libgcc.a(_clzsi2.o)
                              c:/freescale/kds_v3/toolchain/bin/../lib/gcc/arm-none-eabi/4.8.4/armv6-m\libgcc.a(mulsf3.o) (__clzsi2)
c:/freescale/kds_v3/toolchain/bin/../lib/gcc/arm-none-eabi/4.8.4/armv6-m\libgcc.a(_divdi3.o)
                              c:/freescale/kds_v3/toolchain/bin/../lib/gcc/arm-none-eabi/4.8.4/armv6-m\libgcc.a(bpabi.o) (__divdi3)
c:/freescale/kds_v3/toolchain/bin/../lib/gcc/arm-none-eabi/4.8.4/armv6-m\libgcc.a(_udivdi3.o)
                              c:/freescale/kds_v3/toolchain/bin/../lib/gcc/arm-none-eabi/4.8.4/armv6-m\libgcc.a(bpabi.o) (__udivdi3)
c:/freescale/kds_v3/toolchain/bin/../lib/gcc/arm-none-eabi/4.8.4/armv6-m\libgcc.a(eqsf2.o)
                              c:/freescale/kds_v3/toolchain/bin/../lib/gcc/arm-none-eabi/4.8.4/armv6-m\libgcc.a(_arm_cmpsf2.o) (__eqsf2)
c:/freescale/kds_v3/toolchain/bin/../lib/gcc/arm-none-eabi/4.8.4/armv6-m\libgcc.a(gesf2.o)
                              c:/freescale/kds_v3/toolchain/bin/../lib/gcc/arm-none-eabi/4.8.4/armv6-m\libgcc.a(_arm_cmpsf2.o) (__gesf2)
c:/freescale/kds_v3/toolchain/bin/../lib/gcc/arm-none-eabi/4.8.4/armv6-m\libgcc.a(lesf2.o)
                              c:/freescale/kds_v3/toolchain/bin/../lib/gcc/arm-none-eabi/4.8.4/armv6-m\libgcc.a(_arm_cmpsf2.o) (__lesf2)
[...]
Memory Configuration

Name             Origin             Length             Attributes
m_interrupts     0x00000000         0x00000200         xr
m_flash_config   0x00000400         0x00000010         xr
m_text           0x00000410         0x0000fbf0         xr
m_data           0x1ffff000         0x00004000         rw
m_usb_sram       0x400fe000         0x00000200         rw
*default*        0x00000000         0xffffffff

Linker script and memory map

LOAD c:/freescale/kds_v3/toolchain/bin/../lib/gcc/arm-none-eabi/4.8.4/armv6-m/crti.o
LOAD c:/freescale/kds_v3/toolchain/bin/../lib/gcc/arm-none-eabi/4.8.4/armv6-m/crtbegin.o
LOAD c:/freescale/kds_v3/toolchain/bin/../lib/gcc/arm-none-eabi/4.8.4/../../../../arm-none-eabi/lib/armv6-m/crt0.o
LOAD ./utilities/fsl_debug_console.o
LOAD ./utilities/fsl_notifier.o
LOAD ./utilities/fsl_sbrk.o
LOAD ./utilities/fsl_shell.o
LOAD ./startup/startup_MKL27Z644.o
LOAD ./source/lvhb/lvhb.o
LOAD ./source/freemaster_driver/freemaster_Kxx.o
LOAD ./source/freemaster_driver/freemaster_appcmd.o
LOAD ./source/freemaster_driver/freemaster_bdm.o
LOAD ./source/freemaster_driver/freemaster_can.o
LOAD ./source/freemaster_driver/freemaster_lin.o
LOAD ./source/freemaster_driver/freemaster_pipes.o
LOAD ./source/freemaster_driver/freemaster_protocol.o
LOAD ./source/freemaster_driver/freemaster_rec.o
LOAD ./source/freemaster_driver/freemaster_scope.o
LOAD ./source/freemaster_driver/freemaster_serial.o
LOAD ./source/freemaster_driver/freemaster_sfio.o
LOAD ./source/freemaster_driver/freemaster_tsa.o
LOAD ./source/aml/wait_aml/wait_aml.o
LOAD ./source/aml/tmr_aml/ftm_aml.o
LOAD ./source/aml/tmr_aml/tpm_aml.o
LOAD ./source/main.o
LOAD ./drivers/fsl_adc16.o
LOAD ./drivers/fsl_clock.o
LOAD ./drivers/fsl_cmp.o
LOAD ./drivers/fsl_common.o
LOAD ./drivers/fsl_cop.o
LOAD ./drivers/fsl_crc.o
LOAD ./drivers/fsl_dma.o
LOAD ./drivers/fsl_dmamux.o
LOAD ./drivers/fsl_flash.o
LOAD ./drivers/fsl_flexio.o
LOAD ./drivers/fsl_flexio_i2c_master.o
LOAD ./drivers/fsl_flexio_i2s.o
LOAD ./drivers/fsl_flexio_i2s_dma.o
LOAD ./drivers/fsl_flexio_spi.o
LOAD ./drivers/fsl_flexio_spi_dma.o
LOAD ./drivers/fsl_flexio_uart.o
LOAD ./drivers/fsl_flexio_uart_dma.o
LOAD ./drivers/fsl_gpio.o
LOAD ./drivers/fsl_i2c.o
LOAD ./drivers/fsl_i2c_dma.o
LOAD ./drivers/fsl_llwu.o
LOAD ./drivers/fsl_lptmr.o
LOAD ./drivers/fsl_lpuart.o
LOAD ./drivers/fsl_lpuart_dma.o
LOAD ./drivers/fsl_pit.o
LOAD ./drivers/fsl_pmc.o
LOAD ./drivers/fsl_rcm.o
LOAD ./drivers/fsl_rtc.o
LOAD ./drivers/fsl_sim.o
LOAD ./drivers/fsl_smc.o
LOAD ./drivers/fsl_spi.o
LOAD ./drivers/fsl_spi_dma.o
LOAD ./drivers/fsl_tpm.o
LOAD ./drivers/fsl_uart.o
LOAD ./drivers/fsl_uart_dma.o
LOAD ./drivers/fsl_vref.o
LOAD ./board/board.o
LOAD ./board/clock_config.o
LOAD ./board/pin_mux.o
LOAD ./CMSIS/system_MKL27Z644.o
LOAD c:/freescale/kds_v3/toolchain/bin/../lib/gcc/arm-none-eabi/4.8.4/../../../../arm-none-eabi/lib/armv6-m\libstdc++_s.a
LOAD c:/freescale/kds_v3/toolchain/bin/../lib/gcc/arm-none-eabi/4.8.4/../../../../arm-none-eabi/lib/armv6-m\libm.a
START GROUP
LOAD c:/freescale/kds_v3/toolchain/bin/../lib/gcc/arm-none-eabi/4.8.4/armv6-m\libgcc.a
LOAD c:/freescale/kds_v3/toolchain/bin/../lib/gcc/arm-none-eabi/4.8.4/../../../../arm-none-eabi/lib/armv6-m\libg_s.a
LOAD c:/freescale/kds_v3/toolchain/bin/../lib/gcc/arm-none-eabi/4.8.4/../../../../arm-none-eabi/lib/armv6-m\libc_s.a
END GROUP
START GROUP
LOAD c:/freescale/kds_v3/toolchain/bin/../lib/gcc/arm-none-eabi/4.8.4/armv6-m\libgcc.a
LOAD c:/freescale/kds_v3/toolchain/bin/../lib/gcc/arm-none-eabi/4.8.4/../../../../arm-none-eabi/lib/armv6-m\libc_s.a
LOAD c:/freescale/kds_v3/toolchain/bin/../lib/gcc/arm-none-eabi/4.8.4/../../../../arm-none-eabi/lib/armv6-m\libnosys.a
END GROUP
START GROUP
LOAD c:/freescale/kds_v3/toolchain/bin/../lib/gcc/arm-none-eabi/4.8.4/armv6-m\libgcc.a
LOAD c:/freescale/kds_v3/toolchain/bin/../lib/gcc/arm-none-eabi/4.8.4/../../../../arm-none-eabi/lib/armv6-m\libc_s.a
LOAD c:/freescale/kds_v3/toolchain/bin/../lib/gcc/arm-none-eabi/4.8.4/../../../../arm-none-eabi/lib/armv6-m\libnosys.a
END GROUP
LOAD c:/freescale/kds_v3/toolchain/bin/../lib/gcc/arm-none-eabi/4.8.4/armv6-m/crtend.o
LOAD c:/freescale/kds_v3/toolchain/bin/../lib/gcc/arm-none-eabi/4.8.4/armv6-m/crtn.o
                0x00000400                HEAP_SIZE = DEFINED (__heap_size__)?__heap_size__:0x400
                0x00000400                STACK_SIZE = DEFINED (__stack_size__)?__stack_size__:0x400
                0x00000000                M_VECTOR_RAM_SIZE = DEFINED (__ram_vector_table__)?0x200:0x0

.interrupts     0x00000000       0xc0
                0x00000000                __VECTOR_TABLE = .
                0x00000000                . = ALIGN (0x4)
 *(.isr_vector)
 .isr_vector    0x00000000       0xc0 ./startup/startup_MKL27Z644.o
                0x00000000                __isr_vector
                0x000000c0                . = ALIGN (0x4)

.flash_config   0x00000400       0x10
                0x00000400                . = ALIGN (0x4)
 *(.FlashConfig)
 .FlashConfig   0x00000400       0x10 ./startup/startup_MKL27Z644.o
                0x00000410                . = ALIGN (0x4)

.text           0x00000410     0xb6a8
                0x00000410                . = ALIGN (0x4)
 *(.text)
 .text          0x00000410       0x60 c:/freescale/kds_v3/toolchain/bin/../lib/gcc/arm-none-eabi/4.8.4/armv6-m/crtbegin.o
 .text          0x00000470       0x78 c:/freescale/kds_v3/toolchain/bin/../lib/gcc/arm-none-eabi/4.8.4/../../../../arm-none-eabi/lib/armv6-m/crt0.o
                0x00000470                _start
                0x00000470                _mainCRTStartup
 .text          0x000004e8       0xd0 ./startup/startup_MKL27Z644.o
                0x000004e8                Reset_Handler
                0x00000530                Reserved45_IRQHandler
                0x00000530                TPM1_IRQHandler
                0x00000530                PORTA_IRQHandler
                0x00000530                PIT_IRQHandler
                0x00000530                CMP0_IRQHandler
                0x00000530                LPTMR0_IRQHandler
                0x00000530                LLWU_IRQHandler
                0x00000530                Reserved42_IRQHandler
                0x00000530                ADC0_IRQHandler
                0x00000530                Reserved39_IRQHandler
                0x00000530                FTFA_IRQHandler
                0x00000530                DefaultISR
                0x00000530                TPM2_IRQHandler
                0x00000530                Reserved43_IRQHandler
                0x00000530                RTC_IRQHandler
                0x00000530                Reserved20_IRQHandler
                0x00000530                RTC_Seconds_IRQHandler
                0x00000530                PORTB_PORTC_PORTD_PORTE_IRQHandler
                0x00000530                Reserved41_IRQHandler
                0x00000530                USB0_IRQHandler
                0x00000530                PMC_IRQHandler
                0x00000534                NMI_Handler
                0x00000538                HardFault_Handler
                0x0000053c                SVC_Handler
                0x00000540                PendSV_Handler
                0x00000544                SysTick_Handler
                0x00000548                DMA0_IRQHandler
                0x0000054c                DMA1_IRQHandler
                0x00000550                DMA2_IRQHandler
                0x00000554                DMA3_IRQHandler
                0x00000558                I2C0_IRQHandler
                0x0000055c                I2C1_IRQHandler
                0x00000560                SPI0_IRQHandler
                0x00000564                SPI1_IRQHandler
                0x00000568                LPUART0_IRQHandler
                0x0000056c                LPUART1_IRQHandler
                0x00000570                UART2_FLEXIO_IRQHandler
 .text          0x000005b8       0x9c c:/freescale/kds_v3/toolchain/bin/../lib/gcc/arm-none-eabi/4.8.4/armv6-m\libgcc.a(_udivsi3.o)
                0x000005b8                __aeabi_uidiv
                0x000005b8                __udivsi3
                0x00000640                __aeabi_uidivmod
 .text          0x00000654       0xc0 c:/freescale/kds_v3/toolchain/bin/../lib/gcc/arm-none-eabi/4.8.4/armv6-m\libgcc.a(_divsi3.o)
                0x00000654                __divsi3
                0x00000654                __aeabi_idiv
                0x00000700                __aeabi_idivmod
 .text          0x00000714        0x4 c:/freescale/kds_v3/toolchain/bin/../lib/gcc/arm-none-eabi/4.8.4/armv6-m\libgcc.a(_dvmd_tls.o)
                0x00000714                __aeabi_idiv0
                0x00000714                __aeabi_ldiv0
 .text          0x00000718       0x40 c:/freescale/kds_v3/toolchain/bin/../lib/gcc/arm-none-eabi/4.8.4/armv6-m\libgcc.a(_aeabi_uldivmod.o)
                0x00000718                __aeabi_uldivmod
 .text          0x00000758       0x44 c:/freescale/kds_v3/toolchain/bin/../lib/gcc/arm-none-eabi/4.8.4/armv6-m\libgcc.a(_muldi3.o)
                0x00000758                __muldi3
                0x00000758                __aeabi_lmul
 .text          0x0000079c       0x30 c:/freescale/kds_v3/toolchain/bin/../lib/gcc/arm-none-eabi/4.8.4/armv6-m\libgcc.a(_fixunssfsi.o)
                0x0000079c                __fixunssfsi
                0x0000079c                __aeabi_f2uiz
 *fill*         0x000007cc        0x4 
 .text          0x000007d0       0x40 c:/freescale/kds_v3/toolchain/bin/../lib/gcc/arm-none-eabi/4.8.4/armv6-m\libgcc.a(_fixunsdfsi.o)
                0x000007d0                __aeabi_d2uiz
                0x000007d0                __fixunsdfsi
 .text          0x00000810       0x6c c:/freescale/kds_v3/toolchain/bin/../lib/gcc/arm-none-eabi/4.8.4/armv6-m\libgcc.a(bpabi.o)
                0x00000810                __gnu_ldivmod_helper
                0x00000848                __gnu_uldivmod_helper
 .text          0x0000087c      0x254 c:/freescale/kds_v3/toolchain/bin/../lib/gcc/arm-none-eabi/4.8.4/armv6-m\libgcc.a(mulsf3.o)
                0x0000087c                __aeabi_fmul
 .text          0x00000ad0      0x2ec c:/freescale/kds_v3/toolchain/bin/../lib/gcc/arm-none-eabi/4.8.4/armv6-m\libgcc.a(subsf3.o)
                0x00000ad0                __aeabi_fsub
 .text          0x00000dbc       0x40 c:/freescale/kds_v3/toolchain/bin/../lib/gcc/arm-none-eabi/4.8.4/armv6-m\libgcc.a(fixsfsi.o)
                0x00000dbc                __aeabi_f2iz
 .text          0x00000dfc       0xa0 c:/freescale/kds_v3/toolchain/bin/../lib/gcc/arm-none-eabi/4.8.4/armv6-m\libgcc.a(floatunsisf.o)
                0x00000dfc                __aeabi_ui2f
 .text          0x00000e9c      0x520 c:/freescale/kds_v3/toolchain/bin/../lib/gcc/arm-none-eabi/4.8.4/armv6-m\libgcc.a(muldf3.o)
                0x00000e9c                __aeabi_dmul
 .text          0x000013bc      0x668 c:/freescale/kds_v3/toolchain/bin/../lib/gcc/arm-none-eabi/4.8.4/armv6-m\libgcc.a(subdf3.o)
                0x000013bc                __aeabi_dsub
 .text          0x00001a24       0x68 c:/freescale/kds_v3/toolchain/bin/../lib/gcc/arm-none-eabi/4.8.4/armv6-m\libgcc.a(fixdfsi.o)
                0x00001a24                __aeabi_d2iz
 .text          0x00001a8c       0x68 c:/freescale/kds_v3/toolchain/bin/../lib/gcc/arm-none-eabi/4.8.4/armv6-m\libgcc.a(floatunsidf.o)
                0x00001a8c                __aeabi_ui2d
 .text          0x00001af4       0x7c c:/freescale/kds_v3/toolchain/bin/../lib/gcc/arm-none-eabi/4.8.4/armv6-m\libgcc.a(_arm_cmpdf2.o)
                0x00001af4                __aeabi_cdrcmple
                0x00001b04                __aeabi_cdcmple
                0x00001b04                __aeabi_cdcmpeq
                0x00001b14                __aeabi_dcmpeq
                0x00001b20                __aeabi_dcmplt
                0x00001b34                __aeabi_dcmple
                0x00001b48                __aeabi_dcmpgt
                0x00001b5c                __aeabi_dcmpge
 .text          0x00001b70       0x74 c:/freescale/kds_v3/toolchain/bin/../lib/gcc/arm-none-eabi/4.8.4/armv6-m\libgcc.a(_arm_cmpsf2.o)
                0x00001b70                __aeabi_cfrcmple
                0x00001b78                __aeabi_cfcmpeq
                0x00001b78                __aeabi_cfcmple
                0x00001b88                __aeabi_fcmpeq
                0x00001b94                __aeabi_fcmplt
                0x00001ba8                __aeabi_fcmple
                0x00001bbc                __aeabi_fcmpgt
                0x00001bd0                __aeabi_fcmpge
 .text          0x00001be4       0x3c c:/freescale/kds_v3/toolchain/bin/../lib/gcc/arm-none-eabi/4.8.4/armv6-m\libgcc.a(_clzsi2.o)
                0x00001be4                __clzsi2
 .text          0x00001c20      0x3b8 c:/freescale/kds_v3/toolchain/bin/../lib/gcc/arm-none-eabi/4.8.4/armv6-m\libgcc.a(_divdi3.o)
                0x00001c20                __divdi3
 .text          0x00001fd8      0x384 c:/freescale/kds_v3/toolchain/bin/../lib/gcc/arm-none-eabi/4.8.4/armv6-m\libgcc.a(_udivdi3.o)
                0x00001fd8                __udivdi3
 .text          0x0000235c       0x54 c:/freescale/kds_v3/toolchain/bin/../lib/gcc/arm-none-eabi/4.8.4/armv6-m\libgcc.a(eqsf2.o)
                0x0000235c                __eqsf2
                0x0000235c                __nesf2
 .text          0x000023b0       0x90 c:/freescale/kds_v3/toolchain/bin/../lib/gcc/arm-none-eabi/4.8.4/armv6-m\libgcc.a(gesf2.o)
                0x000023b0                __gesf2
                0x000023b0                __gtsf2
 .text          0x00002440       0x98 c:/freescale/kds_v3/toolchain/bin/../lib/gcc/arm-none-eabi/4.8.4/armv6-m\libgcc.a(lesf2.o)
                0x00002440                __ltsf2
                0x00002440                __lesf2
 .text          0x000024d8       0x94 c:/freescale/kds_v3/toolchain/bin/../lib/gcc/arm-none-eabi/4.8.4/armv6-m\libgcc.a(eqdf2.o)
                0x000024d8                __nedf2
                0x000024d8                __eqdf2
 .text          0x0000256c       0xfc c:/freescale/kds_v3/toolchain/bin/../lib/gcc/arm-none-eabi/4.8.4/armv6-m\libgcc.a(gedf2.o)
                0x0000256c                __gedf2
                0x0000256c                __gtdf2
 .text          0x00002668       0xfc c:/freescale/kds_v3/toolchain/bin/../lib/gcc/arm-none-eabi/4.8.4/armv6-m\libgcc.a(ledf2.o)
                0x00002668                __ledf2
                0x00002668                __ltdf2
 *(.text*)
 .text.UART_EnableTx
                0x00002764       0x40 ./utilities/fsl_debug_console.o
 .text.UART_EnableRx
                0x000027a4       0x40 ./utilities/fsl_debug_console.o
 .text.LPUART_EnableTx
                0x000027e4       0x3c ./utilities/fsl_debug_console.o
 .text.LPUART_EnableRx
                0x00002820       0x3c ./utilities/fsl_debug_console.o
 .text.DbgConsole_Init
                0x0000285c       0xfc ./utilities/fsl_debug_console.o
                0x0000285c                DbgConsole_Init
 .text.DbgConsole_Printf
                0x00002958       0x48 ./utilities/fsl_debug_console.o
                0x00002958                DbgConsole_Printf
 .text.DbgConsole_Putchar
                0x000029a0       0x38 ./utilities/fsl_debug_console.o
                0x000029a0                DbgConsole_Putchar
 .text.DbgConsole_PrintfPaddingCharacter
                0x000029d8       0x48 ./utilities/fsl_debug_console.o
 .text.DbgConsole_ConvertRadixNumToString
                0x00002a20      0x118 ./utilities/fsl_debug_console.o
 .text.DbgConsole_PrintfFormattedData
                0x00002b38      0x344 ./utilities/fsl_debug_console.o
 .text.GPIO_AML_WriteOutput
                0x00002e7c       0x50 ./source/lvhb/lvhb.o
 .text.GPIO_AML_ClearOutput
                0x00002ecc       0x30 ./source/lvhb/lvhb.o
 .text.LVHB_GetPwmChCount
                0x00002efc       0x98 ./source/lvhb/lvhb.o
 .text.LVHB_SetPwm
                0x00002f94      0x1ac ./source/lvhb/lvhb.o
 .text.LVHB_SetZeroOut
                0x00003140      0x168 ./source/lvhb/lvhb.o
 .text.LVHB_GetSqrt
                0x000032a8       0x44 ./source/lvhb/lvhb.o
 *fill*         0x000032ec        0x4 
 .text.LVHB_InitRamp
                0x000032f0      0x190 ./source/lvhb/lvhb.o
 .text.LVHB_GetNextRampDelay
                0x00003480      0x200 ./source/lvhb/lvhb.o
 .text.LVHB_SetFullGpio
                0x00003680       0xac ./source/lvhb/lvhb.o
 .text.LVHB_UpdateFullIdx
                0x0000372c       0xa8 ./source/lvhb/lvhb.o
 .text.LVHB_UpdateFullCntr
                0x000037d4       0x58 ./source/lvhb/lvhb.o
 *fill*         0x0000382c        0x4 
 .text.LVHB_StartFullstepping
                0x00003830      0x1f0 ./source/lvhb/lvhb.o
 .text.LVHB_SetFullOffset
                0x00003a20      0x118 ./source/lvhb/lvhb.o
 .text.LVHB_GotoNextFull
                0x00003b38       0xdc ./source/lvhb/lvhb.o
 .text.LVHB_SetMicroOffset
                0x00003c14      0x178 ./source/lvhb/lvhb.o
 .text.LVHB_UpdateMicroIdx
                0x00003d8c       0xf0 ./source/lvhb/lvhb.o
 .text.LVHB_UpdateMicroCntr
                0x00003e7c       0x94 ./source/lvhb/lvhb.o
 .text.LVHB_GotoNextMicro
                0x00003f10       0xe4 ./source/lvhb/lvhb.o
 *fill*         0x00003ff4        0x4 
 .text.LVHB_StartMicrostepping
                0x00003ff8      0x2e0 ./source/lvhb/lvhb.o
 .text.LVHB_ConfigureTimer
                0x000042d8      0x254 ./source/lvhb/lvhb.o
                0x000042d8                LVHB_ConfigureTimer
 .text.LVHB_GetDefaultConfig
                0x0000452c      0x110 ./source/lvhb/lvhb.o
                0x0000452c                LVHB_GetDefaultConfig
 .text.LVHB_Init
                0x0000463c      0x388 ./source/lvhb/lvhb.o
                0x0000463c                LVHB_Init
 .text.LVHB_SetMode
                0x000049c4       0x98 ./source/lvhb/lvhb.o
                0x000049c4                LVHB_SetMode
 .text.LVHB_SetGateDriver
                0x00004a5c       0x88 ./source/lvhb/lvhb.o
                0x00004a5c                LVHB_SetGateDriver
 .text.LVHB_SetFullStepSpeed
                0x00004ae4       0xe4 ./source/lvhb/lvhb.o
                0x00004ae4                LVHB_SetFullStepSpeed
 .text.LVHB_SetMicroStepSpeed
                0x00004bc8      0x100 ./source/lvhb/lvhb.o
                0x00004bc8                LVHB_SetMicroStepSpeed
 .text.LVHB_MoveSteps
                0x00004cc8      0x12c ./source/lvhb/lvhb.o
                0x00004cc8                LVHB_MoveSteps
 .text.LVHB_MoveMicroSteps
                0x00004df4      0x148 ./source/lvhb/lvhb.o
                0x00004df4                LVHB_MoveMicroSteps
 .text.LVHB_MoveContinual
                0x00004f3c      0x11c ./source/lvhb/lvhb.o
                0x00004f3c                LVHB_MoveContinual
 .text.LVHB_MoveMicroContinual
                0x00005058      0x130 ./source/lvhb/lvhb.o
                0x00005058                LVHB_MoveMicroContinual
 .text.LVHB_StopContinualMovement
                0x00005188       0x7c ./source/lvhb/lvhb.o
                0x00005188                LVHB_StopContinualMovement
 .text.LVHB_GetMotorStatus
                0x00005204       0x58 ./source/lvhb/lvhb.o
                0x00005204                LVHB_GetMotorStatus
 .text.LVHB_AlignRotor
                0x0000525c      0x104 ./source/lvhb/lvhb.o
                0x0000525c                LVHB_AlignRotor
 .text.LVHB_SetMicroStepSize
                0x00005360       0xf0 ./source/lvhb/lvhb.o
                0x00005360                LVHB_SetMicroStepSize
 .text.LVHB_GetMicroStepPosition
                0x00005450       0xbc ./source/lvhb/lvhb.o
                0x00005450                LVHB_GetMicroStepPosition
 .text.LVHB_ResetFullStepPosition
                0x0000550c       0x94 ./source/lvhb/lvhb.o
                0x0000550c                LVHB_ResetFullStepPosition
 .text.LVHB_DisableMotor
                0x000055a0      0x14c ./source/lvhb/lvhb.o
                0x000055a0                LVHB_DisableMotor
 .text.LVHB_OnCounterRestart
                0x000056ec      0x1a0 ./source/lvhb/lvhb.o
                0x000056ec                LVHB_OnCounterRestart
 .text.FMSTR_CopyMemory
                0x0000588c       0x3c ./source/freemaster_driver/freemaster_Kxx.o
                0x0000588c                FMSTR_CopyMemory
 .text.FMSTR_CopyToBuffer
                0x000058c8       0x40 ./source/freemaster_driver/freemaster_Kxx.o
                0x000058c8                FMSTR_CopyToBuffer
 .text.FMSTR_CopyFromBuffer
                0x00005908       0x40 ./source/freemaster_driver/freemaster_Kxx.o
                0x00005908                FMSTR_CopyFromBuffer
 .text.FMSTR_ValueFromBuffer16
                0x00005948       0x24 ./source/freemaster_driver/freemaster_Kxx.o
                0x00005948                FMSTR_ValueFromBuffer16
 .text.FMSTR_ValueFromBuffer32
                0x0000596c       0x24 ./source/freemaster_driver/freemaster_Kxx.o
                0x0000596c                FMSTR_ValueFromBuffer32
 .text.FMSTR_ValueToBuffer16
                0x00005990       0x28 ./source/freemaster_driver/freemaster_Kxx.o
                0x00005990                FMSTR_ValueToBuffer16
 .text.FMSTR_CopyFromBufferWithMask
                0x000059b8       0x9c ./source/freemaster_driver/freemaster_Kxx.o
                0x000059b8                FMSTR_CopyFromBufferWithMask
 .text.FMSTR_SetExAddr
                0x00005a54       0x20 ./source/freemaster_driver/freemaster_Kxx.o
                0x00005a54                FMSTR_SetExAddr
 .text.FMSTR_AddressToBuffer
                0x00005a74       0x48 ./source/freemaster_driver/freemaster_Kxx.o
                0x00005a74                FMSTR_AddressToBuffer
 .text.FMSTR_AddressFromBuffer
                0x00005abc       0x48 ./source/freemaster_driver/freemaster_Kxx.o
                0x00005abc                FMSTR_AddressFromBuffer
 .text.FMSTR_InitAppCmds
                0x00005b04       0x60 ./source/freemaster_driver/freemaster_appcmd.o
                0x00005b04                FMSTR_InitAppCmds
 .text.FMSTR_StoreAppCmd
                0x00005b64       0xd8 ./source/freemaster_driver/freemaster_appcmd.o
                0x00005b64                FMSTR_StoreAppCmd
 .text.FMSTR_GetAppCmdStatus
                0x00005c3c       0x90 ./source/freemaster_driver/freemaster_appcmd.o
                0x00005c3c                FMSTR_GetAppCmdStatus
 .text.FMSTR_GetAppCmdRespData
                0x00005ccc       0xc0 ./source/freemaster_driver/freemaster_appcmd.o
                0x00005ccc                FMSTR_GetAppCmdRespData
 .text.FMSTR_FindAppCmdCallIndex
                0x00005d8c       0x60 ./source/freemaster_driver/freemaster_appcmd.o
 .text.FMSTR_AppCmdAck
                0x00005dec       0x34 ./source/freemaster_driver/freemaster_appcmd.o
                0x00005dec                FMSTR_AppCmdAck
 .text.FMSTR_GetAppCmd
                0x00005e20       0x28 ./source/freemaster_driver/freemaster_appcmd.o
                0x00005e20                FMSTR_GetAppCmd
 .text.FMSTR_GetAppCmdData
                0x00005e48       0x58 ./source/freemaster_driver/freemaster_appcmd.o
                0x00005e48                FMSTR_GetAppCmdData
 .text.FMSTR_InitPipes
                0x00005ea0       0x44 ./source/freemaster_driver/freemaster_pipes.o
                0x00005ea0                FMSTR_InitPipes
 .text.FMSTR_FindPipe
                0x00005ee4       0x58 ./source/freemaster_driver/freemaster_pipes.o
 .text.FMSTR_PipeGetBytesFree
                0x00005f3c       0x64 ./source/freemaster_driver/freemaster_pipes.o
 .text.FMSTR_PipeGetBytesReady
                0x00005fa0       0x68 ./source/freemaster_driver/freemaster_pipes.o
 .text.FMSTR_PipeDiscardBytes
                0x00006008       0xb4 ./source/freemaster_driver/freemaster_pipes.o
 .text.FMSTR_PipeReceive
                0x000060bc       0xf8 ./source/freemaster_driver/freemaster_pipes.o
 .text.FMSTR_PipeTransmit
                0x000061b4       0xe8 ./source/freemaster_driver/freemaster_pipes.o
 .text.FMSTR_PipeFrame
                0x0000629c      0x2c0 ./source/freemaster_driver/freemaster_pipes.o
                0x0000629c                FMSTR_PipeFrame
 .text.FMSTR_Init
                0x0000655c       0x2c ./source/freemaster_driver/freemaster_protocol.o
                0x0000655c                FMSTR_Init
 .text.FMSTR_ProtocolDecoder
                0x00006588      0x208 ./source/freemaster_driver/freemaster_protocol.o
                0x00006588                FMSTR_ProtocolDecoder
 .text.FMSTR_GetBoardInfo
                0x00006790       0xf0 ./source/freemaster_driver/freemaster_protocol.o
                0x00006790                FMSTR_GetBoardInfo
 .text.FMSTR_ReadMem
                0x00006880       0x74 ./source/freemaster_driver/freemaster_protocol.o
                0x00006880                FMSTR_ReadMem
 .text.FMSTR_ReadVar
                0x000068f4       0x54 ./source/freemaster_driver/freemaster_protocol.o
                0x000068f4                FMSTR_ReadVar
 .text.FMSTR_WriteMem
                0x00006948       0x68 ./source/freemaster_driver/freemaster_protocol.o
                0x00006948                FMSTR_WriteMem
 .text.FMSTR_WriteMemMask
                0x000069b0       0x68 ./source/freemaster_driver/freemaster_protocol.o
                0x000069b0                FMSTR_WriteMemMask
 .text.FMSTR_InitRec
                0x00006a18       0x20 ./source/freemaster_driver/freemaster_rec.o
                0x00006a18                FMSTR_InitRec
 .text.FMSTR_AbortRec
                0x00006a38       0x14 ./source/freemaster_driver/freemaster_rec.o
 .text.FMSTR_SetUpRec
                0x00006a4c      0x290 ./source/freemaster_driver/freemaster_rec.o
                0x00006a4c                FMSTR_SetUpRec
 .text.FMSTR_TriggerRec
                0x00006cdc       0x38 ./source/freemaster_driver/freemaster_rec.o
                0x00006cdc                FMSTR_TriggerRec
 .text.FMSTR_StartRec
                0x00006d14       0xac ./source/freemaster_driver/freemaster_rec.o
                0x00006d14                FMSTR_StartRec
 .text.FMSTR_StopRec
                0x00006dc0       0x64 ./source/freemaster_driver/freemaster_rec.o
                0x00006dc0                FMSTR_StopRec
 .text.FMSTR_GetRecStatus
                0x00006e24       0x5c ./source/freemaster_driver/freemaster_rec.o
                0x00006e24                FMSTR_GetRecStatus
 .text.FMSTR_GetRecBuffSize
                0x00006e80       0x10 ./source/freemaster_driver/freemaster_rec.o
                0x00006e80                FMSTR_GetRecBuffSize
 .text.FMSTR_GetRecBuff
                0x00006e90       0x84 ./source/freemaster_driver/freemaster_rec.o
                0x00006e90                FMSTR_GetRecBuff
 .text.FMSTR_Compare8S
                0x00006f14       0x30 ./source/freemaster_driver/freemaster_rec.o
 .text.FMSTR_Compare8U
                0x00006f44       0x28 ./source/freemaster_driver/freemaster_rec.o
 .text.FMSTR_Compare16S
                0x00006f6c       0x30 ./source/freemaster_driver/freemaster_rec.o
 .text.FMSTR_Compare16U
                0x00006f9c       0x28 ./source/freemaster_driver/freemaster_rec.o
 .text.FMSTR_Compare32S
                0x00006fc4       0x2c ./source/freemaster_driver/freemaster_rec.o
 .text.FMSTR_Compare32U
                0x00006ff0       0x28 ./source/freemaster_driver/freemaster_rec.o
 .text.FMSTR_Recorder
                0x00007018       0x24 ./source/freemaster_driver/freemaster_rec.o
                0x00007018                FMSTR_Recorder
 .text.FMSTR_Recorder2
                0x0000703c      0x198 ./source/freemaster_driver/freemaster_rec.o
 .text.FMSTR_InitScope
                0x000071d4        0x8 ./source/freemaster_driver/freemaster_scope.o
                0x000071d4                FMSTR_InitScope
 .text.FMSTR_SetUpScope
                0x000071dc       0xf4 ./source/freemaster_driver/freemaster_scope.o
                0x000071dc                FMSTR_SetUpScope
 .text.FMSTR_ReadScope
                0x000072d0       0x8c ./source/freemaster_driver/freemaster_scope.o
                0x000072d0                FMSTR_ReadScope
 .text.FMSTR_ProcessSCI
                0x0000735c       0x98 ./source/freemaster_driver/freemaster_serial.o
                0x0000735c                FMSTR_ProcessSCI
 .text.FMSTR_Listen
                0x000073f4       0x4c ./source/freemaster_driver/freemaster_serial.o
 .text.FMSTR_SendError
                0x00007440       0x28 ./source/freemaster_driver/freemaster_serial.o
 .text.FMSTR_SendResponse
                0x00007468      0x114 ./source/freemaster_driver/freemaster_serial.o
                0x00007468                FMSTR_SendResponse
 .text.FMSTR_Tx
                0x0000757c       0x94 ./source/freemaster_driver/freemaster_serial.o
                0x0000757c                FMSTR_Tx
 .text.FMSTR_Rx
                0x00007610      0x1a4 ./source/freemaster_driver/freemaster_serial.o
                0x00007610                FMSTR_Rx
 .text.FMSTR_InitSerial
                0x000077b4       0x24 ./source/freemaster_driver/freemaster_serial.o
                0x000077b4                FMSTR_InitSerial
 .text.FMSTR_Poll
                0x000077d8        0xc ./source/freemaster_driver/freemaster_serial.o
                0x000077d8                FMSTR_Poll
 .text.TPM_GetStatusFlags
                0x000077e4       0x14 ./source/aml/tmr_aml/tpm_aml.o
 .text.TPM_ClearStatusFlags
                0x000077f8       0x18 ./source/aml/tmr_aml/tpm_aml.o
 .text.TPM_StartTimer
                0x00007810       0x38 ./source/aml/tmr_aml/tpm_aml.o
 .text.TMR_AML_UpdatePWMChnlConf
                0x00007848       0x90 ./source/aml/tmr_aml/tpm_aml.o
 .text.TMR_AML_UpdateOutCmpChnlConf
                0x000078d8       0xac ./source/aml/tmr_aml/tpm_aml.o
 .text.TMR_AML_UpdatePWMConf
                0x00007984       0xc8 ./source/aml/tmr_aml/tpm_aml.o
 .text.TMR_AML_UpdateOutCmpConf
                0x00007a4c       0xc4 ./source/aml/tmr_aml/tpm_aml.o
 .text.TMR_AML_Init
                0x00007b10      0x20c ./source/aml/tmr_aml/tpm_aml.o
                0x00007b10                TMR_AML_Init
 .text.TMR_AML_FillSdkConfig
                0x00007d1c      0x154 ./source/aml/tmr_aml/tpm_aml.o
                0x00007d1c                TMR_AML_FillSdkConfig
 .text.TMR_AML_EnableInterrupts
                0x00007e70       0x50 ./source/aml/tmr_aml/tpm_aml.o
                0x00007e70                TMR_AML_EnableInterrupts
 .text.TMR_AML_DisableInterrupts
                0x00007ec0       0x50 ./source/aml/tmr_aml/tpm_aml.o
                0x00007ec0                TMR_AML_DisableInterrupts
 .text.TMR_AML_GetEnabledInterrupts
                0x00007f10       0x48 ./source/aml/tmr_aml/tpm_aml.o
                0x00007f10                TMR_AML_GetEnabledInterrupts
 .text.TMR_AML_GetStatusFlags
                0x00007f58       0x48 ./source/aml/tmr_aml/tpm_aml.o
                0x00007f58                TMR_AML_GetStatusFlags
 .text.TMR_AML_ClearStatusFlags
                0x00007fa0       0x50 ./source/aml/tmr_aml/tpm_aml.o
                0x00007fa0                TMR_AML_ClearStatusFlags
 .text.TMR_AML_StartTimer
                0x00007ff0       0x50 ./source/aml/tmr_aml/tpm_aml.o
                0x00007ff0                TMR_AML_StartTimer
 .text.TMR_AML_ResetTimer
                0x00008040       0x40 ./source/aml/tmr_aml/tpm_aml.o
                0x00008040                TMR_AML_ResetTimer
 .text.TMR_AML_SetPeriodTicks
                0x00008080       0x70 ./source/aml/tmr_aml/tpm_aml.o
                0x00008080                TMR_AML_SetPeriodTicks
 .text.TMR_AML_GetPeriodTicks
                0x000080f0       0x48 ./source/aml/tmr_aml/tpm_aml.o
                0x000080f0                TMR_AML_GetPeriodTicks
 .text.TMR_AML_SetOffsetTicks
                0x00008138       0xdc ./source/aml/tmr_aml/tpm_aml.o
                0x00008138                TMR_AML_SetOffsetTicks
 .text.NVIC_EnableIRQ
                0x00008214       0x2c ./source/main.o
 .text.CLOCK_SetTpmClock
                0x00008240       0x38 ./source/main.o
 .text.EnableIRQ
                0x00008278       0x2c ./source/main.o
 .text.TPM0_IRQHandler
                0x000082a4       0x68 ./source/main.o
                0x000082a4                TPM0_IRQHandler
 .text.LVHB_OnActionComplete
                0x0000830c       0x10 ./source/main.o
                0x0000830c                LVHB_OnActionComplete
 .text.ProcessMoveSteps
                0x0000831c       0x54 ./source/main.o
                0x0000831c                ProcessMoveSteps
 .text.ProcessMoveContinual
                0x00008370       0x50 ./source/main.o
                0x00008370                ProcessMoveContinual
 .text.ProcessMoveMicroSteps
                0x000083c0       0x74 ./source/main.o
                0x000083c0                ProcessMoveMicroSteps
 .text.ProcessMoveMicroContinual
                0x00008434       0x70 ./source/main.o
                0x00008434                ProcessMoveMicroContinual
 .text.ProcessCmd
                0x000084a4      0x174 ./source/main.o
 .text.UpdateVariables
                0x00008618       0x30 ./source/main.o
 .text.RunApp   0x00008648       0x1c ./source/main.o
 .text.main     0x00008664       0xe4 ./source/main.o
                0x00008664                main
 .text.CLOCK_SetEr32kClock
                0x00008748       0x30 ./drivers/fsl_clock.o
 .text.CLOCK_GetLircClkFreq
                0x00008778       0x48 ./drivers/fsl_clock.o
 .text.CLOCK_GetOsc0ErClkFreq
                0x000087c0       0x4c ./drivers/fsl_clock.o
                0x000087c0                CLOCK_GetOsc0ErClkFreq
 .text.CLOCK_GetEr32kClkFreq
                0x0000880c       0x84 ./drivers/fsl_clock.o
                0x0000880c                CLOCK_GetEr32kClkFreq
 .text.CLOCK_GetFreq
                0x00008890       0xc4 ./drivers/fsl_clock.o
                0x00008890                CLOCK_GetFreq
 .text.CLOCK_SetSimConfig
                0x00008954       0x2c ./drivers/fsl_clock.o
                0x00008954                CLOCK_SetSimConfig
 .text.CLOCK_GetInternalRefClkFreq
                0x00008980       0x48 ./drivers/fsl_clock.o
                0x00008980                CLOCK_GetInternalRefClkFreq
 .text.CLOCK_GetPeriphClkFreq
                0x000089c8       0x38 ./drivers/fsl_clock.o
                0x000089c8                CLOCK_GetPeriphClkFreq
 .text.CLOCK_GetOutClkFreq
                0x00008a00       0x8c ./drivers/fsl_clock.o
                0x00008a00                CLOCK_GetOutClkFreq
 .text.CLOCK_SetMcgliteConfig
                0x00008a8c      0x128 ./drivers/fsl_clock.o
                0x00008a8c                CLOCK_SetMcgliteConfig
 .text.__assert_func
                0x00008bb4       0x28 ./drivers/fsl_common.o
                0x00008bb4                __assert_func
 .text.DMA_ClearChannelStatusFlags
                0x00008bdc       0x60 ./drivers/fsl_dma.o
 .text.DMA_HandleIRQ
                0x00008c3c       0x60 ./drivers/fsl_dma.o
                0x00008c3c                DMA_HandleIRQ
 .text.DMA0_DriverIRQHandler
                0x00008c9c       0x18 ./drivers/fsl_dma.o
                0x00008c9c                DMA0_DriverIRQHandler
 .text.DMA1_DriverIRQHandler
                0x00008cb4       0x18 ./drivers/fsl_dma.o
                0x00008cb4                DMA1_DriverIRQHandler
 .text.DMA2_DriverIRQHandler
                0x00008ccc       0x18 ./drivers/fsl_dma.o
                0x00008ccc                DMA2_DriverIRQHandler
 .text.DMA3_DriverIRQHandler
                0x00008ce4       0x18 ./drivers/fsl_dma.o
                0x00008ce4                DMA3_DriverIRQHandler
 .text.FLEXIO_CommonIRQHandler
                0x00008cfc       0x64 ./drivers/fsl_flexio.o
                0x00008cfc                FLEXIO_CommonIRQHandler
 .text.UART2_FLEXIO_DriverIRQHandler
                0x00008d60        0xc ./drivers/fsl_flexio.o
                0x00008d60                UART2_FLEXIO_DriverIRQHandler
 .text.I2C_TransferCommonIRQHandler
                0x00008d6c       0x58 ./drivers/fsl_i2c.o
 .text.I2C0_DriverIRQHandler
                0x00008dc4       0x20 ./drivers/fsl_i2c.o
                0x00008dc4                I2C0_DriverIRQHandler
 .text.I2C1_DriverIRQHandler
                0x00008de4       0x20 ./drivers/fsl_i2c.o
                0x00008de4                I2C1_DriverIRQHandler
 .text.CLOCK_EnableClock
                0x00008e04       0x34 ./drivers/fsl_lpuart.o
 .text.LPUART_GetInstance
                0x00008e38       0x58 ./drivers/fsl_lpuart.o
                0x00008e38                LPUART_GetInstance
 .text.LPUART_Init
                0x00008e90      0x2a0 ./drivers/fsl_lpuart.o
                0x00008e90                LPUART_Init
 .text.LPUART_GetDefaultConfig
                0x00009130       0x5c ./drivers/fsl_lpuart.o
                0x00009130                LPUART_GetDefaultConfig
 .text.LPUART_GetStatusFlags
                0x0000918c       0x18 ./drivers/fsl_lpuart.o
                0x0000918c                LPUART_GetStatusFlags
 .text.LPUART_ClearStatusFlags
                0x000091a4       0x88 ./drivers/fsl_lpuart.o
                0x000091a4                LPUART_ClearStatusFlags
 .text.LPUART_WriteBlocking
                0x0000922c       0x5c ./drivers/fsl_lpuart.o
                0x0000922c                LPUART_WriteBlocking
 .text.LPUART_ReadBlocking
                0x00009288       0xec ./drivers/fsl_lpuart.o
                0x00009288                LPUART_ReadBlocking
 .text.LPUART0_DriverIRQHandler
                0x00009374       0x24 ./drivers/fsl_lpuart.o
                0x00009374                LPUART0_DriverIRQHandler
 .text.LPUART1_DriverIRQHandler
                0x00009398       0x24 ./drivers/fsl_lpuart.o
                0x00009398                LPUART1_DriverIRQHandler
 .text.SPI_CommonIRQHandler
                0x000093bc       0x54 ./drivers/fsl_spi.o
 .text.SPI0_DriverIRQHandler
                0x00009410       0x3c ./drivers/fsl_spi.o
                0x00009410                SPI0_DriverIRQHandler
 .text.SPI1_DriverIRQHandler
                0x0000944c       0x3c ./drivers/fsl_spi.o
                0x0000944c                SPI1_DriverIRQHandler
 .text.CLOCK_EnableClock
                0x00009488       0x34 ./drivers/fsl_tpm.o
 .text.TPM_GetInstance
                0x000094bc       0x60 ./drivers/fsl_tpm.o
 .text.TPM_Init
                0x0000951c       0xfc ./drivers/fsl_tpm.o
                0x0000951c                TPM_Init
 .text.TPM_GetDefaultConfig
                0x00009618       0x6c ./drivers/fsl_tpm.o
                0x00009618                TPM_GetDefaultConfig
 .text.TPM_SetupPwm
                0x00009684      0x214 ./drivers/fsl_tpm.o
                0x00009684                TPM_SetupPwm
 .text.TPM_SetupInputCapture
                0x00009898       0xe0 ./drivers/fsl_tpm.o
                0x00009898                TPM_SetupInputCapture
 .text.TPM_SetupOutputCompare
                0x00009978      0x108 ./drivers/fsl_tpm.o
                0x00009978                TPM_SetupOutputCompare
 .text.TPM_EnableInterrupts
                0x00009a80       0x80 ./drivers/fsl_tpm.o
                0x00009a80                TPM_EnableInterrupts
 .text.TPM_DisableInterrupts
                0x00009b00       0x88 ./drivers/fsl_tpm.o
                0x00009b00                TPM_DisableInterrupts
 .text.TPM_GetEnabledInterrupts
                0x00009b88       0xdc ./drivers/fsl_tpm.o
                0x00009b88                TPM_GetEnabledInterrupts
 .text.CLOCK_EnableClock
                0x00009c64       0x34 ./drivers/fsl_uart.o
 .text.UART_GetInstance
                0x00009c98       0x60 ./drivers/fsl_uart.o
                0x00009c98                UART_GetInstance
 .text.UART_Init
                0x00009cf8      0x214 ./drivers/fsl_uart.o
                0x00009cf8                UART_Init
 .text.UART_GetDefaultConfig
                0x00009f0c       0x4c ./drivers/fsl_uart.o
                0x00009f0c                UART_GetDefaultConfig
 .text.UART_GetStatusFlags
                0x00009f58       0x28 ./drivers/fsl_uart.o
                0x00009f58                UART_GetStatusFlags
 .text.UART_WriteBlocking
                0x00009f80       0x3c ./drivers/fsl_uart.o
                0x00009f80                UART_WriteBlocking
 .text.UART_ReadBlocking
                0x00009fbc       0xac ./drivers/fsl_uart.o
                0x00009fbc                UART_ReadBlocking
 .text.CLOCK_SetLpuart0Clock
                0x0000a068       0x38 ./board/board.o
 .text.BOARD_InitDebugConsole
                0x0000a0a0       0x30 ./board/board.o
                0x0000a0a0                BOARD_InitDebugConsole
 .text.CLOCK_SetSimSafeDivs
                0x0000a0d0       0x1c ./board/clock_config.o
 .text.BOARD_BootClockRUN
                0x0000a0ec       0x34 ./board/clock_config.o
                0x0000a0ec                BOARD_BootClockRUN
 .text.CLOCK_EnableClock
                0x0000a120       0x34 ./board/pin_mux.o
 .text.PORT_SetPinMux
                0x0000a154       0x3c ./board/pin_mux.o
 .text.BOARD_InitPins
                0x0000a190       0x9c ./board/pin_mux.o
                0x0000a190                BOARD_InitPins
 .text.SystemInit
                0x0000a22c       0x38 ./CMSIS/system_MKL27Z644.o
                0x0000a22c                SystemInit
 .text.exit     0x0000a264       0x2c c:/freescale/kds_v3/toolchain/bin/../lib/gcc/arm-none-eabi/4.8.4/../../../../arm-none-eabi/lib/armv6-m\libg_s.a(lib_a-exit.o)
                0x0000a264                exit
 .text.__libc_init_array
                0x0000a290       0x4c c:/freescale/kds_v3/toolchain/bin/../lib/gcc/arm-none-eabi/4.8.4/../../../../arm-none-eabi/lib/armv6-m\libg_s.a(lib_a-init.o)
                0x0000a290                __libc_init_array
 .text.memset   0x0000a2dc       0x10 c:/freescale/kds_v3/toolchain/bin/../lib/gcc/arm-none-eabi/4.8.4/../../../../arm-none-eabi/lib/armv6-m\libg_s.a(lib_a-memset.o)
                0x0000a2dc                memset
 .text.strlen   0x0000a2ec        0xe c:/freescale/kds_v3/toolchain/bin/../lib/gcc/arm-none-eabi/4.8.4/../../../../arm-none-eabi/lib/armv6-m\libg_s.a(lib_a-strlen.o)
                0x0000a2ec                strlen
 *fill*         0x0000a2fa        0x2 
 .text._exit    0x0000a2fc        0x4 c:/freescale/kds_v3/toolchain/bin/../lib/gcc/arm-none-eabi/4.8.4/../../../../arm-none-eabi/lib/armv6-m\libnosys.a(_exit.o)
                0x0000a2fc                _exit
 *(.rodata)
 .rodata        0x0000a300      0x8ec ./source/lvhb/lvhb.o
 .rodata        0x0000abec       0x10 ./source/freemaster_driver/freemaster_protocol.o
 .rodata        0x0000abfc      0x2c4 ./source/aml/tmr_aml/tpm_aml.o
 .rodata        0x0000aec0       0x44 ./drivers/fsl_clock.o
 .rodata        0x0000af04       0x40 ./drivers/fsl_common.o
 .rodata        0x0000af44      0x168 ./drivers/fsl_dma.o
 .rodata        0x0000b0ac       0xb8 ./drivers/fsl_lpuart.o
 .rodata        0x0000b164       0x9c ./drivers/fsl_spi.o
 .rodata        0x0000b200       0xb0 ./drivers/fsl_tpm.o
 .rodata        0x0000b2b0       0xac ./drivers/fsl_uart.o
 .rodata        0x0000b35c       0x40 c:/freescale/kds_v3/toolchain/bin/../lib/gcc/arm-none-eabi/4.8.4/armv6-m\libgcc.a(mulsf3.o)
 .rodata        0x0000b39c       0x40 c:/freescale/kds_v3/toolchain/bin/../lib/gcc/arm-none-eabi/4.8.4/armv6-m\libgcc.a(muldf3.o)
 *(.rodata*)
 .rodata.g_gpioBases
                0x0000b3dc       0x14 ./source/lvhb/lvhb.o
 .rodata.LVHB_MICROSTEP_OFFSET_COEF
                0x0000b3f0       0x84 ./source/lvhb/lvhb.o
 .rodata.LVHB_FULLSTEP_SEQ
                0x0000b474        0x4 ./source/lvhb/lvhb.o
 .rodata.__func__.6405
                0x0000b478       0x14 ./source/lvhb/lvhb.o
 .rodata.__func__.6419
                0x0000b48c       0x18 ./source/lvhb/lvhb.o
 .rodata.__func__.6423
                0x0000b4a4        0xc ./source/lvhb/lvhb.o
 .rodata.__func__.6438
                0x0000b4b0       0x10 ./source/lvhb/lvhb.o
 .rodata.__func__.6443
                0x0000b4c0       0x14 ./source/lvhb/lvhb.o
 .rodata.__func__.6492
                0x0000b4d4       0x18 ./source/lvhb/lvhb.o
 .rodata.__func__.6498
                0x0000b4ec       0x18 ./source/lvhb/lvhb.o
 .rodata.__func__.6515
                0x0000b504       0x10 ./source/lvhb/lvhb.o
 .rodata.__func__.6521
                0x0000b514       0x14 ./source/lvhb/lvhb.o
 .rodata.__func__.6526
                0x0000b528       0x14 ./source/lvhb/lvhb.o
 .rodata.__func__.6532
                0x0000b53c       0x18 ./source/lvhb/lvhb.o
 .rodata.__func__.6536
                0x0000b554       0x1c ./source/lvhb/lvhb.o
 .rodata.__func__.6540
                0x0000b570       0x14 ./source/lvhb/lvhb.o
 .rodata.__func__.6544
                0x0000b584       0x10 ./source/lvhb/lvhb.o
 .rodata.__func__.6549
                0x0000b594       0x18 ./source/lvhb/lvhb.o
 .rodata.__func__.6557
                0x0000b5ac       0x1c ./source/lvhb/lvhb.o
 .rodata.__func__.6561
                0x0000b5c8       0x1c ./source/lvhb/lvhb.o
 .rodata.__func__.6565
                0x0000b5e4       0x14 ./source/lvhb/lvhb.o
 .rodata.__func__.6569
                0x0000b5f8       0x18 ./source/lvhb/lvhb.o
 .rodata.g_tpmBase
                0x0000b610        0xc ./source/aml/tmr_aml/tpm_aml.o
 .rodata.TMR_AML_UpdateOutCmpChnlConf
                0x0000b61c       0x18 ./source/aml/tmr_aml/tpm_aml.o
 .rodata.__func__.5924
                0x0000b634       0x1c ./source/aml/tmr_aml/tpm_aml.o
 .rodata.__func__.5935
                0x0000b650       0x20 ./source/aml/tmr_aml/tpm_aml.o
 .rodata.__func__.5952
                0x0000b670       0x18 ./source/aml/tmr_aml/tpm_aml.o
 .rodata.__func__.5964
                0x0000b688       0x1c ./source/aml/tmr_aml/tpm_aml.o
 .rodata.__func__.5977
                0x0000b6a4       0x10 ./source/aml/tmr_aml/tpm_aml.o
 .rodata.__func__.6002
                0x0000b6b4       0x18 ./source/aml/tmr_aml/tpm_aml.o
 .rodata.__func__.6011
                0x0000b6cc       0x1c ./source/aml/tmr_aml/tpm_aml.o
 .rodata.__func__.6016
                0x0000b6e8       0x1c ./source/aml/tmr_aml/tpm_aml.o
 .rodata.__func__.6020
                0x0000b704       0x20 ./source/aml/tmr_aml/tpm_aml.o
 .rodata.__func__.6024
                0x0000b724       0x18 ./source/aml/tmr_aml/tpm_aml.o
 .rodata.__func__.6029
                0x0000b73c       0x1c ./source/aml/tmr_aml/tpm_aml.o
 .rodata.__func__.6033
                0x0000b758       0x14 ./source/aml/tmr_aml/tpm_aml.o
 .rodata.__func__.6045
                0x0000b76c       0x14 ./source/aml/tmr_aml/tpm_aml.o
 .rodata.__func__.6050
                0x0000b780       0x18 ./source/aml/tmr_aml/tpm_aml.o
 .rodata.__func__.6054
                0x0000b798       0x18 ./source/aml/tmr_aml/tpm_aml.o
 .rodata.__func__.6060
                0x0000b7b0       0x18 ./source/aml/tmr_aml/tpm_aml.o
 .rodata.CMD_ARG_SIZE
                0x0000b7c8       0x10 ./source/main.o
 .rodata.ProcessCmd
                0x0000b7d8       0x20 ./source/main.o
 .rodata.CLOCK_GetFreq
                0x0000b7f8       0x50 ./drivers/fsl_clock.o
 .rodata.lircFreqs.5567
                0x0000b848        0x8 ./drivers/fsl_clock.o
 .rodata.__func__.5575
                0x0000b850       0x18 ./drivers/fsl_clock.o
 .rodata.__func__.5583
                0x0000b868       0x18 ./drivers/fsl_clock.o
 .rodata.__func__.5640
                0x0000b880       0x14 ./drivers/fsl_clock.o
 .rodata.__func__.5654
                0x0000b894       0x18 ./drivers/fsl_clock.o
 .rodata.__func__.5857
                0x0000b8ac       0x10 ./drivers/fsl_dma.o
 .rodata.__func__.5725
                0x0000b8bc       0x1c ./drivers/fsl_dma.o
 .rodata.s_lpuartBases
                0x0000b8d8        0x8 ./drivers/fsl_lpuart.o
 .rodata.s_lpuartClock
                0x0000b8e0        0x8 ./drivers/fsl_lpuart.o
 .rodata.__func__.5783
                0x0000b8e8       0x14 ./drivers/fsl_lpuart.o
 .rodata.__func__.5821
                0x0000b8fc        0xc ./drivers/fsl_lpuart.o
 .rodata.__func__.5845
                0x0000b908       0x18 ./drivers/fsl_lpuart.o
 .rodata.__func__.5891
                0x0000b920       0x18 ./drivers/fsl_lpuart.o
 .rodata.__func__.5903
                0x0000b938       0x14 ./drivers/fsl_lpuart.o
 .rodata.__func__.6013
                0x0000b94c       0x18 ./drivers/fsl_spi.o
 .rodata.__func__.6017
                0x0000b964       0x18 ./drivers/fsl_spi.o
 .rodata.s_tpmBases
                0x0000b97c        0xc ./drivers/fsl_tpm.o
 .rodata.s_tpmClocks
                0x0000b988        0xc ./drivers/fsl_tpm.o
 .rodata.__func__.5742
                0x0000b994       0x10 ./drivers/fsl_tpm.o
 .rodata.__func__.5747
                0x0000b9a4        0xc ./drivers/fsl_tpm.o
 .rodata.__func__.5754
                0x0000b9b0       0x18 ./drivers/fsl_tpm.o
 .rodata.__func__.5763
                0x0000b9c8       0x10 ./drivers/fsl_tpm.o
 .rodata.__func__.5808
                0x0000b9d8       0x18 ./drivers/fsl_tpm.o
 .rodata.__func__.5821
                0x0000b9f0       0x18 ./drivers/fsl_tpm.o
 .rodata.__func__.5851
                0x0000ba08       0x1c ./drivers/fsl_tpm.o
 .rodata.s_uartBases
                0x0000ba24        0xc ./drivers/fsl_uart.o
 .rodata.s_uartClock
                0x0000ba30        0xc ./drivers/fsl_uart.o
 .rodata.__func__.5773
                0x0000ba3c       0x14 ./drivers/fsl_uart.o
 .rodata.__func__.5789
                0x0000ba50        0xc ./drivers/fsl_uart.o
 .rodata.__func__.5804
                0x0000ba5c       0x18 ./drivers/fsl_uart.o
 .rodata.__func__.5864
                0x0000ba74       0x14 ./drivers/fsl_uart.o
 .rodata.mcgliteConfig_BOARD_BootClockRUN
                0x0000ba88        0x8 ./board/clock_config.o
                0x0000ba88                mcgliteConfig_BOARD_BootClockRUN
 .rodata.simConfig_BOARD_BootClockRUN
                0x0000ba90        0x8 ./board/clock_config.o
                0x0000ba90                simConfig_BOARD_BootClockRUN
 .rodata.str1.1
                0x0000ba98        0x2 c:/freescale/kds_v3/toolchain/bin/../lib/gcc/arm-none-eabi/4.8.4/../../../../arm-none-eabi/lib/armv6-m\libg_s.a(lib_a-impure.o)
 *fill*         0x0000ba9a        0x2 
 .rodata._global_impure_ptr
                0x0000ba9c        0x4 c:/freescale/kds_v3/toolchain/bin/../lib/gcc/arm-none-eabi/4.8.4/../../../../arm-none-eabi/lib/armv6-m\libg_s.a(lib_a-impure.o)
                0x0000ba9c                _global_impure_ptr
 *(.glue_7)
 .glue_7        0x00000000        0x0 linker stubs
 *(.glue_7t)
 .glue_7t       0x00000000        0x0 linker stubs
 *(.eh_frame)
 .eh_frame      0x0000baa0        0x0 c:/freescale/kds_v3/toolchain/bin/../lib/gcc/arm-none-eabi/4.8.4/armv6-m/crtbegin.o
 *(.init)
 .init          0x0000baa0        0x4 c:/freescale/kds_v3/toolchain/bin/../lib/gcc/arm-none-eabi/4.8.4/armv6-m/crti.o
                0x0000baa0                _init
 .init          0x0000baa4        0x8 c:/freescale/kds_v3/toolchain/bin/../lib/gcc/arm-none-eabi/4.8.4/armv6-m/crtn.o
 *(.fini)
 .fini          0x0000baac        0x4 c:/freescale/kds_v3/toolchain/bin/../lib/gcc/arm-none-eabi/4.8.4/armv6-m/crti.o
                0x0000baac                _fini
 .fini          0x0000bab0        0x8 c:/freescale/kds_v3/toolchain/bin/../lib/gcc/arm-none-eabi/4.8.4/armv6-m/crtn.o
                0x0000bab8                . = ALIGN (0x4)

.vfp11_veneer   0x0000bab8        0x0
 .vfp11_veneer  0x00000000        0x0 linker stubs

.v4_bx          0x0000bab8        0x0
 .v4_bx         0x00000000        0x0 linker stubs

.iplt           0x0000bab8        0x0
 .iplt          0x00000000        0x0 c:/freescale/kds_v3/toolchain/bin/../lib/gcc/arm-none-eabi/4.8.4/armv6-m/crtbegin.o

.ARM.extab
 *(.ARM.extab* .gnu.linkonce.armextab.*)

.ARM            0x0000bab8        0x8
                0x0000bab8                __exidx_start = .
 *(.ARM.exidx*)
 .ARM.exidx     0x0000bab8        0x8 c:/freescale/kds_v3/toolchain/bin/../lib/gcc/arm-none-eabi/4.8.4/../../../../arm-none-eabi/lib/armv6-m/crt0.o
 .ARM.exidx     0x0000bac0        0x0 c:/freescale/kds_v3/toolchain/bin/../lib/gcc/arm-none-eabi/4.8.4/armv6-m\libgcc.a(_divdi3.o)
                                  0x8 (size before relaxing)
 .ARM.exidx     0x0000bac0        0x0 c:/freescale/kds_v3/toolchain/bin/../lib/gcc/arm-none-eabi/4.8.4/armv6-m\libgcc.a(_udivdi3.o)
                                  0x8 (size before relaxing)
                0x0000bac0                __exidx_end = .

.rel.dyn        0x0000bac0        0x0
 .rel.iplt      0x00000000        0x0 c:/freescale/kds_v3/toolchain/bin/../lib/gcc/arm-none-eabi/4.8.4/armv6-m/crtbegin.o

.ctors          0x0000bac0        0x0
                0x0000bac0                __CTOR_LIST__ = .
 *crtbegin.o(.ctors)
 *crtbegin?.o(.ctors)
 *(EXCLUDE_FILE(*crtend.o *crtend?.o) .ctors)
 *(SORT(.ctors.*))
 *(.ctors)
                0x0000bac0                __CTOR_END__ = .

.dtors          0x0000bac0        0x0
                0x0000bac0                __DTOR_LIST__ = .
 *crtbegin.o(.dtors)
 *crtbegin?.o(.dtors)
 *(EXCLUDE_FILE(*crtend.o *crtend?.o) .dtors)
 *(SORT(.dtors.*))
 *(.dtors)
                0x0000bac0                __DTOR_END__ = .

.preinit_array  0x0000bac0        0x0
                0x0000bac0                PROVIDE (__preinit_array_start, .)
 *(.preinit_array*)
                0x0000bac0                PROVIDE (__preinit_array_end, .)

.init_array     0x0000bac0        0x4
                0x0000bac0                PROVIDE (__init_array_start, .)
 *(SORT(.init_array.*))
 *(.init_array*)
 .init_array    0x0000bac0        0x4 c:/freescale/kds_v3/toolchain/bin/../lib/gcc/arm-none-eabi/4.8.4/armv6-m/crtbegin.o
                0x0000bac4                PROVIDE (__init_array_end, .)

.fini_array     0x0000bac4        0x4
                0x0000bac4                PROVIDE (__fini_array_start, .)
 *(SORT(.fini_array.*))
 *(.fini_array*)
 .fini_array    0x0000bac4        0x4 c:/freescale/kds_v3/toolchain/bin/../lib/gcc/arm-none-eabi/4.8.4/armv6-m/crtbegin.o
                0x0000bac8                PROVIDE (__fini_array_end, .)
                0x0000bac8                __etext = .
                0x0000bac8                __DATA_ROM = .

.mtb            0x1ffff000        0x0
                0x1ffff000                . = ALIGN (0x8)
                0x1ffff000                _mtb_start = .
 *(.mtb_buf)
                0x1ffff000                . = ALIGN (0x8)
                0x1ffff000                _mtb_end = .

.interrupts_ram
                0x1ffff000        0x0
                0x1ffff000                . = ALIGN (0x4)
                0x1ffff000                __VECTOR_RAM__ = .
                0x1ffff000                __interrupts_ram_start__ = .
 *(.m_interrupts_ram)
                0x1ffff000                . = (. + M_VECTOR_RAM_SIZE)
                0x1ffff000                . = ALIGN (0x4)
                0x1ffff000                __interrupts_ram_end__ = .
                0x00000000                __VECTOR_RAM = DEFINED (__ram_vector_table__)?__VECTOR_RAM__:ORIGIN (m_interrupts)
                0x00000000                __RAM_VECTOR_TABLE_SIZE_BYTES = DEFINED (__ram_vector_table__)?(__interrupts_ram_end__ - __interrupts_ram_start__):0x0

.data           0x1ffff000       0x68 load address 0x0000bac8
                0x1ffff000                . = ALIGN (0x4)
                0x1ffff000                __DATA_RAM = .
                0x1ffff000                __data_start__ = .
 *(.data)
 *(.data*)
 .data.SystemCoreClock
                0x1ffff000        0x4 ./CMSIS/system_MKL27Z644.o
                0x1ffff000                SystemCoreClock
 .data.impure_data
                0x1ffff004       0x60 c:/freescale/kds_v3/toolchain/bin/../lib/gcc/arm-none-eabi/4.8.4/../../../../arm-none-eabi/lib/armv6-m\libg_s.a(lib_a-impure.o)
 *(.jcr*)
 .jcr           0x1ffff064        0x0 c:/freescale/kds_v3/toolchain/bin/../lib/gcc/arm-none-eabi/4.8.4/armv6-m/crtbegin.o
 .jcr           0x1ffff064        0x4 c:/freescale/kds_v3/toolchain/bin/../lib/gcc/arm-none-eabi/4.8.4/armv6-m/crtend.o
                0x1ffff068                . = ALIGN (0x4)
                0x1ffff068                __data_end__ = .
                0x0000bb30                __DATA_END = (__DATA_ROM + (__data_end__ - __data_start__))
                0x00010000                text_end = (ORIGIN (m_text) + 0xfbf0)
                0x00000001                ASSERT ((__DATA_END <= text_end), region m_text overflowed with text and data)

.igot.plt       0x1ffff068        0x0 load address 0x0000bb30
 .igot.plt      0x00000000        0x0 c:/freescale/kds_v3/toolchain/bin/../lib/gcc/arm-none-eabi/4.8.4/armv6-m/crtbegin.o

.bss            0x1ffff068      0x7b0 load address 0x0000bb30
                0x1ffff068                . = ALIGN (0x4)
                0x1ffff068                __START_BSS = .
                0x1ffff068                __bss_start__ = .
 *(.bss)
 .bss           0x1ffff068       0x1c c:/freescale/kds_v3/toolchain/bin/../lib/gcc/arm-none-eabi/4.8.4/armv6-m/crtbegin.o
 *(.bss*)
 .bss.s_debugConsole
                0x1ffff084       0x10 ./utilities/fsl_debug_console.o
 .bss.pcm_bNextAddrIsEx
                0x1ffff094        0x1 ./source/freemaster_driver/freemaster_Kxx.o
 .bss.pcm_nAppCmd
                0x1ffff095        0x1 ./source/freemaster_driver/freemaster_appcmd.o
 *fill*         0x1ffff096        0x2 
 .bss.pcm_pAppCmdBuff
                0x1ffff098       0x20 ./source/freemaster_driver/freemaster_appcmd.o
 .bss.pcm_nAppCmdLen
                0x1ffff0b8        0x2 ./source/freemaster_driver/freemaster_appcmd.o
 .bss.pcm_nAppCmdResult
                0x1ffff0ba        0x1 ./source/freemaster_driver/freemaster_appcmd.o
 .bss.pcm_nAppCmdResultDataLen
                0x1ffff0bb        0x1 ./source/freemaster_driver/freemaster_appcmd.o
 .bss.pcm_pAppCmdCallId
                0x1ffff0bc        0x4 ./source/freemaster_driver/freemaster_appcmd.o
 .bss.pcm_pAppCmdCallFunc
                0x1ffff0c0       0x10 ./source/freemaster_driver/freemaster_appcmd.o
 .bss.pcm_pipes
                0x1ffff0d0      0x120 ./source/freemaster_driver/freemaster_pipes.o
 .bss.pcm_nTrgVarAddr
                0x1ffff1f0        0x4 ./source/freemaster_driver/freemaster_rec.o
 .bss.pcm_nTrgVarSize
                0x1ffff1f4        0x1 ./source/freemaster_driver/freemaster_rec.o
 .bss.pcm_bTrgVarSigned
                0x1ffff1f5        0x1 ./source/freemaster_driver/freemaster_rec.o
 *fill*         0x1ffff1f6        0x2 
 .bss.pcm_uTrgThreshold
                0x1ffff1f8        0x4 ./source/freemaster_driver/freemaster_rec.o
 .bss.pcm_nRecBuffAddr
                0x1ffff1fc        0x4 ./source/freemaster_driver/freemaster_rec.o
 .bss.pcm_pCompareFunc
                0x1ffff200        0x4 ./source/freemaster_driver/freemaster_rec.o
 .bss.pcm_pOwnRecBuffer
                0x1ffff204      0x400 ./source/freemaster_driver/freemaster_rec.o
 .bss.pcm_nScopeVarCount
                0x1ffff604        0x1 ./source/freemaster_driver/freemaster_scope.o
 *fill*         0x1ffff605        0x3 
 .bss.pcm_pScopeVarAddr
                0x1ffff608       0x20 ./source/freemaster_driver/freemaster_scope.o
 .bss.pcm_pScopeVarSize
                0x1ffff628        0x8 ./source/freemaster_driver/freemaster_scope.o
 .bss.pcm_pCommBuffer
                0x1ffff630       0x40 ./source/freemaster_driver/freemaster_serial.o
 .bss.pcm_wFlags
                0x1ffff670        0x4 ./source/freemaster_driver/freemaster_serial.o
 .bss.pcm_nTxTodo
                0x1ffff674        0x1 ./source/freemaster_driver/freemaster_serial.o
 .bss.pcm_nRxTodo
                0x1ffff675        0x1 ./source/freemaster_driver/freemaster_serial.o
 *fill*         0x1ffff676        0x2 
 .bss.pcm_pTxBuff
                0x1ffff678        0x4 ./source/freemaster_driver/freemaster_serial.o
 .bss.pcm_pRxBuff
                0x1ffff67c        0x4 ./source/freemaster_driver/freemaster_serial.o
 .bss.pcm_nRxCheckSum
                0x1ffff680        0x1 ./source/freemaster_driver/freemaster_serial.o
 *fill*         0x1ffff681        0x3 
 .bss.g_tmrData
                0x1ffff684        0x4 ./source/aml/tmr_aml/tpm_aml.o
 .bss.stepper   0x1ffff688        0x8 ./source/main.o
 .bss.s_DMAHandle
                0x1ffff690       0x10 ./drivers/fsl_dma.o
 .bss.s_flexioHandle
                0x1ffff6a0        0x8 ./drivers/fsl_flexio.o
 .bss.s_flexioType
                0x1ffff6a8        0x8 ./drivers/fsl_flexio.o
 .bss.s_flexioIsr
                0x1ffff6b0        0x8 ./drivers/fsl_flexio.o
 .bss.s_i2cHandle
                0x1ffff6b8        0x8 ./drivers/fsl_i2c.o
 .bss.s_i2cMasterIsr
                0x1ffff6c0        0x4 ./drivers/fsl_i2c.o
 .bss.s_i2cSlaveIsr
                0x1ffff6c4        0x4 ./drivers/fsl_i2c.o
 .bss.s_lpuartHandle
                0x1ffff6c8        0x8 ./drivers/fsl_lpuart.o
 .bss.s_lpuartIsr
                0x1ffff6d0        0x4 ./drivers/fsl_lpuart.o
 .bss.s_spiHandle
                0x1ffff6d4        0x8 ./drivers/fsl_spi.o
 .bss.s_spiMasterIsr
                0x1ffff6dc        0x4 ./drivers/fsl_spi.o
 .bss.s_spiSlaveIsr
                0x1ffff6e0        0x4 ./drivers/fsl_spi.o
 *(m_usb_global)
 *(COMMON)
 COMMON         0x1ffff6e4       0x48 ./source/freemaster_driver/freemaster_rec.o
                0x1ffff6e4                pcm_pRecVarAddr
                0x1ffff704                pcm_wRecBuffStartIx
                0x1ffff708                pcm_dwRecEndBuffPtr
                0x1ffff70c                pcm_pRecVarSize
                0x1ffff714                pcm_wRecTotalSmps
                0x1ffff716                pcm_nRecVarCount
                0x1ffff718                pcm_wRecTimeDivCtr
                0x1ffff71a                pcm_wStoprecCountDown
                0x1ffff71c                pcm_nRecTriggerMode
                0x1ffff720                pcm_wRecFlags
                0x1ffff724                pcm_wRecTimeDiv
                0x1ffff726                pcm_wRecPostTrigger
                0x1ffff728                pcm_dwRecWritePtr
 COMMON         0x1ffff72c       0xe4 ./source/main.o
                0x1ffff72c                drvConfig
 COMMON         0x1ffff810        0x8 ./drivers/fsl_clock.o
                0x1ffff810                g_xtal32Freq
                0x1ffff814                g_xtal0Freq
                0x1ffff818                . = ALIGN (0x4)
                0x1ffff818                __bss_end__ = .
                0x1ffff818                __END_BSS = .

.heap           0x1ffff818      0x400 load address 0x0000c2e0
                0x1ffff818                . = ALIGN (0x8)
                0x1ffff818                __end__ = .
                0x1ffff818                PROVIDE (end, .)
                0x1ffff818                __HeapBase = .
                0x1ffffc18                . = (. + HEAP_SIZE)
 *fill*         0x1ffff818      0x400 
                0x1ffffc18                __HeapLimit = .
                0x1ffffc18                __heap_limit = .

.stack          0x1ffffc18      0x400 load address 0x0000c6e0
                0x1ffffc18                . = ALIGN (0x8)
                0x20000018                . = (. + STACK_SIZE)
 *fill*         0x1ffffc18      0x400 

m_usb_bdt       0x400fe000        0x0
                0x400fe000                . = ALIGN (0x200)
 *(m_usb_bdt)
                0x20003000                __StackTop = (ORIGIN (m_data) + 0x4000)
                0x20002c00                __StackLimit = (__StackTop - STACK_SIZE)
                0x20003000                PROVIDE (__stack, __StackTop)

.ARM.attributes
                0x00000000       0x28
 *(.ARM.attributes)
 .ARM.attributes
                0x00000000       0x1e c:/freescale/kds_v3/toolchain/bin/../lib/gcc/arm-none-eabi/4.8.4/armv6-m/crti.o
 .ARM.attributes
                0x0000001e       0x2c c:/freescale/kds_v3/toolchain/bin/../lib/gcc/arm-none-eabi/4.8.4/armv6-m/crtbegin.o
 .ARM.attributes
                0x0000004a       0x1b c:/freescale/kds_v3/toolchain/bin/../lib/gcc/arm-none-eabi/4.8.4/../../../../arm-none-eabi/lib/armv6-m/crt0.o
 .ARM.attributes
                0x00000065       0x32 ./utilities/fsl_debug_console.o
 .ARM.attributes
                0x00000097       0x1b ./startup/startup_MKL27Z644.o
 .ARM.attributes
                0x000000b2       0x32 ./source/lvhb/lvhb.o
 .ARM.attributes
                0x000000e4       0x32 ./source/freemaster_driver/freemaster_Kxx.o
 .ARM.attributes
                0x00000116       0x32 ./source/freemaster_driver/freemaster_appcmd.o
 .ARM.attributes
                0x00000148       0x32 ./source/freemaster_driver/freemaster_pipes.o
 .ARM.attributes
                0x0000017a       0x32 ./source/freemaster_driver/freemaster_protocol.o
 .ARM.attributes
                0x000001ac       0x32 ./source/freemaster_driver/freemaster_rec.o
 .ARM.attributes
                0x000001de       0x32 ./source/freemaster_driver/freemaster_scope.o
 .ARM.attributes
                0x00000210       0x32 ./source/freemaster_driver/freemaster_serial.o
 .ARM.attributes
                0x00000242       0x32 ./source/aml/tmr_aml/tpm_aml.o
 .ARM.attributes
                0x00000274       0x32 ./source/main.o
 .ARM.attributes
                0x000002a6       0x32 ./drivers/fsl_clock.o
 .ARM.attributes
                0x000002d8       0x32 ./drivers/fsl_common.o
 .ARM.attributes
                0x0000030a       0x32 ./drivers/fsl_dma.o
 .ARM.attributes
                0x0000033c       0x32 ./drivers/fsl_flexio.o
 .ARM.attributes
                0x0000036e       0x32 ./drivers/fsl_i2c.o
 .ARM.attributes
                0x000003a0       0x32 ./drivers/fsl_lpuart.o
 .ARM.attributes
                0x000003d2       0x32 ./drivers/fsl_spi.o
 .ARM.attributes
                0x00000404       0x32 ./drivers/fsl_tpm.o
 .ARM.attributes
                0x00000436       0x32 ./drivers/fsl_uart.o
 .ARM.attributes
                0x00000468       0x32 ./board/board.o
 .ARM.attributes
                0x0000049a       0x32 ./board/clock_config.o
 .ARM.attributes
                0x000004cc       0x32 ./board/pin_mux.o
 .ARM.attributes
                0x000004fe       0x32 ./CMSIS/system_MKL27Z644.o
 .ARM.attributes
                0x00000530       0x1e c:/freescale/kds_v3/toolchain/bin/../lib/gcc/arm-none-eabi/4.8.4/armv6-m\libgcc.a(_udivsi3.o)
 .ARM.attributes
                0x0000054e       0x1e c:/freescale/kds_v3/toolchain/bin/../lib/gcc/arm-none-eabi/4.8.4/armv6-m\libgcc.a(_divsi3.o)
 .ARM.attributes
                0x0000056c       0x1e c:/freescale/kds_v3/toolchain/bin/../lib/gcc/arm-none-eabi/4.8.4/armv6-m\libgcc.a(_dvmd_tls.o)
 .ARM.attributes
                0x0000058a       0x1e c:/freescale/kds_v3/toolchain/bin/../lib/gcc/arm-none-eabi/4.8.4/armv6-m\libgcc.a(_aeabi_uldivmod.o)
 .ARM.attributes
                0x000005a8       0x2c c:/freescale/kds_v3/toolchain/bin/../lib/gcc/arm-none-eabi/4.8.4/armv6-m\libgcc.a(_muldi3.o)
 .ARM.attributes
                0x000005d4       0x2c c:/freescale/kds_v3/toolchain/bin/../lib/gcc/arm-none-eabi/4.8.4/armv6-m\libgcc.a(_fixunssfsi.o)
 .ARM.attributes
                0x00000600       0x2c c:/freescale/kds_v3/toolchain/bin/../lib/gcc/arm-none-eabi/4.8.4/armv6-m\libgcc.a(_fixunsdfsi.o)
 .ARM.attributes
                0x0000062c       0x2c c:/freescale/kds_v3/toolchain/bin/../lib/gcc/arm-none-eabi/4.8.4/armv6-m\libgcc.a(bpabi.o)
 .ARM.attributes
                0x00000658       0x2c c:/freescale/kds_v3/toolchain/bin/../lib/gcc/arm-none-eabi/4.8.4/armv6-m\libgcc.a(mulsf3.o)
 .ARM.attributes
                0x00000684       0x2c c:/freescale/kds_v3/toolchain/bin/../lib/gcc/arm-none-eabi/4.8.4/armv6-m\libgcc.a(subsf3.o)
 .ARM.attributes
                0x000006b0       0x2c c:/freescale/kds_v3/toolchain/bin/../lib/gcc/arm-none-eabi/4.8.4/armv6-m\libgcc.a(fixsfsi.o)
 .ARM.attributes
                0x000006dc       0x2c c:/freescale/kds_v3/toolchain/bin/../lib/gcc/arm-none-eabi/4.8.4/armv6-m\libgcc.a(floatunsisf.o)
 .ARM.attributes
                0x00000708       0x2c c:/freescale/kds_v3/toolchain/bin/../lib/gcc/arm-none-eabi/4.8.4/armv6-m\libgcc.a(muldf3.o)
 .ARM.attributes
                0x00000734       0x2c c:/freescale/kds_v3/toolchain/bin/../lib/gcc/arm-none-eabi/4.8.4/armv6-m\libgcc.a(subdf3.o)
 .ARM.attributes
                0x00000760       0x2c c:/freescale/kds_v3/toolchain/bin/../lib/gcc/arm-none-eabi/4.8.4/armv6-m\libgcc.a(fixdfsi.o)
 .ARM.attributes
                0x0000078c       0x2c c:/freescale/kds_v3/toolchain/bin/../lib/gcc/arm-none-eabi/4.8.4/armv6-m\libgcc.a(floatunsidf.o)
 .ARM.attributes
                0x000007b8       0x1e c:/freescale/kds_v3/toolchain/bin/../lib/gcc/arm-none-eabi/4.8.4/armv6-m\libgcc.a(_arm_cmpdf2.o)
 .ARM.attributes
                0x000007d6       0x1e c:/freescale/kds_v3/toolchain/bin/../lib/gcc/arm-none-eabi/4.8.4/armv6-m\libgcc.a(_arm_cmpsf2.o)
 .ARM.attributes
                0x000007f4       0x1e c:/freescale/kds_v3/toolchain/bin/../lib/gcc/arm-none-eabi/4.8.4/armv6-m\libgcc.a(_clzsi2.o)
 .ARM.attributes
                0x00000812       0x2c c:/freescale/kds_v3/toolchain/bin/../lib/gcc/arm-none-eabi/4.8.4/armv6-m\libgcc.a(_divdi3.o)
 .ARM.attributes
                0x0000083e       0x2c c:/freescale/kds_v3/toolchain/bin/../lib/gcc/arm-none-eabi/4.8.4/armv6-m\libgcc.a(_udivdi3.o)
 .ARM.attributes
                0x0000086a       0x2c c:/freescale/kds_v3/toolchain/bin/../lib/gcc/arm-none-eabi/4.8.4/armv6-m\libgcc.a(eqsf2.o)
 .ARM.attributes
                0x00000896       0x2c c:/freescale/kds_v3/toolchain/bin/../lib/gcc/arm-none-eabi/4.8.4/armv6-m\libgcc.a(gesf2.o)
 .ARM.attributes
                0x000008c2       0x2c c:/freescale/kds_v3/toolchain/bin/../lib/gcc/arm-none-eabi/4.8.4/armv6-m\libgcc.a(lesf2.o)
 .ARM.attributes
                0x000008ee       0x2c c:/freescale/kds_v3/toolchain/bin/../lib/gcc/arm-none-eabi/4.8.4/armv6-m\libgcc.a(eqdf2.o)
 .ARM.attributes
                0x0000091a       0x2c c:/freescale/kds_v3/toolchain/bin/../lib/gcc/arm-none-eabi/4.8.4/armv6-m\libgcc.a(gedf2.o)
 .ARM.attributes
                0x00000946       0x2c c:/freescale/kds_v3/toolchain/bin/../lib/gcc/arm-none-eabi/4.8.4/armv6-m\libgcc.a(ledf2.o)
 .ARM.attributes
                0x00000972       0x2c c:/freescale/kds_v3/toolchain/bin/../lib/gcc/arm-none-eabi/4.8.4/../../../../arm-none-eabi/lib/armv6-m\libg_s.a(lib_a-exit.o)
 .ARM.attributes
                0x0000099e       0x2c c:/freescale/kds_v3/toolchain/bin/../lib/gcc/arm-none-eabi/4.8.4/../../../../arm-none-eabi/lib/armv6-m\libg_s.a(lib_a-impure.o)
 .ARM.attributes
                0x000009ca       0x2c c:/freescale/kds_v3/toolchain/bin/../lib/gcc/arm-none-eabi/4.8.4/../../../../arm-none-eabi/lib/armv6-m\libg_s.a(lib_a-init.o)
 .ARM.attributes
                0x000009f6       0x2c c:/freescale/kds_v3/toolchain/bin/../lib/gcc/arm-none-eabi/4.8.4/../../../../arm-none-eabi/lib/armv6-m\libg_s.a(lib_a-memset.o)
 .ARM.attributes
                0x00000a22       0x2c c:/freescale/kds_v3/toolchain/bin/../lib/gcc/arm-none-eabi/4.8.4/../../../../arm-none-eabi/lib/armv6-m\libg_s.a(lib_a-strlen.o)
 .ARM.attributes
                0x00000a4e       0x2c c:/freescale/kds_v3/toolchain/bin/../lib/gcc/arm-none-eabi/4.8.4/../../../../arm-none-eabi/lib/armv6-m\libnosys.a(_exit.o)
 .ARM.attributes
                0x00000a7a       0x2c c:/freescale/kds_v3/toolchain/bin/../lib/gcc/arm-none-eabi/4.8.4/armv6-m/crtend.o
 .ARM.attributes
                0x00000aa6       0x1e c:/freescale/kds_v3/toolchain/bin/../lib/gcc/arm-none-eabi/4.8.4/armv6-m/crtn.o
                0x00000001                ASSERT ((__StackLimit >= __HeapLimit), region m_data overflowed with stack and heap)
OUTPUT(LVHB_KL27Z_34933EVB_Stepper_FreeMASTER.elf elf32-littlearm)

.debug_info     0x00000000    0x13caf
 .debug_info    0x00000000      0xf6d ./utilities/fsl_debug_console.o
 .debug_info    0x00000f6d       0xa1 ./startup/startup_MKL27Z644.o
 .debug_info    0x0000100e     0x2647 ./source/lvhb/lvhb.o
 .debug_info    0x00003655      0x41a ./source/freemaster_driver/freemaster_Kxx.o
 .debug_info    0x00003a6f      0x447 ./source/freemaster_driver/freemaster_appcmd.o
 .debug_info    0x00003eb6     0x11c6 ./source/freemaster_driver/freemaster_pipes.o
 .debug_info    0x0000507c      0x463 ./source/freemaster_driver/freemaster_protocol.o
 .debug_info    0x000054df      0x690 ./source/freemaster_driver/freemaster_rec.o
 .debug_info    0x00005b6f      0x1a5 ./source/freemaster_driver/freemaster_scope.o
 .debug_info    0x00005d14      0x3b6 ./source/freemaster_driver/freemaster_serial.o
 .debug_info    0x000060ca     0x1316 ./source/aml/tmr_aml/tpm_aml.o
 .debug_info    0x000073e0     0x12c0 ./source/main.o
 .debug_info    0x000086a0     0x1146 ./drivers/fsl_clock.o
 .debug_info    0x000097e6      0x446 ./drivers/fsl_common.o
 .debug_info    0x00009c2c     0x1045 ./drivers/fsl_dma.o
 .debug_info    0x0000ac71      0xfdf ./drivers/fsl_flexio.o
 .debug_info    0x0000bc50     0x1b4b ./drivers/fsl_i2c.o
 .debug_info    0x0000d79b     0x165d ./drivers/fsl_lpuart.o
 .debug_info    0x0000edf8     0x15fc ./drivers/fsl_spi.o
 .debug_info    0x000103f4      0xd87 ./drivers/fsl_tpm.o
 .debug_info    0x0001117b     0x169b ./drivers/fsl_uart.o
 .debug_info    0x00012816      0x344 ./board/board.o
 .debug_info    0x00012b5a      0x827 ./board/clock_config.o
 .debug_info    0x00013381      0x566 ./board/pin_mux.o
 .debug_info    0x000138e7      0x3c8 ./CMSIS/system_MKL27Z644.o

.debug_abbrev   0x00000000     0x2e92
 .debug_abbrev  0x00000000      0x286 ./utilities/fsl_debug_console.o
 .debug_abbrev  0x00000286       0x14 ./startup/startup_MKL27Z644.o
 .debug_abbrev  0x0000029a      0x2af ./source/lvhb/lvhb.o
 .debug_abbrev  0x00000549       0xe9 ./source/freemaster_driver/freemaster_Kxx.o
 .debug_abbrev  0x00000632      0x15b ./source/freemaster_driver/freemaster_appcmd.o
 .debug_abbrev  0x0000078d      0x233 ./source/freemaster_driver/freemaster_pipes.o
 .debug_abbrev  0x000009c0       0xfb ./source/freemaster_driver/freemaster_protocol.o
 .debug_abbrev  0x00000abb      0x238 ./source/freemaster_driver/freemaster_rec.o
 .debug_abbrev  0x00000cf3       0xb6 ./source/freemaster_driver/freemaster_scope.o
 .debug_abbrev  0x00000da9      0x1a7 ./source/freemaster_driver/freemaster_serial.o
 .debug_abbrev  0x00000f50      0x20d ./source/aml/tmr_aml/tpm_aml.o
 .debug_abbrev  0x0000115d      0x257 ./source/main.o
 .debug_abbrev  0x000013b4      0x292 ./drivers/fsl_clock.o
 .debug_abbrev  0x00001646      0x222 ./drivers/fsl_common.o
 .debug_abbrev  0x00001868      0x269 ./drivers/fsl_dma.o
 .debug_abbrev  0x00001ad1      0x21a ./drivers/fsl_flexio.o
 .debug_abbrev  0x00001ceb      0x2f7 ./drivers/fsl_i2c.o
 .debug_abbrev  0x00001fe2      0x275 ./drivers/fsl_lpuart.o
 .debug_abbrev  0x00002257      0x28d ./drivers/fsl_spi.o
 .debug_abbrev  0x000024e4      0x210 ./drivers/fsl_tpm.o
 .debug_abbrev  0x000026f4      0x2bf ./drivers/fsl_uart.o
 .debug_abbrev  0x000029b3      0x109 ./board/board.o
 .debug_abbrev  0x00002abc      0x178 ./board/clock_config.o
 .debug_abbrev  0x00002c34      0x155 ./board/pin_mux.o
 .debug_abbrev  0x00002d89      0x109 ./CMSIS/system_MKL27Z644.o

.debug_aranges  0x00000000     0x1060
 .debug_aranges
                0x00000000       0xa0 ./utilities/fsl_debug_console.o
 .debug_aranges
                0x000000a0       0x20 ./startup/startup_MKL27Z644.o
 .debug_aranges
                0x000000c0      0x1c0 ./source/lvhb/lvhb.o
 .debug_aranges
                0x00000280       0x78 ./source/freemaster_driver/freemaster_Kxx.o
 .debug_aranges
                0x000002f8       0x68 ./source/freemaster_driver/freemaster_appcmd.o
 .debug_aranges
                0x00000360      0x120 ./source/freemaster_driver/freemaster_pipes.o
 .debug_aranges
                0x00000480       0x70 ./source/freemaster_driver/freemaster_protocol.o
 .debug_aranges
                0x000004f0       0xb0 ./source/freemaster_driver/freemaster_rec.o
 .debug_aranges
                0x000005a0       0x30 ./source/freemaster_driver/freemaster_scope.o
 .debug_aranges
                0x000005d0       0x58 ./source/freemaster_driver/freemaster_serial.o
 .debug_aranges
                0x00000628       0xe8 ./source/aml/tmr_aml/tpm_aml.o
 .debug_aranges
                0x00000710       0x88 ./source/main.o
 .debug_aranges
                0x00000798       0xd0 ./drivers/fsl_clock.o
 .debug_aranges
                0x00000868       0x38 ./drivers/fsl_common.o
 .debug_aranges
                0x000008a0       0xd0 ./drivers/fsl_dma.o
 .debug_aranges
                0x00000970       0xa8 ./drivers/fsl_flexio.o
 .debug_aranges
                0x00000a18      0x178 ./drivers/fsl_i2c.o
 .debug_aranges
                0x00000b90      0x120 ./drivers/fsl_lpuart.o
 .debug_aranges
                0x00000cb0      0x138 ./drivers/fsl_spi.o
 .debug_aranges
                0x00000de8       0x88 ./drivers/fsl_tpm.o
 .debug_aranges
                0x00000e70      0x120 ./drivers/fsl_uart.o
 .debug_aranges
                0x00000f90       0x28 ./board/board.o
 .debug_aranges
                0x00000fb8       0x48 ./board/clock_config.o
 .debug_aranges
                0x00001000       0x38 ./board/pin_mux.o
 .debug_aranges
                0x00001038       0x28 ./CMSIS/system_MKL27Z644.o

.debug_ranges   0x00000000      0xec0
 .debug_ranges  0x00000000       0x90 ./utilities/fsl_debug_console.o
 .debug_ranges  0x00000090      0x1b0 ./source/lvhb/lvhb.o
 .debug_ranges  0x00000240       0x68 ./source/freemaster_driver/freemaster_Kxx.o
 .debug_ranges  0x000002a8       0x58 ./source/freemaster_driver/freemaster_appcmd.o
 .debug_ranges  0x00000300      0x110 ./source/freemaster_driver/freemaster_pipes.o
 .debug_ranges  0x00000410       0x60 ./source/freemaster_driver/freemaster_protocol.o
 .debug_ranges  0x00000470       0xa0 ./source/freemaster_driver/freemaster_rec.o
 .debug_ranges  0x00000510       0x20 ./source/freemaster_driver/freemaster_scope.o
 .debug_ranges  0x00000530       0x48 ./source/freemaster_driver/freemaster_serial.o
 .debug_ranges  0x00000578       0xd8 ./source/aml/tmr_aml/tpm_aml.o
 .debug_ranges  0x00000650       0x78 ./source/main.o
 .debug_ranges  0x000006c8       0xc0 ./drivers/fsl_clock.o
 .debug_ranges  0x00000788       0x28 ./drivers/fsl_common.o
 .debug_ranges  0x000007b0       0xc0 ./drivers/fsl_dma.o
 .debug_ranges  0x00000870       0x98 ./drivers/fsl_flexio.o
 .debug_ranges  0x00000908      0x168 ./drivers/fsl_i2c.o
 .debug_ranges  0x00000a70      0x110 ./drivers/fsl_lpuart.o
 .debug_ranges  0x00000b80      0x128 ./drivers/fsl_spi.o
 .debug_ranges  0x00000ca8       0x78 ./drivers/fsl_tpm.o
 .debug_ranges  0x00000d20      0x110 ./drivers/fsl_uart.o
 .debug_ranges  0x00000e30       0x18 ./board/board.o
 .debug_ranges  0x00000e48       0x38 ./board/clock_config.o
 .debug_ranges  0x00000e80       0x28 ./board/pin_mux.o
 .debug_ranges  0x00000ea8       0x18 ./CMSIS/system_MKL27Z644.o

.debug_macro    0x00000000     0xb3ad
 .debug_macro   0x00000000      0x1ec ./utilities/fsl_debug_console.o
 .debug_macro   0x000001ec      0x820 ./utilities/fsl_debug_console.o
 .debug_macro   0x00000a0c       0x58 ./utilities/fsl_debug_console.o
 .debug_macro   0x00000a64       0x58 ./utilities/fsl_debug_console.o
 .debug_macro   0x00000abc       0x16 ./utilities/fsl_debug_console.o
 .debug_macro   0x00000ad2       0x35 ./utilities/fsl_debug_console.o
 .debug_macro   0x00000b07       0xa3 ./utilities/fsl_debug_console.o
 .debug_macro   0x00000baa       0x16 ./utilities/fsl_debug_console.o
 .debug_macro   0x00000bc0      0x10e ./utilities/fsl_debug_console.o
 .debug_macro   0x00000cce       0x7f ./utilities/fsl_debug_console.o
 .debug_macro   0x00000d4d       0x4a ./utilities/fsl_debug_console.o
 .debug_macro   0x00000d97       0x52 ./utilities/fsl_debug_console.o
 .debug_macro   0x00000de9       0x16 ./utilities/fsl_debug_console.o
 .debug_macro   0x00000dff       0x43 ./utilities/fsl_debug_console.o
 .debug_macro   0x00000e42      0x180 ./utilities/fsl_debug_console.o
 .debug_macro   0x00000fc2       0x16 ./utilities/fsl_debug_console.o
 .debug_macro   0x00000fd8       0x29 ./utilities/fsl_debug_console.o
 .debug_macro   0x00001001      0x1e1 ./utilities/fsl_debug_console.o
 .debug_macro   0x000011e2       0x16 ./utilities/fsl_debug_console.o
 .debug_macro   0x000011f8       0x22 ./utilities/fsl_debug_console.o
 .debug_macro   0x0000121a      0x20f ./utilities/fsl_debug_console.o
 .debug_macro   0x00001429      0x2a6 ./utilities/fsl_debug_console.o
 .debug_macro   0x000016cf       0x10 ./utilities/fsl_debug_console.o
 .debug_macro   0x000016df       0x35 ./utilities/fsl_debug_console.o
 .debug_macro   0x00001714       0x1f ./utilities/fsl_debug_console.o
 .debug_macro   0x00001733       0x10 ./utilities/fsl_debug_console.o
 .debug_macro   0x00001743       0x3f ./utilities/fsl_debug_console.o
 .debug_macro   0x00001782       0x3a ./utilities/fsl_debug_console.o
 .debug_macro   0x000017bc       0x26 ./utilities/fsl_debug_console.o
 .debug_macro   0x000017e2      0x329 ./utilities/fsl_debug_console.o
 .debug_macro   0x00001b0b       0x3e ./utilities/fsl_debug_console.o
 .debug_macro   0x00001b49     0x547b ./utilities/fsl_debug_console.o
 .debug_macro   0x00006fc4     0x130c ./utilities/fsl_debug_console.o
 .debug_macro   0x000082d0       0x3a ./utilities/fsl_debug_console.o
 .debug_macro   0x0000830a       0xeb ./utilities/fsl_debug_console.o
 .debug_macro   0x000083f5       0x35 ./utilities/fsl_debug_console.o
 .debug_macro   0x0000842a       0x3a ./utilities/fsl_debug_console.o
 .debug_macro   0x00008464       0x10 ./utilities/fsl_debug_console.o
 .debug_macro   0x00008474       0x10 ./utilities/fsl_debug_console.o
 .debug_macro   0x00008484      0x1eb ./source/lvhb/lvhb.o
 .debug_macro   0x0000866f       0x44 ./source/lvhb/lvhb.o
 .debug_macro   0x000086b3       0x1c ./source/lvhb/lvhb.o
 .debug_macro   0x000086cf       0x10 ./source/lvhb/lvhb.o
 .debug_macro   0x000086df       0x16 ./source/lvhb/lvhb.o
 .debug_macro   0x000086f5       0x10 ./source/lvhb/lvhb.o
 .debug_macro   0x00008705      0x15f ./source/lvhb/lvhb.o
 .debug_macro   0x00008864       0xdb ./source/freemaster_driver/freemaster_Kxx.o
 .debug_macro   0x0000893f       0x10 ./source/freemaster_driver/freemaster_Kxx.o
 .debug_macro   0x0000894f       0x34 ./source/freemaster_driver/freemaster_Kxx.o
 .debug_macro   0x00008983       0xf4 ./source/freemaster_driver/freemaster_Kxx.o
 .debug_macro   0x00008a77      0x11f ./source/freemaster_driver/freemaster_Kxx.o
 .debug_macro   0x00008b96      0x18f ./source/freemaster_driver/freemaster_Kxx.o
 .debug_macro   0x00008d25       0x34 ./source/freemaster_driver/freemaster_Kxx.o
 .debug_macro   0x00008d59       0x10 ./source/freemaster_driver/freemaster_Kxx.o
 .debug_macro   0x00008d69      0x41a ./source/freemaster_driver/freemaster_Kxx.o
 .debug_macro   0x00009183       0x43 ./source/freemaster_driver/freemaster_Kxx.o
 .debug_macro   0x000091c6       0xe4 ./source/freemaster_driver/freemaster_appcmd.o
 .debug_macro   0x000092aa      0x228 ./source/freemaster_driver/freemaster_appcmd.o
 .debug_macro   0x000094d2      0x125 ./source/freemaster_driver/freemaster_pipes.o
 .debug_macro   0x000095f7       0xe4 ./source/freemaster_driver/freemaster_protocol.o
 .debug_macro   0x000096db       0xf4 ./source/freemaster_driver/freemaster_rec.o
 .debug_macro   0x000097cf       0x10 ./source/freemaster_driver/freemaster_rec.o
 .debug_macro   0x000097df       0xe4 ./source/freemaster_driver/freemaster_scope.o
 .debug_macro   0x000098c3       0xf6 ./source/freemaster_driver/freemaster_serial.o
 .debug_macro   0x000099b9      0x1d1 ./source/aml/tmr_aml/tpm_aml.o
 .debug_macro   0x00009b8a      0x24a ./source/main.o
 .debug_macro   0x00009dd4       0x10 ./source/main.o
 .debug_macro   0x00009de4      0x100 ./source/main.o
 .debug_macro   0x00009ee4       0x22 ./source/main.o
 .debug_macro   0x00009f06       0x2e ./source/main.o
 .debug_macro   0x00009f34      0x1b7 ./drivers/fsl_clock.o
 .debug_macro   0x0000a0eb      0x18e ./drivers/fsl_common.o
 .debug_macro   0x0000a279      0x18b ./drivers/fsl_dma.o
 .debug_macro   0x0000a404      0x190 ./drivers/fsl_flexio.o
 .debug_macro   0x0000a594       0x1c ./drivers/fsl_flexio.o
 .debug_macro   0x0000a5b0      0x18a ./drivers/fsl_i2c.o
 .debug_macro   0x0000a73a       0x10 ./drivers/fsl_i2c.o
 .debug_macro   0x0000a74a      0x18b ./drivers/fsl_lpuart.o
 .debug_macro   0x0000a8d5      0x18a ./drivers/fsl_spi.o
 .debug_macro   0x0000aa5f       0x10 ./drivers/fsl_spi.o
 .debug_macro   0x0000aa6f      0x191 ./drivers/fsl_tpm.o
 .debug_macro   0x0000ac00      0x191 ./drivers/fsl_uart.o
 .debug_macro   0x0000ad91      0x1ab ./board/board.o
 .debug_macro   0x0000af3c       0x40 ./board/board.o
 .debug_macro   0x0000af7c       0x16 ./board/board.o
 .debug_macro   0x0000af92      0x1a4 ./board/clock_config.o
 .debug_macro   0x0000b136      0x1cd ./board/pin_mux.o
 .debug_macro   0x0000b303       0x10 ./board/pin_mux.o
 .debug_macro   0x0000b313       0x9a ./CMSIS/system_MKL27Z644.o

.debug_line     0x00000000     0x9638
 .debug_line    0x00000000      0x7f5 ./utilities/fsl_debug_console.o
 .debug_line    0x000007f5       0xcb ./startup/startup_MKL27Z644.o
 .debug_line    0x000008c0     0x1373 ./source/lvhb/lvhb.o
 .debug_line    0x00001c33      0x38b ./source/freemaster_driver/freemaster_Kxx.o
 .debug_line    0x00001fbe      0x3d9 ./source/freemaster_driver/freemaster_appcmd.o
 .debug_line    0x00002397      0x92e ./source/freemaster_driver/freemaster_pipes.o
 .debug_line    0x00002cc5      0x403 ./source/freemaster_driver/freemaster_protocol.o
 .debug_line    0x000030c8      0x50f ./source/freemaster_driver/freemaster_rec.o
 .debug_line    0x000035d7      0x308 ./source/freemaster_driver/freemaster_scope.o
 .debug_line    0x000038df      0x3af ./source/freemaster_driver/freemaster_serial.o
 .debug_line    0x00003c8e      0x79e ./source/aml/tmr_aml/tpm_aml.o
 .debug_line    0x0000442c      0x63d ./source/main.o
 .debug_line    0x00004a69      0x5b1 ./drivers/fsl_clock.o
 .debug_line    0x0000501a      0x3c3 ./drivers/fsl_common.o
 .debug_line    0x000053dd      0x5ef ./drivers/fsl_dma.o
 .debug_line    0x000059cc      0x549 ./drivers/fsl_flexio.o
 .debug_line    0x00005f15      0xafa ./drivers/fsl_i2c.o
 .debug_line    0x00006a0f      0x876 ./drivers/fsl_lpuart.o
 .debug_line    0x00007285      0x839 ./drivers/fsl_spi.o
 .debug_line    0x00007abe      0x5e2 ./drivers/fsl_tpm.o
 .debug_line    0x000080a0      0x871 ./drivers/fsl_uart.o
 .debug_line    0x00008911      0x389 ./board/board.o
 .debug_line    0x00008c9a      0x3bf ./board/clock_config.o
 .debug_line    0x00009059      0x3b6 ./board/pin_mux.o
 .debug_line    0x0000940f      0x229 ./CMSIS/system_MKL27Z644.o

.debug_str      0x00000000    0x44479
 .debug_str     0x00000000    0x3579e ./utilities/fsl_debug_console.o
                              0x35c79 (size before relaxing)
 .debug_str     0x0003579e     0x2bb8 ./source/lvhb/lvhb.o
                              0x37437 (size before relaxing)
 .debug_str     0x00038356     0x413d ./source/freemaster_driver/freemaster_Kxx.o
                              0x2e78f (size before relaxing)
 .debug_str     0x0003c493      0xbe6 ./source/freemaster_driver/freemaster_appcmd.o
                              0x2f1d9 (size before relaxing)
 .debug_str     0x0003d079      0x5fb ./source/freemaster_driver/freemaster_pipes.o
                              0x2f6e7 (size before relaxing)
 .debug_str     0x0003d674      0x116 ./source/freemaster_driver/freemaster_protocol.o
                              0x2f06c (size before relaxing)
 .debug_str     0x0003d78a      0x415 ./source/freemaster_driver/freemaster_rec.o
                              0x2f3a6 (size before relaxing)
 .debug_str     0x0003db9f       0x9f ./source/freemaster_driver/freemaster_scope.o
                              0x2efd4 (size before relaxing)
 .debug_str     0x0003dc3e      0x25d ./source/freemaster_driver/freemaster_serial.o
                              0x2f1a7 (size before relaxing)
 .debug_str     0x0003de9b      0x3a2 ./source/aml/tmr_aml/tpm_aml.o
                              0x35625 (size before relaxing)
 .debug_str     0x0003e23d      0xd6d ./source/main.o
                              0x3876c (size before relaxing)
 .debug_str     0x0003efaa      0xbea ./drivers/fsl_clock.o
                              0x35600 (size before relaxing)
 .debug_str     0x0003fb94      0x13c ./drivers/fsl_common.o
                              0x346a5 (size before relaxing)
 .debug_str     0x0003fcd0      0x76c ./drivers/fsl_dma.o
                              0x35382 (size before relaxing)
 .debug_str     0x0004043c     0x12cc ./drivers/fsl_flexio.o
                              0x35d1d (size before relaxing)
 .debug_str     0x00041708      0xc49 ./drivers/fsl_i2c.o
                              0x358c8 (size before relaxing)
 .debug_str     0x00042351      0x9df ./drivers/fsl_lpuart.o
                              0x35802 (size before relaxing)
 .debug_str     0x00042d30      0x92b ./drivers/fsl_spi.o
                              0x35610 (size before relaxing)
 .debug_str     0x0004365b      0x2a1 ./drivers/fsl_tpm.o
                              0x35315 (size before relaxing)
 .debug_str     0x000438fc      0x528 ./drivers/fsl_uart.o
                              0x356ea (size before relaxing)
 .debug_str     0x00043e24       0x4d ./board/board.o
                              0x34e47 (size before relaxing)
 .debug_str     0x00043e71      0x3b1 ./board/clock_config.o
                              0x34ed5 (size before relaxing)
 .debug_str     0x00044222      0x1e9 ./board/pin_mux.o
                              0x350a4 (size before relaxing)
 .debug_str     0x0004440b       0x6e ./CMSIS/system_MKL27Z644.o
                              0x3150a (size before relaxing)

.comment        0x00000000       0x70
 .comment       0x00000000       0x70 ./utilities/fsl_debug_console.o
                                 0x71 (size before relaxing)
 .comment       0x00000000       0x71 ./source/lvhb/lvhb.o
 .comment       0x00000000       0x71 ./source/freemaster_driver/freemaster_Kxx.o
 .comment       0x00000000       0x71 ./source/freemaster_driver/freemaster_appcmd.o
 .comment       0x00000000       0x71 ./source/freemaster_driver/freemaster_pipes.o
 .comment       0x00000000       0x71 ./source/freemaster_driver/freemaster_protocol.o
 .comment       0x00000000       0x71 ./source/freemaster_driver/freemaster_rec.o
 .comment       0x00000000       0x71 ./source/freemaster_driver/freemaster_scope.o
 .comment       0x00000000       0x71 ./source/freemaster_driver/freemaster_serial.o
 .comment       0x00000000       0x71 ./source/aml/tmr_aml/tpm_aml.o
 .comment       0x00000000       0x71 ./source/main.o
 .comment       0x00000000       0x71 ./drivers/fsl_clock.o
 .comment       0x00000000       0x71 ./drivers/fsl_common.o
 .comment       0x00000000       0x71 ./drivers/fsl_dma.o
 .comment       0x00000000       0x71 ./drivers/fsl_flexio.o
 .comment       0x00000000       0x71 ./drivers/fsl_i2c.o
 .comment       0x00000000       0x71 ./drivers/fsl_lpuart.o
 .comment       0x00000000       0x71 ./drivers/fsl_spi.o
 .comment       0x00000000       0x71 ./drivers/fsl_tpm.o
 .comment       0x00000000       0x71 ./drivers/fsl_uart.o
 .comment       0x00000000       0x71 ./board/board.o
 .comment       0x00000000       0x71 ./board/clock_config.o
 .comment       0x00000000       0x71 ./board/pin_mux.o
 .comment       0x00000000       0x71 ./CMSIS/system_MKL27Z644.o

.debug_frame    0x00000000     0x3df0
 .debug_frame   0x00000000      0x22c ./utilities/fsl_debug_console.o
 .debug_frame   0x0000022c      0x6e4 ./source/lvhb/lvhb.o
 .debug_frame   0x00000910      0x18c ./source/freemaster_driver/freemaster_Kxx.o
 .debug_frame   0x00000a9c      0x14c ./source/freemaster_driver/freemaster_appcmd.o
 .debug_frame   0x00000be8      0x434 ./source/freemaster_driver/freemaster_pipes.o
 .debug_frame   0x0000101c      0x16c ./source/freemaster_driver/freemaster_protocol.o
 .debug_frame   0x00001188      0x248 ./source/freemaster_driver/freemaster_rec.o
 .debug_frame   0x000013d0       0x6c ./source/freemaster_driver/freemaster_scope.o
 .debug_frame   0x0000143c      0x104 ./source/freemaster_driver/freemaster_serial.o
 .debug_frame   0x00001540      0x354 ./source/aml/tmr_aml/tpm_aml.o
 .debug_frame   0x00001894      0x1c4 ./source/main.o
 .debug_frame   0x00001a58      0x2d8 ./drivers/fsl_clock.o
 .debug_frame   0x00001d30       0x90 ./drivers/fsl_common.o
 .debug_frame   0x00001dc0      0x2e0 ./drivers/fsl_dma.o
 .debug_frame   0x000020a0      0x240 ./drivers/fsl_flexio.o
 .debug_frame   0x000022e0      0x588 ./drivers/fsl_i2c.o
 .debug_frame   0x00002868      0x428 ./drivers/fsl_lpuart.o
 .debug_frame   0x00002c90      0x488 ./drivers/fsl_spi.o
 .debug_frame   0x00003118      0x1d0 ./drivers/fsl_tpm.o
 .debug_frame   0x000032e8      0x428 ./drivers/fsl_uart.o
 .debug_frame   0x00003710       0x50 ./board/board.o
 .debug_frame   0x00003760       0xc0 ./board/clock_config.o
 .debug_frame   0x00003820       0x88 ./board/pin_mux.o
 .debug_frame   0x000038a8       0x4c ./CMSIS/system_MKL27Z644.o
 .debug_frame   0x000038f4       0x20 c:/freescale/kds_v3/toolchain/bin/../lib/gcc/arm-none-eabi/4.8.4/armv6-m\libgcc.a(_udivsi3.o)
 .debug_frame   0x00003914       0x20 c:/freescale/kds_v3/toolchain/bin/../lib/gcc/arm-none-eabi/4.8.4/armv6-m\libgcc.a(_divsi3.o)
 .debug_frame   0x00003934       0x30 c:/freescale/kds_v3/toolchain/bin/../lib/gcc/arm-none-eabi/4.8.4/armv6-m\libgcc.a(_muldi3.o)
 .debug_frame   0x00003964       0x28 c:/freescale/kds_v3/toolchain/bin/../lib/gcc/arm-none-eabi/4.8.4/armv6-m\libgcc.a(_fixunssfsi.o)
 .debug_frame   0x0000398c       0x2c c:/freescale/kds_v3/toolchain/bin/../lib/gcc/arm-none-eabi/4.8.4/armv6-m\libgcc.a(_fixunsdfsi.o)
 .debug_frame   0x000039b8       0x50 c:/freescale/kds_v3/toolchain/bin/../lib/gcc/arm-none-eabi/4.8.4/armv6-m\libgcc.a(bpabi.o)
 .debug_frame   0x00003a08       0x3c c:/freescale/kds_v3/toolchain/bin/../lib/gcc/arm-none-eabi/4.8.4/armv6-m\libgcc.a(mulsf3.o)
 .debug_frame   0x00003a44       0x30 c:/freescale/kds_v3/toolchain/bin/../lib/gcc/arm-none-eabi/4.8.4/armv6-m\libgcc.a(subsf3.o)
 .debug_frame   0x00003a74       0x20 c:/freescale/kds_v3/toolchain/bin/../lib/gcc/arm-none-eabi/4.8.4/armv6-m\libgcc.a(fixsfsi.o)