Archive member included because of file (symbol)

c:/freescale/kds_v3/toolchain/bin/../lib/gcc/arm-none-eabi/4.8.4/../../../../arm-none-eabi/lib/armv7e-m/fpu\libg_s.a(lib_a-errno.o)
                              ./utilities/fsl_sbrk.o (symbol from plugin) (__errno)
c:/freescale/kds_v3/toolchain/bin/../lib/gcc/arm-none-eabi/4.8.4/../../../../arm-none-eabi/lib/armv7e-m/fpu\libg_s.a(lib_a-exit.o)
                              c:/freescale/kds_v3/toolchain/bin/../lib/gcc/arm-none-eabi/4.8.4/../../../../arm-none-eabi/lib/armv7e-m/fpu/crt0.o (exit)
c:/freescale/kds_v3/toolchain/bin/../lib/gcc/arm-none-eabi/4.8.4/../../../../arm-none-eabi/lib/armv7e-m/fpu\libg_s.a(lib_a-impure.o)
                              c:/freescale/kds_v3/toolchain/bin/../lib/gcc/arm-none-eabi/4.8.4/../../../../arm-none-eabi/lib/armv7e-m/fpu\libg_s.a(lib_a-exit.o) (_global_impure_ptr)
c:/freescale/kds_v3/toolchain/bin/../lib/gcc/arm-none-eabi/4.8.4/../../../../arm-none-eabi/lib/armv7e-m/fpu\libg_s.a(lib_a-init.o)
                              c:/freescale/kds_v3/toolchain/bin/../lib/gcc/arm-none-eabi/4.8.4/../../../../arm-none-eabi/lib/armv7e-m/fpu/crt0.o (__libc_init_array)
c:/freescale/kds_v3/toolchain/bin/../lib/gcc/arm-none-eabi/4.8.4/../../../../arm-none-eabi/lib/armv7e-m/fpu\libg_s.a(lib_a-memset.o)
                              c:/freescale/kds_v3/toolchain/bin/../lib/gcc/arm-none-eabi/4.8.4/../../../../arm-none-eabi/lib/armv7e-m/fpu/crt0.o (memset)
c:/freescale/kds_v3/toolchain/bin/../lib/gcc/arm-none-eabi/4.8.4/../../../../arm-none-eabi/lib/armv7e-m/fpu\libnosys.a(_exit.o)
                              c:/freescale/kds_v3/toolchain/bin/../lib/gcc/arm-none-eabi/4.8.4/../../../../arm-none-eabi/lib/armv7e-m/fpu\libg_s.a(lib_a-exit.o) (_exit)
c:/freescale/kds_v3/toolchain/bin/../lib/gcc/arm-none-eabi/4.8.4/armv7e-m/fpu\libgcc.a(_arm_addsubdf3.o)
                              C:\Users\b59163\AppData\Local\Temp\cc4qusZS.ltrans22.ltrans.o (__aeabi_ui2d)
c:/freescale/kds_v3/toolchain/bin/../lib/gcc/arm-none-eabi/4.8.4/armv7e-m/fpu\libgcc.a(_arm_muldivdf3.o)
                              C:\Users\b59163\AppData\Local\Temp\cc4qusZS.ltrans22.ltrans.o (__aeabi_dmul)
c:/freescale/kds_v3/toolchain/bin/../lib/gcc/arm-none-eabi/4.8.4/armv7e-m/fpu\libgcc.a(_arm_fixunsdfsi.o)
                              C:\Users\b59163\AppData\Local\Temp\cc4qusZS.ltrans22.ltrans.o (__aeabi_d2uiz)
c:/freescale/kds_v3/toolchain/bin/../lib/gcc/arm-none-eabi/4.8.4/armv7e-m/fpu\libgcc.a(_aeabi_uldivmod.o)
                              C:\Users\b59163\AppData\Local\Temp\cc4qusZS.ltrans23.ltrans.o (__aeabi_uldivmod)
c:/freescale/kds_v3/toolchain/bin/../lib/gcc/arm-none-eabi/4.8.4/armv7e-m/fpu\libgcc.a(bpabi.o)
                              c:/freescale/kds_v3/toolchain/bin/../lib/gcc/arm-none-eabi/4.8.4/armv7e-m/fpu\libgcc.a(_aeabi_uldivmod.o) (__gnu_uldivmod_helper)
c:/freescale/kds_v3/toolchain/bin/../lib/gcc/arm-none-eabi/4.8.4/armv7e-m/fpu\libgcc.a(_dvmd_tls.o)
                              c:/freescale/kds_v3/toolchain/bin/../lib/gcc/arm-none-eabi/4.8.4/armv7e-m/fpu\libgcc.a(_aeabi_uldivmod.o) (__aeabi_ldiv0)
c:/freescale/kds_v3/toolchain/bin/../lib/gcc/arm-none-eabi/4.8.4/armv7e-m/fpu\libgcc.a(_divdi3.o)
                              c:/freescale/kds_v3/toolchain/bin/../lib/gcc/arm-none-eabi/4.8.4/armv7e-m/fpu\libgcc.a(bpabi.o) (__divdi3)
c:/freescale/kds_v3/toolchain/bin/../lib/gcc/arm-none-eabi/4.8.4/armv7e-m/fpu\libgcc.a(_udivdi3.o)
                              c:/freescale/kds_v3/toolchain/bin/../lib/gcc/arm-none-eabi/4.8.4/armv7e-m/fpu\libgcc.a(bpabi.o) (__udivdi3)
c:/freescale/kds_v3/toolchain/bin/../lib/gcc/arm-none-eabi/4.8.4/../../../../arm-none-eabi/lib/armv7e-m/fpu\libg_s.a(lib_a-memcpy-stub.o)
                              C:\Users\b59163\AppData\Local\Temp\cc4qusZS.ltrans10.ltrans.o (memcpy)
c:/freescale/kds_v3/toolchain/bin/../lib/gcc/arm-none-eabi/4.8.4/../../../../arm-none-eabi/lib/armv7e-m/fpu\libg_s.a(lib_a-memmove.o)
                              C:\Users\b59163\AppData\Local\Temp\cc4qusZS.ltrans24.ltrans.o (memmove)
c:/freescale/kds_v3/toolchain/bin/../lib/gcc/arm-none-eabi/4.8.4/../../../../arm-none-eabi/lib/armv7e-m/fpu\libg_s.a(lib_a-strlen.o)
                              C:\Users\b59163\AppData\Local\Temp\cc4qusZS.ltrans24.ltrans.o (strlen)

Discarded input sections

 .text          0x00000000        0x0 c:/freescale/kds_v3/toolchain/bin/../lib/gcc/arm-none-eabi/4.8.4/armv7e-m/fpu/crti.o
 .data          0x00000000        0x0 c:/freescale/kds_v3/toolchain/bin/../lib/gcc/arm-none-eabi/4.8.4/armv7e-m/fpu/crti.o
 .bss           0x00000000        0x0 c:/freescale/kds_v3/toolchain/bin/../lib/gcc/arm-none-eabi/4.8.4/armv7e-m/fpu/crti.o
 .data          0x00000000        0x4 c:/freescale/kds_v3/toolchain/bin/../lib/gcc/arm-none-eabi/4.8.4/armv7e-m/fpu/crtbegin.o
 .data          0x00000000        0x0 c:/freescale/kds_v3/toolchain/bin/../lib/gcc/arm-none-eabi/4.8.4/../../../../arm-none-eabi/lib/armv7e-m/fpu/crt0.o
[...]
Memory Configuration

Name             Origin             Length             Attributes
m_interrupts     0x00000000         0x00000400         xr
m_flash_config   0x00000400         0x00000010         xr
m_text           0x00000410         0x000ffbf0         xr
m_data           0x1fff0000         0x00010000         rw
m_data_2         0x20000000         0x00030000         rw
*default*        0x00000000         0xffffffff

Linker script and memory map

LOAD c:/freescale/kds_v3/toolchain/bin/../lib/gcc/arm-none-eabi/4.8.4/armv7e-m/fpu/crti.o
LOAD c:/freescale/kds_v3/toolchain/bin/../lib/gcc/arm-none-eabi/4.8.4/armv7e-m/fpu/crtbegin.o
LOAD c:/freescale/kds_v3/toolchain/bin/../lib/gcc/arm-none-eabi/4.8.4/../../../../arm-none-eabi/lib/armv7e-m/fpu/crt0.o
LOAD ./utilities/fsl_debug_console.o
LOAD C:\Users\b59163\AppData\Local\Temp\cc4qusZS.ltrans0.ltrans.o
LOAD C:\Users\b59163\AppData\Local\Temp\cc4qusZS.ltrans1.ltrans.o
LOAD C:\Users\b59163\AppData\Local\Temp\cc4qusZS.ltrans2.ltrans.o
LOAD C:\Users\b59163\AppData\Local\Temp\cc4qusZS.ltrans3.ltrans.o
LOAD C:\Users\b59163\AppData\Local\Temp\cc4qusZS.ltrans4.ltrans.o
LOAD C:\Users\b59163\AppData\Local\Temp\cc4qusZS.ltrans5.ltrans.o
LOAD C:\Users\b59163\AppData\Local\Temp\cc4qusZS.ltrans6.ltrans.o
LOAD C:\Users\b59163\AppData\Local\Temp\cc4qusZS.ltrans7.ltrans.o
LOAD C:\Users\b59163\AppData\Local\Temp\cc4qusZS.ltrans8.ltrans.o
LOAD C:\Users\b59163\AppData\Local\Temp\cc4qusZS.ltrans9.ltrans.o
LOAD C:\Users\b59163\AppData\Local\Temp\cc4qusZS.ltrans10.ltrans.o
LOAD C:\Users\b59163\AppData\Local\Temp\cc4qusZS.ltrans11.ltrans.o
LOAD C:\Users\b59163\AppData\Local\Temp\cc4qusZS.ltrans12.ltrans.o
LOAD C:\Users\b59163\AppData\Local\Temp\cc4qusZS.ltrans13.ltrans.o
LOAD C:\Users\b59163\AppData\Local\Temp\cc4qusZS.ltrans14.ltrans.o
LOAD C:\Users\b59163\AppData\Local\Temp\cc4qusZS.ltrans15.ltrans.o
LOAD C:\Users\b59163\AppData\Local\Temp\cc4qusZS.ltrans16.ltrans.o
LOAD C:\Users\b59163\AppData\Local\Temp\cc4qusZS.ltrans17.ltrans.o
LOAD C:\Users\b59163\AppData\Local\Temp\cc4qusZS.ltrans18.ltrans.o
LOAD C:\Users\b59163\AppData\Local\Temp\cc4qusZS.ltrans19.ltrans.o
LOAD C:\Users\b59163\AppData\Local\Temp\cc4qusZS.ltrans20.ltrans.o
LOAD C:\Users\b59163\AppData\Local\Temp\cc4qusZS.ltrans21.ltrans.o
LOAD C:\Users\b59163\AppData\Local\Temp\cc4qusZS.ltrans22.ltrans.o
LOAD C:\Users\b59163\AppData\Local\Temp\cc4qusZS.ltrans23.ltrans.o
LOAD C:\Users\b59163\AppData\Local\Temp\cc4qusZS.ltrans24.ltrans.o
LOAD c:/freescale/kds_v3/toolchain/bin/../lib/gcc/arm-none-eabi/4.8.4/armv7e-m/fpu\libgcc.a
LOAD c:/freescale/kds_v3/toolchain/bin/../lib/gcc/arm-none-eabi/4.8.4/../../../../arm-none-eabi/lib/armv7e-m/fpu\libg_s.a
LOAD c:/freescale/kds_v3/toolchain/bin/../lib/gcc/arm-none-eabi/4.8.4/../../../../arm-none-eabi/lib/armv7e-m/fpu\libc_s.a
LOAD c:/freescale/kds_v3/toolchain/bin/../lib/gcc/arm-none-eabi/4.8.4/armv7e-m/fpu\libgcc.a
LOAD c:/freescale/kds_v3/toolchain/bin/../lib/gcc/arm-none-eabi/4.8.4/../../../../arm-none-eabi/lib/armv7e-m/fpu\libc_s.a
LOAD c:/freescale/kds_v3/toolchain/bin/../lib/gcc/arm-none-eabi/4.8.4/../../../../arm-none-eabi/lib/armv7e-m/fpu\libnosys.a
LOAD c:/freescale/kds_v3/toolchain/bin/../lib/gcc/arm-none-eabi/4.8.4/armv7e-m/fpu\libgcc.a
LOAD c:/freescale/kds_v3/toolchain/bin/../lib/gcc/arm-none-eabi/4.8.4/../../../../arm-none-eabi/lib/armv7e-m/fpu\libc_s.a
LOAD c:/freescale/kds_v3/toolchain/bin/../lib/gcc/arm-none-eabi/4.8.4/../../../../arm-none-eabi/lib/armv7e-m/fpu\libnosys.a
LOAD ./utilities/fsl_notifier.o
LOAD ./utilities/fsl_sbrk.o
LOAD ./utilities/fsl_shell.o
LOAD ./startup/startup_MK64F12.o
LOAD ./startup/system_MK64F12.o
LOAD ./source/lvhb/lvhb.o
LOAD ./source/aml/wait_aml/wait_aml.o
LOAD ./source/aml/tmr_aml/ftm_aml.o
LOAD ./source/aml/tmr_aml/tpm_aml.o
LOAD ./source/main.o
LOAD ./drivers/fsl_adc16.o
LOAD ./drivers/fsl_clock.o
LOAD ./drivers/fsl_cmp.o
LOAD ./drivers/fsl_cmt.o
LOAD ./drivers/fsl_common.o
LOAD ./drivers/fsl_crc.o
LOAD ./drivers/fsl_dac.o
LOAD ./drivers/fsl_dmamux.o
LOAD ./drivers/fsl_dspi.o
LOAD ./drivers/fsl_dspi_edma.o
LOAD ./drivers/fsl_edma.o
LOAD ./drivers/fsl_enet.o
LOAD ./drivers/fsl_ewm.o
LOAD ./drivers/fsl_flash.o
LOAD ./drivers/fsl_flexbus.o
LOAD ./drivers/fsl_flexcan.o
LOAD ./drivers/fsl_ftm.o
LOAD ./drivers/fsl_gpio.o
LOAD ./drivers/fsl_i2c.o
LOAD ./drivers/fsl_i2c_edma.o
LOAD ./drivers/fsl_llwu.o
LOAD ./drivers/fsl_lptmr.o
LOAD ./drivers/fsl_mpu.o
LOAD ./drivers/fsl_pdb.o
LOAD ./drivers/fsl_pit.o
LOAD ./drivers/fsl_pmc.o
LOAD ./drivers/fsl_rcm.o
LOAD ./drivers/fsl_rnga.o
LOAD ./drivers/fsl_rtc.o
LOAD ./drivers/fsl_sai.o
LOAD ./drivers/fsl_sai_edma.o
LOAD ./drivers/fsl_sdhc.o
LOAD ./drivers/fsl_sim.o
LOAD ./drivers/fsl_smc.o
LOAD ./drivers/fsl_uart.o
LOAD ./drivers/fsl_uart_edma.o
LOAD ./drivers/fsl_vref.o
LOAD ./drivers/fsl_wdog.o
LOAD ./board/board.o
LOAD ./board/clock_config.o
LOAD ./board/pin_mux.o
LOAD c:/freescale/kds_v3/toolchain/bin/../lib/gcc/arm-none-eabi/4.8.4/../../../../arm-none-eabi/lib/armv7e-m/fpu\libstdc++_s.a
LOAD c:/freescale/kds_v3/toolchain/bin/../lib/gcc/arm-none-eabi/4.8.4/../../../../arm-none-eabi/lib/armv7e-m/fpu\libm.a
START GROUP
LOAD c:/freescale/kds_v3/toolchain/bin/../lib/gcc/arm-none-eabi/4.8.4/armv7e-m/fpu\libgcc.a
LOAD c:/freescale/kds_v3/toolchain/bin/../lib/gcc/arm-none-eabi/4.8.4/../../../../arm-none-eabi/lib/armv7e-m/fpu\libg_s.a
LOAD c:/freescale/kds_v3/toolchain/bin/../lib/gcc/arm-none-eabi/4.8.4/../../../../arm-none-eabi/lib/armv7e-m/fpu\libc_s.a
END GROUP
START GROUP
LOAD c:/freescale/kds_v3/toolchain/bin/../lib/gcc/arm-none-eabi/4.8.4/armv7e-m/fpu\libgcc.a
LOAD c:/freescale/kds_v3/toolchain/bin/../lib/gcc/arm-none-eabi/4.8.4/../../../../arm-none-eabi/lib/armv7e-m/fpu\libc_s.a
LOAD c:/freescale/kds_v3/toolchain/bin/../lib/gcc/arm-none-eabi/4.8.4/../../../../arm-none-eabi/lib/armv7e-m/fpu\libnosys.a
END GROUP
START GROUP
LOAD c:/freescale/kds_v3/toolchain/bin/../lib/gcc/arm-none-eabi/4.8.4/armv7e-m/fpu\libgcc.a
LOAD c:/freescale/kds_v3/toolchain/bin/../lib/gcc/arm-none-eabi/4.8.4/../../../../arm-none-eabi/lib/armv7e-m/fpu\libc_s.a
LOAD c:/freescale/kds_v3/toolchain/bin/../lib/gcc/arm-none-eabi/4.8.4/../../../../arm-none-eabi/lib/armv7e-m/fpu\libnosys.a
END GROUP
LOAD c:/freescale/kds_v3/toolchain/bin/../lib/gcc/arm-none-eabi/4.8.4/armv7e-m/fpu/crtend.o
LOAD c:/freescale/kds_v3/toolchain/bin/../lib/gcc/arm-none-eabi/4.8.4/armv7e-m/fpu/crtn.o
                0x00000400                HEAP_SIZE = DEFINED (__heap_size__)?__heap_size__:0x400
                0x00000400                STACK_SIZE = DEFINED (__stack_size__)?__stack_size__:0x400
                0x00000000                M_VECTOR_RAM_SIZE = DEFINED (__ram_vector_table__)?0x400:0x0

.interrupts     0x00000000      0x400
                0x00000000                __VECTOR_TABLE = .
                0x00000000                . = ALIGN (0x4)
 *(.isr_vector)
 .isr_vector    0x00000000      0x400 ./startup/startup_MK64F12.o
                0x00000000                __isr_vector
                0x00000400                . = ALIGN (0x4)

.flash_config   0x00000400       0x10
                0x00000400                . = ALIGN (0x4)
 *(.FlashConfig)
 .FlashConfig   0x00000400       0x10 ./startup/startup_MK64F12.o
                0x00000410                . = ALIGN (0x4)

.text           0x00000410     0x70d0
                0x00000410                . = ALIGN (0x4)
 *(.text)
 .text          0x00000410       0x54 c:/freescale/kds_v3/toolchain/bin/../lib/gcc/arm-none-eabi/4.8.4/armv7e-m/fpu/crtbegin.o
 .text          0x00000464       0x74 c:/freescale/kds_v3/toolchain/bin/../lib/gcc/arm-none-eabi/4.8.4/../../../../arm-none-eabi/lib/armv7e-m/fpu/crt0.o
                0x00000464                _start
                0x00000464                _mainCRTStartup
 .text          0x000004d8      0x1e4 ./startup/startup_MK64F12.o
                0x000004d8                Reset_Handler
                0x0000051c                DebugMon_Handler
                0x0000051c                PORTC_IRQHandler
                0x0000051c                USBDCD_IRQHandler
                0x0000051c                DMA_Error_DriverIRQHandler
                0x0000051c                UART4_ERR_DriverIRQHandler
                0x0000051c                CMP0_IRQHandler
                0x0000051c                Read_Collision_IRQHandler
                0x0000051c                WDOG_EWM_IRQHandler
                0x0000051c                ENET_Transmit_DriverIRQHandler
                0x0000051c                UART1_ERR_DriverIRQHandler
                0x0000051c                BusFault_Handler
                0x0000051c                LPTMR0_IRQHandler
                0x0000051c                PIT0_IRQHandler
                0x0000051c                FTM2_IRQHandler
                0x0000051c                CMP2_IRQHandler
                0x0000051c                LLWU_IRQHandler
                0x0000051c                PORTE_IRQHandler
                0x0000051c                FTM3_IRQHandler
                0x0000051c                ENET_1588_Timer_DriverIRQHandler
                0x0000051c                SWI_IRQHandler
                0x0000051c                ADC0_IRQHandler
                0x0000051c                UsageFault_Handler
                0x0000051c                MCM_IRQHandler
                0x0000051c                CMT_IRQHandler
                0x0000051c                DAC1_IRQHandler
                0x0000051c                PORTA_IRQHandler
                0x0000051c                DefaultISR
                0x0000051c                FTM0_IRQHandler
                0x0000051c                UART5_ERR_DriverIRQHandler
                0x0000051c                LVD_LVW_IRQHandler
                0x0000051c                CMP1_IRQHandler
                0x0000051c                Reserved71_IRQHandler
                0x0000051c                PORTD_IRQHandler
                0x0000051c                PORTB_IRQHandler
                0x0000051c                PIT1_IRQHandler
                0x0000051c                UART2_ERR_DriverIRQHandler
                0x0000051c                ADC1_IRQHandler
                0x0000051c                ENET_Error_DriverIRQHandler
                0x0000051c                PIT2_IRQHandler
                0x0000051c                DAC0_IRQHandler
                0x0000051c                ENET_Receive_DriverIRQHandler
                0x0000051c                RTC_IRQHandler
                0x0000051c                UART3_ERR_DriverIRQHandler
                0x0000051c                PDB0_IRQHandler
                0x0000051c                FTFE_IRQHandler
                0x0000051c                FTM1_IRQHandler
                0x0000051c                MemManage_Handler
                0x0000051c                RNG_IRQHandler
                0x0000051c                PIT3_IRQHandler
                0x0000051c                UART0_LON_DriverIRQHandler
                0x0000051c                RTC_Seconds_IRQHandler
                0x0000051c                MCG_IRQHandler
                0x0000051c                UART0_ERR_DriverIRQHandler
                0x0000051c                USB0_IRQHandler
                0x00000520                NMI_Handler
                0x00000524                HardFault_Handler
                0x00000528                SVC_Handler
                0x0000052c                PendSV_Handler
                0x00000530                SysTick_Handler
                0x00000534                DMA0_IRQHandler
                0x00000538                DMA1_IRQHandler
                0x0000053c                DMA2_IRQHandler
                0x00000540                DMA3_IRQHandler
                0x00000544                DMA4_IRQHandler
                0x00000548                DMA5_IRQHandler
                0x0000054c                DMA6_IRQHandler
                0x00000550                DMA7_IRQHandler
                0x00000554                DMA8_IRQHandler
                0x00000558                DMA9_IRQHandler
                0x0000055c                DMA10_IRQHandler
                0x00000560                DMA11_IRQHandler
                0x00000564                DMA12_IRQHandler
                0x00000568                DMA13_IRQHandler
                0x0000056c                DMA14_IRQHandler
                0x00000570                DMA15_IRQHandler
                0x00000574                DMA_Error_IRQHandler
                0x00000578                I2C0_IRQHandler
                0x0000057c                I2C1_IRQHandler
                0x00000580                SPI0_IRQHandler
                0x00000584                SPI1_IRQHandler
                0x00000588                I2S0_Tx_IRQHandler
                0x0000058c                I2S0_Rx_IRQHandler
                0x00000590                UART0_LON_IRQHandler
                0x00000594                UART0_RX_TX_IRQHandler
                0x00000598                UART0_ERR_IRQHandler
                0x0000059c                UART1_RX_TX_IRQHandler
                0x000005a0                UART1_ERR_IRQHandler
                0x000005a4                UART2_RX_TX_IRQHandler
                0x000005a8                UART2_ERR_IRQHandler
                0x000005ac                UART3_RX_TX_IRQHandler
                0x000005b0                UART3_ERR_IRQHandler
                0x000005b4                SPI2_IRQHandler
                0x000005b8                UART4_RX_TX_IRQHandler
                0x000005bc                UART4_ERR_IRQHandler
                0x000005c0                UART5_RX_TX_IRQHandler
                0x000005c4                UART5_ERR_IRQHandler
                0x000005c8                I2C2_IRQHandler
                0x000005cc                CAN0_ORed_Message_buffer_IRQHandler
                0x000005d0                CAN0_Bus_Off_IRQHandler
                0x000005d4                CAN0_Error_IRQHandler
                0x000005d8                CAN0_Tx_Warning_IRQHandler
                0x000005dc                CAN0_Rx_Warning_IRQHandler
                0x000005e0                CAN0_Wake_Up_IRQHandler
                0x000005e4                SDHC_IRQHandler
                0x000005e8                ENET_1588_Timer_IRQHandler
 *(.text*)
 .text.BOARD_InitDebugConsole
                0x000006bc       0x24 C:\Users\b59163\AppData\Local\Temp\cc4qusZS.ltrans0.ltrans.o
                0x000006bc                BOARD_InitDebugConsole
 .text.CLOCK_SetSimSafeDivs.12754.4074
                0x000006e0       0x20 C:\Users\b59163\AppData\Local\Temp\cc4qusZS.ltrans0.ltrans.o
 .text.CLOCK_SetXtal0Freq.12757.4071
                0x00000700       0x1c C:\Users\b59163\AppData\Local\Temp\cc4qusZS.ltrans0.ltrans.o
 .text.BOARD_BootClockRUN
                0x0000071c       0x64 C:\Users\b59163\AppData\Local\Temp\cc4qusZS.ltrans0.ltrans.o
                0x0000071c                BOARD_BootClockRUN
 .text.BOARD_InitOsc0.4048
                0x00000780       0x30 C:\Users\b59163\AppData\Local\Temp\cc4qusZS.ltrans0.ltrans.o
 .text.CLOCK_EnableClock.12861.4042
                0x000007b0       0x34 C:\Users\b59163\AppData\Local\Temp\cc4qusZS.ltrans0.ltrans.o
 .text.PORT_SetPinMux.12867.4016
                0x000007e4       0x38 C:\Users\b59163\AppData\Local\Temp\cc4qusZS.ltrans0.ltrans.o
 .text.BOARD_InitPins
                0x0000081c       0x7c C:\Users\b59163\AppData\Local\Temp\cc4qusZS.ltrans0.ltrans.o
                0x0000081c                BOARD_InitPins
 .text.UART_WriteBlocking
                0x00000898       0x3c C:\Users\b59163\AppData\Local\Temp\cc4qusZS.ltrans1.ltrans.o
                0x00000898                UART_WriteBlocking
 .text.UART_ReadBlocking
                0x000008d4       0xa0 C:\Users\b59163\AppData\Local\Temp\cc4qusZS.ltrans1.ltrans.o
                0x000008d4                UART_ReadBlocking
 .text.UART0_DriverIRQHandler.4202
                0x00000974       0x20 C:\Users\b59163\AppData\Local\Temp\cc4qusZS.ltrans1.ltrans.o
 .text.UART0_RX_TX_DriverIRQHandler
                0x00000994        0xc C:\Users\b59163\AppData\Local\Temp\cc4qusZS.ltrans1.ltrans.o
                0x00000994                UART0_RX_TX_DriverIRQHandler
 .text.UART1_DriverIRQHandler.4198
                0x000009a0       0x20 C:\Users\b59163\AppData\Local\Temp\cc4qusZS.ltrans1.ltrans.o
 .text.UART1_RX_TX_DriverIRQHandler
                0x000009c0        0xc C:\Users\b59163\AppData\Local\Temp\cc4qusZS.ltrans1.ltrans.o
                0x000009c0                UART1_RX_TX_DriverIRQHandler
 .text.UART2_DriverIRQHandler.4194
                0x000009cc       0x20 C:\Users\b59163\AppData\Local\Temp\cc4qusZS.ltrans1.ltrans.o
 .text.UART2_RX_TX_DriverIRQHandler
                0x000009ec        0xc C:\Users\b59163\AppData\Local\Temp\cc4qusZS.ltrans1.ltrans.o
                0x000009ec                UART2_RX_TX_DriverIRQHandler
 .text.UART3_DriverIRQHandler.4190
                0x000009f8       0x20 C:\Users\b59163\AppData\Local\Temp\cc4qusZS.ltrans1.ltrans.o
 .text.UART3_RX_TX_DriverIRQHandler
                0x00000a18        0xc C:\Users\b59163\AppData\Local\Temp\cc4qusZS.ltrans1.ltrans.o
                0x00000a18                UART3_RX_TX_DriverIRQHandler
 .text.UART4_DriverIRQHandler.4186
                0x00000a24       0x20 C:\Users\b59163\AppData\Local\Temp\cc4qusZS.ltrans1.ltrans.o
 .text.UART4_RX_TX_DriverIRQHandler
                0x00000a44        0xc C:\Users\b59163\AppData\Local\Temp\cc4qusZS.ltrans1.ltrans.o
                0x00000a44                UART4_RX_TX_DriverIRQHandler
 .text.UART5_DriverIRQHandler.4182
                0x00000a50       0x20 C:\Users\b59163\AppData\Local\Temp\cc4qusZS.ltrans1.ltrans.o
 .text.UART5_RX_TX_DriverIRQHandler
                0x00000a70        0xc C:\Users\b59163\AppData\Local\Temp\cc4qusZS.ltrans1.ltrans.o
                0x00000a70                UART5_RX_TX_DriverIRQHandler
 .text.SDHC_DriverIRQHandler
                0x00000a7c       0x44 C:\Users\b59163\AppData\Local\Temp\cc4qusZS.ltrans2.ltrans.o
                0x00000a7c                SDHC_DriverIRQHandler
 .text.CLOCK_EnableClock.12043.4149
                0x00000ac0       0x34 C:\Users\b59163\AppData\Local\Temp\cc4qusZS.ltrans2.ltrans.o
 .text.UART_GetInstance
                0x00000af4       0x5c C:\Users\b59163\AppData\Local\Temp\cc4qusZS.ltrans2.ltrans.o
                0x00000af4                UART_GetInstance
 .text.UART_Init
                0x00000b50      0x2d8 C:\Users\b59163\AppData\Local\Temp\cc4qusZS.ltrans2.ltrans.o
                0x00000b50                UART_Init
 .text.UART_GetDefaultConfig
                0x00000e28       0x5c C:\Users\b59163\AppData\Local\Temp\cc4qusZS.ltrans2.ltrans.o
                0x00000e28                UART_GetDefaultConfig
 .text.UART_GetStatusFlags
                0x00000e84       0x48 C:\Users\b59163\AppData\Local\Temp\cc4qusZS.ltrans2.ltrans.o
                0x00000e84                UART_GetStatusFlags
 .text.I2S0_Tx_DriverIRQHandler
                0x00000ecc       0x44 C:\Users\b59163\AppData\Local\Temp\cc4qusZS.ltrans4.ltrans.o
                0x00000ecc                I2S0_Tx_DriverIRQHandler
 .text.I2S0_Rx_DriverIRQHandler
                0x00000f10       0x44 C:\Users\b59163\AppData\Local\Temp\cc4qusZS.ltrans4.ltrans.o
                0x00000f10                I2S0_Rx_DriverIRQHandler
 .text.I2C0_DriverIRQHandler
                0x00000f54       0x1c C:\Users\b59163\AppData\Local\Temp\cc4qusZS.ltrans7.ltrans.o
                0x00000f54                I2C0_DriverIRQHandler
 .text.I2C1_DriverIRQHandler
                0x00000f70       0x1c C:\Users\b59163\AppData\Local\Temp\cc4qusZS.ltrans7.ltrans.o
                0x00000f70                I2C1_DriverIRQHandler
 .text.I2C2_DriverIRQHandler
                0x00000f8c       0x1c C:\Users\b59163\AppData\Local\Temp\cc4qusZS.ltrans7.ltrans.o
                0x00000f8c                I2C2_DriverIRQHandler
 .text.FTM_GetDefaultConfig
                0x00000fa8       0x78 C:\Users\b59163\AppData\Local\Temp\cc4qusZS.ltrans8.ltrans.o
                0x00000fa8                FTM_GetDefaultConfig
 .text.FTM_SetupPwm
                0x00001020      0x30c C:\Users\b59163\AppData\Local\Temp\cc4qusZS.ltrans8.ltrans.o
                0x00001020                FTM_SetupPwm
 .text.FTM_SetupInputCapture
                0x0000132c       0xc4 C:\Users\b59163\AppData\Local\Temp\cc4qusZS.ltrans8.ltrans.o
                0x0000132c                FTM_SetupInputCapture
 .text.FTM_SetupOutputCompare
                0x000013f0       0x9c C:\Users\b59163\AppData\Local\Temp\cc4qusZS.ltrans8.ltrans.o
                0x000013f0                FTM_SetupOutputCompare
 .text.GPIO_WritePinOutput.9591.4194
                0x0000148c       0x34 C:\Users\b59163\AppData\Local\Temp\cc4qusZS.ltrans8.ltrans.o
 .text.GPIO_PinInit
                0x000014c0       0x70 C:\Users\b59163\AppData\Local\Temp\cc4qusZS.ltrans8.ltrans.o
                0x000014c0                GPIO_PinInit
 .text.I2C_TransferCommonIRQHandler.9712
                0x00001530       0x50 C:\Users\b59163\AppData\Local\Temp\cc4qusZS.ltrans8.ltrans.o
                0x00001530                I2C_TransferCommonIRQHandler.9712
 .text.CAN0_DriverIRQHandler
                0x00001580       0x44 C:\Users\b59163\AppData\Local\Temp\cc4qusZS.ltrans9.ltrans.o
                0x00001580                CAN0_DriverIRQHandler
 .text.CLOCK_EnableClock.9372.4100
                0x000015c4       0x34 C:\Users\b59163\AppData\Local\Temp\cc4qusZS.ltrans9.ltrans.o
 .text.FTM_GetInstance.9381
                0x000015f8       0x5c C:\Users\b59163\AppData\Local\Temp\cc4qusZS.ltrans9.ltrans.o
                0x000015f8                FTM_GetInstance.9381
 .text.FTM_SetPwmSync.9415.4087
                0x00001654      0x118 C:\Users\b59163\AppData\Local\Temp\cc4qusZS.ltrans9.ltrans.o
 .text.FTM_SetReloadPoints.9419.4083
                0x0000176c      0x170 C:\Users\b59163\AppData\Local\Temp\cc4qusZS.ltrans9.ltrans.o
 .text.FTM_Init
                0x000018dc      0x100 C:\Users\b59163\AppData\Local\Temp\cc4qusZS.ltrans9.ltrans.o
                0x000018dc                FTM_Init
 .text.ENET_Transmit_IRQHandler
                0x000019dc       0x20 C:\Users\b59163\AppData\Local\Temp\cc4qusZS.ltrans11.ltrans.o
                0x000019dc                ENET_Transmit_IRQHandler
 .text.ENET_Receive_IRQHandler
                0x000019fc       0x20 C:\Users\b59163\AppData\Local\Temp\cc4qusZS.ltrans11.ltrans.o
                0x000019fc                ENET_Receive_IRQHandler
 .text.ENET_Error_IRQHandler
                0x00001a1c       0x20 C:\Users\b59163\AppData\Local\Temp\cc4qusZS.ltrans11.ltrans.o
                0x00001a1c                ENET_Error_IRQHandler
 .text.DMA0_DriverIRQHandler
                0x00001a3c       0x14 C:\Users\b59163\AppData\Local\Temp\cc4qusZS.ltrans12.ltrans.o
                0x00001a3c                DMA0_DriverIRQHandler
 .text.DMA1_DriverIRQHandler
                0x00001a50       0x14 C:\Users\b59163\AppData\Local\Temp\cc4qusZS.ltrans12.ltrans.o
                0x00001a50                DMA1_DriverIRQHandler
 .text.DMA2_DriverIRQHandler
                0x00001a64       0x14 C:\Users\b59163\AppData\Local\Temp\cc4qusZS.ltrans12.ltrans.o
                0x00001a64                DMA2_DriverIRQHandler
 .text.DMA3_DriverIRQHandler
                0x00001a78       0x14 C:\Users\b59163\AppData\Local\Temp\cc4qusZS.ltrans12.ltrans.o
                0x00001a78                DMA3_DriverIRQHandler
 .text.DMA4_DriverIRQHandler
                0x00001a8c       0x14 C:\Users\b59163\AppData\Local\Temp\cc4qusZS.ltrans12.ltrans.o
                0x00001a8c                DMA4_DriverIRQHandler
 .text.DMA5_DriverIRQHandler
                0x00001aa0       0x14 C:\Users\b59163\AppData\Local\Temp\cc4qusZS.ltrans12.ltrans.o
                0x00001aa0                DMA5_DriverIRQHandler
 .text.DMA6_DriverIRQHandler
                0x00001ab4       0x14 C:\Users\b59163\AppData\Local\Temp\cc4qusZS.ltrans12.ltrans.o
                0x00001ab4                DMA6_DriverIRQHandler
 .text.DMA7_DriverIRQHandler
                0x00001ac8       0x14 C:\Users\b59163\AppData\Local\Temp\cc4qusZS.ltrans12.ltrans.o
                0x00001ac8                DMA7_DriverIRQHandler
 .text.DMA8_DriverIRQHandler
                0x00001adc       0x14 C:\Users\b59163\AppData\Local\Temp\cc4qusZS.ltrans12.ltrans.o
                0x00001adc                DMA8_DriverIRQHandler
 .text.DMA9_DriverIRQHandler
                0x00001af0       0x14 C:\Users\b59163\AppData\Local\Temp\cc4qusZS.ltrans12.ltrans.o
                0x00001af0                DMA9_DriverIRQHandler
 .text.DMA10_DriverIRQHandler
                0x00001b04       0x14 C:\Users\b59163\AppData\Local\Temp\cc4qusZS.ltrans12.ltrans.o
                0x00001b04                DMA10_DriverIRQHandler
 .text.DMA11_DriverIRQHandler
                0x00001b18       0x14 C:\Users\b59163\AppData\Local\Temp\cc4qusZS.ltrans12.ltrans.o
                0x00001b18                DMA11_DriverIRQHandler
 .text.DMA12_DriverIRQHandler
                0x00001b2c       0x14 C:\Users\b59163\AppData\Local\Temp\cc4qusZS.ltrans12.ltrans.o
                0x00001b2c                DMA12_DriverIRQHandler
 .text.DMA13_DriverIRQHandler
                0x00001b40       0x14 C:\Users\b59163\AppData\Local\Temp\cc4qusZS.ltrans12.ltrans.o
                0x00001b40                DMA13_DriverIRQHandler
 .text.DMA14_DriverIRQHandler
                0x00001b54       0x14 C:\Users\b59163\AppData\Local\Temp\cc4qusZS.ltrans12.ltrans.o
                0x00001b54                DMA14_DriverIRQHandler
 .text.DMA15_DriverIRQHandler
                0x00001b68       0x14 C:\Users\b59163\AppData\Local\Temp\cc4qusZS.ltrans12.ltrans.o
                0x00001b68                DMA15_DriverIRQHandler
 .text.EDMA_HandleIRQ
                0x00001b7c      0x15c C:\Users\b59163\AppData\Local\Temp\cc4qusZS.ltrans13.ltrans.o
                0x00001b7c                EDMA_HandleIRQ
 .text.DSPI_CommonIRQHandler.7149.4270
                0x00001cd8       0x3c C:\Users\b59163\AppData\Local\Temp\cc4qusZS.ltrans15.ltrans.o
 .text.SPI0_DriverIRQHandler
                0x00001d14       0x3c C:\Users\b59163\AppData\Local\Temp\cc4qusZS.ltrans15.ltrans.o
                0x00001d14                SPI0_DriverIRQHandler
 .text.SPI1_DriverIRQHandler
                0x00001d50       0x3c C:\Users\b59163\AppData\Local\Temp\cc4qusZS.ltrans15.ltrans.o
                0x00001d50                SPI1_DriverIRQHandler
 .text.SPI2_DriverIRQHandler
                0x00001d8c       0x3c C:\Users\b59163\AppData\Local\Temp\cc4qusZS.ltrans15.ltrans.o
                0x00001d8c                SPI2_DriverIRQHandler
 .text.__assert_func
                0x00001dc8       0x28 C:\Users\b59163\AppData\Local\Temp\cc4qusZS.ltrans17.ltrans.o
                0x00001dc8                __assert_func
 .text.DSPI_IsMaster.6891
                0x00001df0       0x1c C:\Users\b59163\AppData\Local\Temp\cc4qusZS.ltrans17.ltrans.o
                0x00001df0                DSPI_IsMaster.6891
 .text.CLOCK_BootToPeeMode
                0x00001e0c       0x70 C:\Users\b59163\AppData\Local\Temp\cc4qusZS.ltrans18.ltrans.o
                0x00001e0c                CLOCK_BootToPeeMode
 .text.CLOCK_SetSimConfig
                0x00001e7c       0x34 C:\Users\b59163\AppData\Local\Temp\cc4qusZS.ltrans19.ltrans.o
                0x00001e7c                CLOCK_SetSimConfig
 .text.CLOCK_GetOutClkFreq
                0x00001eb0       0x64 C:\Users\b59163\AppData\Local\Temp\cc4qusZS.ltrans19.ltrans.o
                0x00001eb0                CLOCK_GetOutClkFreq
 .text.CLOCK_GetFllFreq
                0x00001f14       0x74 C:\Users\b59163\AppData\Local\Temp\cc4qusZS.ltrans19.ltrans.o
                0x00001f14                CLOCK_GetFllFreq
 .text.CLOCK_GetInternalRefClkFreq
                0x00001f88       0x24 C:\Users\b59163\AppData\Local\Temp\cc4qusZS.ltrans19.ltrans.o
                0x00001f88                CLOCK_GetInternalRefClkFreq
 .text.CLOCK_GetFixedFreqClkFreq
                0x00001fac       0x30 C:\Users\b59163\AppData\Local\Temp\cc4qusZS.ltrans19.ltrans.o
                0x00001fac                CLOCK_GetFixedFreqClkFreq
 .text.CLOCK_GetPll0Freq
                0x00001fdc       0x78 C:\Users\b59163\AppData\Local\Temp\cc4qusZS.ltrans19.ltrans.o
                0x00001fdc                CLOCK_GetPll0Freq
 .text.CLOCK_SetExternalRefClkConfig
                0x00002054       0x90 C:\Users\b59163\AppData\Local\Temp\cc4qusZS.ltrans19.ltrans.o
                0x00002054                CLOCK_SetExternalRefClkConfig
 .text.CLOCK_SetInternalRefClkConfig
                0x000020e4      0x100 C:\Users\b59163\AppData\Local\Temp\cc4qusZS.ltrans19.ltrans.o
                0x000020e4                CLOCK_SetInternalRefClkConfig
 .text.CLOCK_EnablePll0
                0x000021e4       0x90 C:\Users\b59163\AppData\Local\Temp\cc4qusZS.ltrans19.ltrans.o
                0x000021e4                CLOCK_EnablePll0
 .text.CLOCK_InitOsc0
                0x00002274       0x88 C:\Users\b59163\AppData\Local\Temp\cc4qusZS.ltrans19.ltrans.o
                0x00002274                CLOCK_InitOsc0
 .text.CLOCK_SetPbeMode
                0x000022fc       0xb0 C:\Users\b59163\AppData\Local\Temp\cc4qusZS.ltrans19.ltrans.o
                0x000022fc                CLOCK_SetPbeMode
 .text.TMR_AML_StartTimer
                0x000023ac       0x50 C:\Users\b59163\AppData\Local\Temp\cc4qusZS.ltrans20.ltrans.o
                0x000023ac                TMR_AML_StartTimer
 .text.TMR_AML_GetPeriodTicks
                0x000023fc       0x44 C:\Users\b59163\AppData\Local\Temp\cc4qusZS.ltrans20.ltrans.o
                0x000023fc                TMR_AML_GetPeriodTicks
 .text.TMR_AML_SetOffsetTicks
                0x00002440       0xf4 C:\Users\b59163\AppData\Local\Temp\cc4qusZS.ltrans20.ltrans.o
                0x00002440                TMR_AML_SetOffsetTicks
 .text.RotateProportional.5490.4325
                0x00002534       0x98 C:\Users\b59163\AppData\Local\Temp\cc4qusZS.ltrans20.ltrans.o
 .text.RotateFull.5493.4322
                0x000025cc       0x94 C:\Users\b59163\AppData\Local\Temp\cc4qusZS.ltrans20.ltrans.o
 .text.Rotate.5496.4317
                0x00002660       0x60 C:\Users\b59163\AppData\Local\Temp\cc4qusZS.ltrans20.ltrans.o
 .text.SetTriState.5503.4311
                0x000026c0       0xd4 C:\Users\b59163\AppData\Local\Temp\cc4qusZS.ltrans20.ltrans.o
 .text.StartApplication.5507.4210
                0x00002794      0x12c C:\Users\b59163\AppData\Local\Temp\cc4qusZS.ltrans20.ltrans.o
 .text.main     0x000028c0       0xc8 C:\Users\b59163\AppData\Local\Temp\cc4qusZS.ltrans20.ltrans.o
                0x000028c0                main
 .text.CLOCK_SetEr32kClock.5804
                0x00002988       0x2c C:\Users\b59163\AppData\Local\Temp\cc4qusZS.ltrans20.ltrans.o
                0x00002988                CLOCK_SetEr32kClock.5804
 .text.CLOCK_SetPllFllSelClock.5809
                0x000029b4       0x38 C:\Users\b59163\AppData\Local\Temp\cc4qusZS.ltrans20.ltrans.o
                0x000029b4                CLOCK_SetPllFllSelClock.5809
 .text.OSC_SetExtRefClkConfig.5812
                0x000029ec       0x34 C:\Users\b59163\AppData\Local\Temp\cc4qusZS.ltrans20.ltrans.o
                0x000029ec                OSC_SetExtRefClkConfig.5812
 .text.OSC_SetCapLoad.5824
                0x00002a20       0x34 C:\Users\b59163\AppData\Local\Temp\cc4qusZS.ltrans20.ltrans.o
                0x00002a20                OSC_SetCapLoad.5824
 .text.CLOCK_GetMcgExtClkFreq.5830
                0x00002a54       0x8c C:\Users\b59163\AppData\Local\Temp\cc4qusZS.ltrans20.ltrans.o
                0x00002a54                CLOCK_GetMcgExtClkFreq.5830
 .text.CLOCK_GetFllExtRefClkFreq.5832.4052
                0x00002ae0       0xc8 C:\Users\b59163\AppData\Local\Temp\cc4qusZS.ltrans20.ltrans.o
 .text.CLOCK_GetInternalRefClkSelectFreq.5834
                0x00002ba8       0x44 C:\Users\b59163\AppData\Local\Temp\cc4qusZS.ltrans20.ltrans.o
                0x00002ba8                CLOCK_GetInternalRefClkSelectFreq.5834
 .text.CLOCK_GetFllRefClkFreq.5836
                0x00002bec       0x2c C:\Users\b59163\AppData\Local\Temp\cc4qusZS.ltrans20.ltrans.o
                0x00002bec                CLOCK_GetFllRefClkFreq.5836
 .text.CLOCK_GetPll0RefFreq.5838
                0x00002c18       0x10 C:\Users\b59163\AppData\Local\Temp\cc4qusZS.ltrans20.ltrans.o
                0x00002c18                CLOCK_GetPll0RefFreq.5838
 .text.CLOCK_GetOscRangeFromFreq.5840
                0x00002c28       0x3c C:\Users\b59163\AppData\Local\Temp\cc4qusZS.ltrans20.ltrans.o
                0x00002c28                CLOCK_GetOscRangeFromFreq.5840
 .text.CLOCK_GetOsc0ErClkFreq.4037
                0x00002c64       0x48 C:\Users\b59163\AppData\Local\Temp\cc4qusZS.ltrans20.ltrans.o
 .text.CLOCK_GetEr32kClkFreq.4035
                0x00002cac       0x7c C:\Users\b59163\AppData\Local\Temp\cc4qusZS.ltrans20.ltrans.o
 .text.CLOCK_GetPllFllSelClkFreq.4033
                0x00002d28       0x50 C:\Users\b59163\AppData\Local\Temp\cc4qusZS.ltrans20.ltrans.o
 .text.CLOCK_GetCoreSysClkFreq
                0x00002d78       0x24 C:\Users\b59163\AppData\Local\Temp\cc4qusZS.ltrans20.ltrans.o
                0x00002d78                CLOCK_GetCoreSysClkFreq
 .text.CLOCK_GetFreq.4013
                0x00002d9c      0x140 C:\Users\b59163\AppData\Local\Temp\cc4qusZS.ltrans20.ltrans.o
 .text.WAIT_AML_WaitSec
                0x00002edc       0x28 C:\Users\b59163\AppData\Local\Temp\cc4qusZS.ltrans21.ltrans.o
                0x00002edc                WAIT_AML_WaitSec
 .text.WAIT_AML_WaitMs
                0x00002f04       0x44 C:\Users\b59163\AppData\Local\Temp\cc4qusZS.ltrans21.ltrans.o
                0x00002f04                WAIT_AML_WaitMs
 .text.FTM_StartTimer.5077
                0x00002f48       0x38 C:\Users\b59163\AppData\Local\Temp\cc4qusZS.ltrans21.ltrans.o
                0x00002f48                FTM_StartTimer.5077
 .text.TMR_AML_UpdatePWMChnlConf.5118.4151
                0x00002f80       0x90 C:\Users\b59163\AppData\Local\Temp\cc4qusZS.ltrans21.ltrans.o
 .text.TMR_AML_UpdateOutCmpChnlConf.5145.4146
                0x00003010       0xa0 C:\Users\b59163\AppData\Local\Temp\cc4qusZS.ltrans21.ltrans.o
 .text.TMR_AML_UpdatePWMConf.5163.4142
                0x000030b0       0xa4 C:\Users\b59163\AppData\Local\Temp\cc4qusZS.ltrans21.ltrans.o
 .text.TMR_AML_UpdateOutCmpConf.5189.4138
                0x00003154       0x90 C:\Users\b59163\AppData\Local\Temp\cc4qusZS.ltrans21.ltrans.o
 .text.TMR_AML_Init
                0x000031e4      0x224 C:\Users\b59163\AppData\Local\Temp\cc4qusZS.ltrans21.ltrans.o
                0x000031e4                TMR_AML_Init
 .text.TMR_AML_FillSdkConfig
                0x00003408      0x144 C:\Users\b59163\AppData\Local\Temp\cc4qusZS.ltrans21.ltrans.o
                0x00003408                TMR_AML_FillSdkConfig
 .text.LVHB_ConfigureGpio
                0x0000354c      0x164 C:\Users\b59163\AppData\Local\Temp\cc4qusZS.ltrans22.ltrans.o
                0x0000354c                LVHB_ConfigureGpio
 .text.LVHB_ConfigureTimer
                0x000036b0      0x22c C:\Users\b59163\AppData\Local\Temp\cc4qusZS.ltrans22.ltrans.o
                0x000036b0                LVHB_ConfigureTimer
 .text.LVHB_GetDefaultConfig
                0x000038dc       0xfc C:\Users\b59163\AppData\Local\Temp\cc4qusZS.ltrans22.ltrans.o
                0x000038dc                LVHB_GetDefaultConfig
 .text.LVHB_Init
                0x000039d8      0x354 C:\Users\b59163\AppData\Local\Temp\cc4qusZS.ltrans22.ltrans.o
                0x000039d8                LVHB_Init
 .text.LVHB_SetMode.4156
                0x00003d2c       0x8c C:\Users\b59163\AppData\Local\Temp\cc4qusZS.ltrans22.ltrans.o
 .text.LVHB_SetGateDriver.4152
                0x00003db8       0x80 C:\Users\b59163\AppData\Local\Temp\cc4qusZS.ltrans22.ltrans.o
 .text.LVHB_RotateFull
                0x00003e38      0x1f8 C:\Users\b59163\AppData\Local\Temp\cc4qusZS.ltrans22.ltrans.o
                0x00003e38                LVHB_RotateFull
 .text.LVHB_RotateProportional
                0x00004030      0x3a8 C:\Users\b59163\AppData\Local\Temp\cc4qusZS.ltrans22.ltrans.o
                0x00004030                LVHB_RotateProportional
 .text.LVHB_SetTriState
                0x000043d8      0x1b4 C:\Users\b59163\AppData\Local\Temp\cc4qusZS.ltrans22.ltrans.o
                0x000043d8                LVHB_SetTriState
 .text.LVHB_SetDirection
                0x0000458c       0xc4 C:\Users\b59163\AppData\Local\Temp\cc4qusZS.ltrans22.ltrans.o
                0x0000458c                LVHB_SetDirection
 .text.SystemInit
                0x00004650       0x3c C:\Users\b59163\AppData\Local\Temp\cc4qusZS.ltrans23.ltrans.o
                0x00004650                SystemInit
 .text.GPIO_AML_WriteOutput.4515
                0x0000468c       0x4c C:\Users\b59163\AppData\Local\Temp\cc4qusZS.ltrans23.ltrans.o
                0x0000468c                GPIO_AML_WriteOutput.4515
 .text.GPIO_AML_SetOutput.4525
                0x000046d8       0x2c C:\Users\b59163\AppData\Local\Temp\cc4qusZS.ltrans23.ltrans.o
                0x000046d8                GPIO_AML_SetOutput.4525
 .text.GPIO_AML_ClearOutput.4529
                0x00004704       0x2c C:\Users\b59163\AppData\Local\Temp\cc4qusZS.ltrans23.ltrans.o
                0x00004704                GPIO_AML_ClearOutput.4529
 .text.GPIO_AML_SetDirection.4533
                0x00004730       0x44 C:\Users\b59163\AppData\Local\Temp\cc4qusZS.ltrans23.ltrans.o
                0x00004730                GPIO_AML_SetDirection.4533
 .text.LVHB_GetPwmChCount.4544
                0x00004774       0x7c C:\Users\b59163\AppData\Local\Temp\cc4qusZS.ltrans23.ltrans.o
                0x00004774                LVHB_GetPwmChCount.4544
 .text.LVHB_SetPwm.4645
                0x000047f0      0x158 C:\Users\b59163\AppData\Local\Temp\cc4qusZS.ltrans23.ltrans.o
                0x000047f0                LVHB_SetPwm.4645
 .text.LVHB_SetZeroOut.4656
                0x00004948      0x128 C:\Users\b59163\AppData\Local\Temp\cc4qusZS.ltrans23.ltrans.o
                0x00004948                LVHB_SetZeroOut.4656
 .text.UART_EnableTx.4013.4241
                0x00004a70       0x40 C:\Users\b59163\AppData\Local\Temp\cc4qusZS.ltrans24.ltrans.o
 .text.UART_EnableRx.4058.4237
                0x00004ab0       0x40 C:\Users\b59163\AppData\Local\Temp\cc4qusZS.ltrans24.ltrans.o
 .text.DbgConsole_Init
                0x00004af0       0x8c C:\Users\b59163\AppData\Local\Temp\cc4qusZS.ltrans24.ltrans.o
                0x00004af0                DbgConsole_Init
 .text.DbgConsole_Printf
                0x00004b7c       0x40 C:\Users\b59163\AppData\Local\Temp\cc4qusZS.ltrans24.ltrans.o
                0x00004b7c                DbgConsole_Printf
 .text.DbgConsole_Putchar.4174
                0x00004bbc       0x38 C:\Users\b59163\AppData\Local\Temp\cc4qusZS.ltrans24.ltrans.o
 .text.DbgConsole_PrintfPaddingCharacter.4087.4159
                0x00004bf4       0x40 C:\Users\b59163\AppData\Local\Temp\cc4qusZS.ltrans24.ltrans.o
 .text.DbgConsole_ConvertRadixNumToString.4095.4152
                0x00004c34      0x114 C:\Users\b59163\AppData\Local\Temp\cc4qusZS.ltrans24.ltrans.o
 .text.DbgConsole_PrintfFormattedData.4102.4146
                0x00004d48      0x368 C:\Users\b59163\AppData\Local\Temp\cc4qusZS.ltrans24.ltrans.o
 .text.strlen   0x000050b0       0x10 c:/freescale/kds_v3/toolchain/bin/../lib/gcc/arm-none-eabi/4.8.4/../../../../arm-none-eabi/lib/armv7e-m/fpu\libg_s.a(lib_a-strlen.o)
                0x000050b0                strlen
 .text.exit     0x000050c0       0x28 c:/freescale/kds_v3/toolchain/bin/../lib/gcc/arm-none-eabi/4.8.4/../../../../arm-none-eabi/lib/armv7e-m/fpu\libg_s.a(lib_a-exit.o)
                0x000050c0                exit
 .text.__libc_init_array
                0x000050e8       0x4c c:/freescale/kds_v3/toolchain/bin/../lib/gcc/arm-none-eabi/4.8.4/../../../../arm-none-eabi/lib/armv7e-m/fpu\libg_s.a(lib_a-init.o)
                0x000050e8                __libc_init_array
 .text.memset   0x00005134       0x10 c:/freescale/kds_v3/toolchain/bin/../lib/gcc/arm-none-eabi/4.8.4/../../../../arm-none-eabi/lib/armv7e-m/fpu\libg_s.a(lib_a-memset.o)
                0x00005134                memset
 .text._exit    0x00005144        0x4 c:/freescale/kds_v3/toolchain/bin/../lib/gcc/arm-none-eabi/4.8.4/../../../../arm-none-eabi/lib/armv7e-m/fpu\libnosys.a(_exit.o)
                0x00005144                _exit
 *(.rodata)
 .rodata        0x00005148      0x168 C:\Users\b59163\AppData\Local\Temp\cc4qusZS.ltrans0.ltrans.o
 .rodata        0x000052b0       0x84 C:\Users\b59163\AppData\Local\Temp\cc4qusZS.ltrans1.ltrans.o
 .rodata        0x00005334      0x2e0 C:\Users\b59163\AppData\Local\Temp\cc4qusZS.ltrans2.ltrans.o
 .rodata        0x00005614       0x48 C:\Users\b59163\AppData\Local\Temp\cc4qusZS.ltrans4.ltrans.o
 .rodata        0x0000565c      0x144 C:\Users\b59163\AppData\Local\Temp\cc4qusZS.ltrans8.ltrans.o
 .rodata        0x000057a0      0x1fc C:\Users\b59163\AppData\Local\Temp\cc4qusZS.ltrans9.ltrans.o
 .rodata        0x0000599c      0x220 C:\Users\b59163\AppData\Local\Temp\cc4qusZS.ltrans13.ltrans.o
 .rodata        0x00005bbc      0x150 C:\Users\b59163\AppData\Local\Temp\cc4qusZS.ltrans15.ltrans.o
 .rodata        0x00005d0c      0x140 C:\Users\b59163\AppData\Local\Temp\cc4qusZS.ltrans17.ltrans.o
 .rodata        0x00005e4c      0x1a0 C:\Users\b59163\AppData\Local\Temp\cc4qusZS.ltrans18.ltrans.o
 .rodata        0x00005fec       0x2c C:\Users\b59163\AppData\Local\Temp\cc4qusZS.ltrans19.ltrans.o
 .rodata        0x00006018      0x500 C:\Users\b59163\AppData\Local\Temp\cc4qusZS.ltrans20.ltrans.o
 .rodata        0x00006518      0x310 C:\Users\b59163\AppData\Local\Temp\cc4qusZS.ltrans21.ltrans.o
 .rodata        0x00006828      0x7fc C:\Users\b59163\AppData\Local\Temp\cc4qusZS.ltrans22.ltrans.o
 *(.rodata*)
 .rodata.g_gpioBases.4951
                0x00007024       0x14 C:\Users\b59163\AppData\Local\Temp\cc4qusZS.ltrans0.ltrans.o
                0x00007024                g_gpioBases.4951
 .rodata.LVHB_MICROSTEP_OFFSET_COEF.4960
                0x00007038       0x84 C:\Users\b59163\AppData\Local\Temp\cc4qusZS.ltrans0.ltrans.o
                0x00007038                LVHB_MICROSTEP_OFFSET_COEF.4960
 .rodata.__func__.7482.4953
                0x000070bc       0x14 C:\Users\b59163\AppData\Local\Temp\cc4qusZS.ltrans0.ltrans.o
                0x000070bc                __func__.7482.4953
 .rodata.__func__.7487.4954
                0x000070d0       0x14 C:\Users\b59163\AppData\Local\Temp\cc4qusZS.ltrans0.ltrans.o
                0x000070d0                __func__.7487.4954
 .rodata.__func__.7501.4955
                0x000070e4       0x18 C:\Users\b59163\AppData\Local\Temp\cc4qusZS.ltrans0.ltrans.o
                0x000070e4                __func__.7501.4955
 .rodata.__func__.7505.4959
                0x000070fc        0xc C:\Users\b59163\AppData\Local\Temp\cc4qusZS.ltrans0.ltrans.o
                0x000070fc                __func__.7505.4959
 .rodata.__func__.7520.4957
                0x00007108       0x10 C:\Users\b59163\AppData\Local\Temp\cc4qusZS.ltrans0.ltrans.o
                0x00007108                __func__.7520.4957
 .rodata.__func__.7525.4958
                0x00007118       0x14 C:\Users\b59163\AppData\Local\Temp\cc4qusZS.ltrans0.ltrans.o
                0x00007118                __func__.7525.4958
 .rodata.__func__.7531.4963
                0x0000712c       0x10 C:\Users\b59163\AppData\Local\Temp\cc4qusZS.ltrans0.ltrans.o
                0x0000712c                __func__.7531.4963
 .rodata.__func__.7539.4962
                0x0000713c       0x18 C:\Users\b59163\AppData\Local\Temp\cc4qusZS.ltrans0.ltrans.o
                0x0000713c                __func__.7539.4962
 .rodata.__func__.7555.4964
                0x00007154       0x14 C:\Users\b59163\AppData\Local\Temp\cc4qusZS.ltrans0.ltrans.o
                0x00007154                __func__.7555.4964
 .rodata.__func__.7563.4965
                0x00007168       0x14 C:\Users\b59163\AppData\Local\Temp\cc4qusZS.ltrans0.ltrans.o
                0x00007168                __func__.7563.4965
 .rodata.g_ftmBase.5325
                0x0000717c       0x10 C:\Users\b59163\AppData\Local\Temp\cc4qusZS.ltrans0.ltrans.o
                0x0000717c                g_ftmBase.5325
 .rodata.__func__.7006.5320
                0x0000718c       0x1c C:\Users\b59163\AppData\Local\Temp\cc4qusZS.ltrans0.ltrans.o
                0x0000718c                __func__.7006.5320
 .rodata.__func__.7017.5321
                0x000071a8       0x20 C:\Users\b59163\AppData\Local\Temp\cc4qusZS.ltrans0.ltrans.o
                0x000071a8                __func__.7017.5321
 .rodata.__func__.7032.5322
                0x000071c8       0x18 C:\Users\b59163\AppData\Local\Temp\cc4qusZS.ltrans0.ltrans.o
                0x000071c8                __func__.7032.5322
 .rodata.__func__.7044.5323
                0x000071e0       0x1c C:\Users\b59163\AppData\Local\Temp\cc4qusZS.ltrans0.ltrans.o
                0x000071e0                __func__.7044.5323
 .rodata.__func__.7057.5324
                0x000071fc       0x10 C:\Users\b59163\AppData\Local\Temp\cc4qusZS.ltrans0.ltrans.o
                0x000071fc                __func__.7057.5324
 .rodata.__func__.7083.5331
                0x0000720c       0x18 C:\Users\b59163\AppData\Local\Temp\cc4qusZS.ltrans0.ltrans.o
                0x0000720c                __func__.7083.5331
 .rodata.__func__.7115.5338
                0x00007224       0x14 C:\Users\b59163\AppData\Local\Temp\cc4qusZS.ltrans0.ltrans.o
                0x00007224                __func__.7115.5338
 .rodata.__func__.7136.5343
                0x00007238       0x18 C:\Users\b59163\AppData\Local\Temp\cc4qusZS.ltrans0.ltrans.o
                0x00007238                __func__.7136.5343
 .rodata.__func__.7142.5344
                0x00007250       0x18 C:\Users\b59163\AppData\Local\Temp\cc4qusZS.ltrans0.ltrans.o
                0x00007250                __func__.7142.5344
 .rodata.__func__.6530.6043
                0x00007268       0x18 C:\Users\b59163\AppData\Local\Temp\cc4qusZS.ltrans0.ltrans.o
                0x00007268                __func__.6530.6043
 .rodata.__func__.6575.6047
                0x00007280       0x18 C:\Users\b59163\AppData\Local\Temp\cc4qusZS.ltrans0.ltrans.o
                0x00007280                __func__.6575.6047
 .rodata.__func__.6583.6048
                0x00007298       0x18 C:\Users\b59163\AppData\Local\Temp\cc4qusZS.ltrans0.ltrans.o
                0x00007298                __func__.6583.6048
 .rodata.fllFactorTable.6658.6049
                0x000072b0       0x10 C:\Users\b59163\AppData\Local\Temp\cc4qusZS.ltrans0.ltrans.o
                0x000072b0                fllFactorTable.6658.6049
 .rodata.__func__.6673.6052
                0x000072c0       0x14 C:\Users\b59163\AppData\Local\Temp\cc4qusZS.ltrans0.ltrans.o
                0x000072c0                __func__.6673.6052
 .rodata.__func__.6721.6053
                0x000072d4       0x14 C:\Users\b59163\AppData\Local\Temp\cc4qusZS.ltrans0.ltrans.o
                0x000072d4                __func__.6721.6053
 .rodata.__func__.6857.6055
                0x000072e8       0x14 C:\Users\b59163\AppData\Local\Temp\cc4qusZS.ltrans0.ltrans.o
                0x000072e8                __func__.6857.6055
 .rodata.__func__.6921.6056
                0x000072fc       0x14 C:\Users\b59163\AppData\Local\Temp\cc4qusZS.ltrans0.ltrans.o
                0x000072fc                __func__.6921.6056
 .rodata.__func__.7196.7197
                0x00007310       0x18 C:\Users\b59163\AppData\Local\Temp\cc4qusZS.ltrans0.ltrans.o
                0x00007310                __func__.7196.7197
 .rodata.__func__.7200.7198
                0x00007328       0x18 C:\Users\b59163\AppData\Local\Temp\cc4qusZS.ltrans0.ltrans.o
                0x00007328                __func__.7200.7198
 .rodata.__func__.7204.7199
                0x00007340       0x18 C:\Users\b59163\AppData\Local\Temp\cc4qusZS.ltrans0.ltrans.o
                0x00007340                __func__.7204.7199
 .rodata.__func__.7008.7972
                0x00007358       0x10 C:\Users\b59163\AppData\Local\Temp\cc4qusZS.ltrans0.ltrans.o
                0x00007358                __func__.7008.7972
 .rodata.__func__.7073.9320
                0x00007368       0x18 C:\Users\b59163\AppData\Local\Temp\cc4qusZS.ltrans0.ltrans.o
                0x00007368                __func__.7073.9320
 .rodata.s_ftmBases.9568
                0x00007380       0x10 C:\Users\b59163\AppData\Local\Temp\cc4qusZS.ltrans0.ltrans.o
                0x00007380                s_ftmBases.9568
 .rodata.s_ftmClocks.9571
                0x00007390       0x10 C:\Users\b59163\AppData\Local\Temp\cc4qusZS.ltrans0.ltrans.o
                0x00007390                s_ftmClocks.9571
 .rodata.__func__.6823.9569
                0x000073a0       0x10 C:\Users\b59163\AppData\Local\Temp\cc4qusZS.ltrans0.ltrans.o
                0x000073a0                __func__.6823.9569
 .rodata.__func__.6847.9570
                0x000073b0        0xc C:\Users\b59163\AppData\Local\Temp\cc4qusZS.ltrans0.ltrans.o
                0x000073b0                __func__.6847.9570
 .rodata.__func__.6855.9572
                0x000073bc       0x18 C:\Users\b59163\AppData\Local\Temp\cc4qusZS.ltrans0.ltrans.o
                0x000073bc                __func__.6855.9572
 .rodata.__func__.6864.9573
                0x000073d4       0x10 C:\Users\b59163\AppData\Local\Temp\cc4qusZS.ltrans0.ltrans.o
                0x000073d4                __func__.6864.9573
 .rodata.__func__.6554.9634
                0x000073e4       0x10 C:\Users\b59163\AppData\Local\Temp\cc4qusZS.ltrans0.ltrans.o
                0x000073e4                __func__.6554.9634
 .rodata.__func__.7057.11138
                0x000073f4       0x1c C:\Users\b59163\AppData\Local\Temp\cc4qusZS.ltrans0.ltrans.o
                0x000073f4                __func__.7057.11138
 .rodata.__func__.7061.11139
                0x00007410       0x1c C:\Users\b59163\AppData\Local\Temp\cc4qusZS.ltrans0.ltrans.o
                0x00007410                __func__.7061.11139
 .rodata.__func__.7245.11824
                0x0000742c       0x18 C:\Users\b59163\AppData\Local\Temp\cc4qusZS.ltrans0.ltrans.o
                0x0000742c                __func__.7245.11824
 .rodata.s_uartBases.12279
                0x00007444       0x18 C:\Users\b59163\AppData\Local\Temp\cc4qusZS.ltrans0.ltrans.o
                0x00007444                s_uartBases.12279
 .rodata.s_uartClock.12284
                0x0000745c       0x18 C:\Users\b59163\AppData\Local\Temp\cc4qusZS.ltrans0.ltrans.o
                0x0000745c                s_uartClock.12284
 .rodata.__func__.6729.12280
                0x00007474       0x14 C:\Users\b59163\AppData\Local\Temp\cc4qusZS.ltrans0.ltrans.o
                0x00007474                __func__.6729.12280
 .rodata.__func__.6745.12283
                0x00007488        0xc C:\Users\b59163\AppData\Local\Temp\cc4qusZS.ltrans0.ltrans.o
                0x00007488                __func__.6745.12283
 .rodata.__func__.6763.12285
                0x00007494       0x18 C:\Users\b59163\AppData\Local\Temp\cc4qusZS.ltrans0.ltrans.o
                0x00007494                __func__.6763.12285
 .rodata.__func__.6823.12288
                0x000074ac       0x14 C:\Users\b59163\AppData\Local\Temp\cc4qusZS.ltrans0.ltrans.o
                0x000074ac                __func__.6823.12288
 .rodata.str1.1
                0x000074c0        0x2 c:/freescale/kds_v3/toolchain/bin/../lib/gcc/arm-none-eabi/4.8.4/../../../../arm-none-eabi/lib/armv7e-m/fpu\libg_s.a(lib_a-impure.o)
 *fill*         0x000074c2        0x2 
 .rodata._global_impure_ptr
                0x000074c4        0x4 c:/freescale/kds_v3/toolchain/bin/../lib/gcc/arm-none-eabi/4.8.4/../../../../arm-none-eabi/lib/armv7e-m/fpu\libg_s.a(lib_a-impure.o)
                0x000074c4                _global_impure_ptr
 *(.glue_7)
 .glue_7        0x00000000        0x0 linker stubs
 *(.glue_7t)
 .glue_7t       0x00000000        0x0 linker stubs
 *(.eh_frame)
 .eh_frame      0x000074c8        0x0 c:/freescale/kds_v3/toolchain/bin/../lib/gcc/arm-none-eabi/4.8.4/armv7e-m/fpu/crtbegin.o
 *(.init)
 .init          0x000074c8        0x4 c:/freescale/kds_v3/toolchain/bin/../lib/gcc/arm-none-eabi/4.8.4/armv7e-m/fpu/crti.o
                0x000074c8                _init
 .init          0x000074cc        0x8 c:/freescale/kds_v3/toolchain/bin/../lib/gcc/arm-none-eabi/4.8.4/armv7e-m/fpu/crtn.o
 *(.fini)
 .fini          0x000074d4        0x4 c:/freescale/kds_v3/toolchain/bin/../lib/gcc/arm-none-eabi/4.8.4/armv7e-m/fpu/crti.o
                0x000074d4                _fini
 .fini          0x000074d8        0x8 c:/freescale/kds_v3/toolchain/bin/../lib/gcc/arm-none-eabi/4.8.4/armv7e-m/fpu/crtn.o
                0x000074e0                . = ALIGN (0x4)

.vfp11_veneer   0x000074e0        0x0
 .vfp11_veneer  0x00000000        0x0 linker stubs

.v4_bx          0x000074e0        0x0
 .v4_bx         0x00000000        0x0 linker stubs

.iplt           0x000074e0        0x0
 .iplt          0x00000000        0x0 c:/freescale/kds_v3/toolchain/bin/../lib/gcc/arm-none-eabi/4.8.4/armv7e-m/fpu/crtbegin.o

.ARM.extab
 *(.ARM.extab* .gnu.linkonce.armextab.*)

.ARM            0x000074e0        0x8
                0x000074e0                __exidx_start = .
 *(.ARM.exidx*)
 .ARM.exidx     0x000074e0        0x8 c:/freescale/kds_v3/toolchain/bin/../lib/gcc/arm-none-eabi/4.8.4/../../../../arm-none-eabi/lib/armv7e-m/fpu/crt0.o
                0x000074e8                __exidx_end = .

.rel.dyn        0x000074e8        0x0
 .rel.iplt      0x00000000        0x0 c:/freescale/kds_v3/toolchain/bin/../lib/gcc/arm-none-eabi/4.8.4/armv7e-m/fpu/crtbegin.o

.ctors          0x000074e8        0x0
                0x000074e8                __CTOR_LIST__ = .
 *crtbegin.o(.ctors)
 *crtbegin?.o(.ctors)
 *(EXCLUDE_FILE(*crtend.o *crtend?.o) .ctors)
 *(SORT(.ctors.*))
 *(.ctors)
                0x000074e8                __CTOR_END__ = .

.dtors          0x000074e8        0x0
                0x000074e8                __DTOR_LIST__ = .
 *crtbegin.o(.dtors)
 *crtbegin?.o(.dtors)
 *(EXCLUDE_FILE(*crtend.o *crtend?.o) .dtors)
 *(SORT(.dtors.*))
 *(.dtors)
                0x000074e8                __DTOR_END__ = .

.preinit_array  0x000074e8        0x0
                0x000074e8                PROVIDE (__preinit_array_start, .)
 *(.preinit_array*)
                0x000074e8                PROVIDE (__preinit_array_end, .)

.init_array     0x000074e8        0x4
                0x000074e8                PROVIDE (__init_array_start, .)
 *(SORT(.init_array.*))
 *(.init_array*)
 .init_array    0x000074e8        0x4 c:/freescale/kds_v3/toolchain/bin/../lib/gcc/arm-none-eabi/4.8.4/armv7e-m/fpu/crtbegin.o
                0x000074ec                PROVIDE (__init_array_end, .)

.fini_array     0x000074ec        0x4
                0x000074ec                PROVIDE (__fini_array_start, .)
 *(SORT(.fini_array.*))
 *(.fini_array*)
 .fini_array    0x000074ec        0x4 c:/freescale/kds_v3/toolchain/bin/../lib/gcc/arm-none-eabi/4.8.4/armv7e-m/fpu/crtbegin.o
                0x000074f0                PROVIDE (__fini_array_end, .)
                0x000074f0                __etext = .
                0x000074f0                __DATA_ROM = .

.interrupts_ram
                0x1fff0000        0x0
                0x1fff0000                . = ALIGN (0x4)
                0x1fff0000                __VECTOR_RAM__ = .
                0x1fff0000                __interrupts_ram_start__ = .
 *(.m_interrupts_ram)
                0x1fff0000                . = (. + M_VECTOR_RAM_SIZE)
                0x1fff0000                . = ALIGN (0x4)
                0x1fff0000                __interrupts_ram_end__ = .
                0x00000000                __VECTOR_RAM = DEFINED (__ram_vector_table__)?__VECTOR_RAM__:ORIGIN (m_interrupts)
                0x00000000                __RAM_VECTOR_TABLE_SIZE_BYTES = DEFINED (__ram_vector_table__)?(__interrupts_ram_end__ - __interrupts_ram_start__):0x0

.data           0x1fff0000       0x70 load address 0x000074f0
                0x1fff0000                . = ALIGN (0x4)
                0x1fff0000                __DATA_RAM = .
                0x1fff0000                __data_start__ = .
 *(.data)
 *(.data*)
 .data.SystemCoreClock
                0x1fff0000        0x4 C:\Users\b59163\AppData\Local\Temp\cc4qusZS.ltrans0.ltrans.o
                0x1fff0000                SystemCoreClock
 .data.s_slowIrcFreq.6045
                0x1fff0004        0x4 C:\Users\b59163\AppData\Local\Temp\cc4qusZS.ltrans0.ltrans.o
                0x1fff0004                s_slowIrcFreq.6045
 .data.s_fastIrcFreq.6046
                0x1fff0008        0x4 C:\Users\b59163\AppData\Local\Temp\cc4qusZS.ltrans0.ltrans.o
                0x1fff0008                s_fastIrcFreq.6046
 .data.impure_data
                0x1fff000c       0x60 c:/freescale/kds_v3/toolchain/bin/../lib/gcc/arm-none-eabi/4.8.4/../../../../arm-none-eabi/lib/armv7e-m/fpu\libg_s.a(lib_a-impure.o)
 *(.jcr*)
 .jcr           0x1fff006c        0x0 c:/freescale/kds_v3/toolchain/bin/../lib/gcc/arm-none-eabi/4.8.4/armv7e-m/fpu/crtbegin.o
 .jcr           0x1fff006c        0x4 c:/freescale/kds_v3/toolchain/bin/../lib/gcc/arm-none-eabi/4.8.4/armv7e-m/fpu/crtend.o
                0x1fff0070                . = ALIGN (0x4)
                0x1fff0070                __data_end__ = .
                0x00007560                __DATA_END = (__DATA_ROM + (__data_end__ - __data_start__))
                0x00100000                text_end = (ORIGIN (m_text) + 0xffbf0)
                0x00000001                ASSERT ((__DATA_END <= text_end), region m_text overflowed with text and data)
                0x00000000                USB_RAM_GAP = DEFINED (__usb_ram_size__)?__usb_ram_size__:0x0

.igot.plt       0x1fff0070        0x0 load address 0x00007560
 .igot.plt      0x00000000        0x0 c:/freescale/kds_v3/toolchain/bin/../lib/gcc/arm-none-eabi/4.8.4/armv7e-m/fpu/crtbegin.o

.bss            0x1fff0070      0x190 load address 0x00007560
                0x1fff0070                . = ALIGN (0x4)
                0x1fff0070                __START_BSS = .
                0x1fff0070                __bss_start__ = .
 *(.bss)
 .bss           0x1fff0070       0x1c c:/freescale/kds_v3/toolchain/bin/../lib/gcc/arm-none-eabi/4.8.4/armv7e-m/fpu/crtbegin.o
 *(.bss*)
 .bss.s_debugConsole.4148
                0x1fff008c       0x10 C:\Users\b59163\AppData\Local\Temp\cc4qusZS.ltrans0.ltrans.o
                0x1fff008c                s_debugConsole.4148
 .bss.g_tmrData.5326
                0x1fff009c        0x4 C:\Users\b59163\AppData\Local\Temp\cc4qusZS.ltrans0.ltrans.o
                0x1fff009c                g_tmrData.5326
 .bss.g_xtal0Freq
                0x1fff00a0        0x4 C:\Users\b59163\AppData\Local\Temp\cc4qusZS.ltrans0.ltrans.o
                0x1fff00a0                g_xtal0Freq
 .bss.g_xtal32Freq
                0x1fff00a4        0x4 C:\Users\b59163\AppData\Local\Temp\cc4qusZS.ltrans0.ltrans.o
                0x1fff00a4                g_xtal32Freq
 .bss.g_dspiHandle.7176
                0x1fff00a8        0xc C:\Users\b59163\AppData\Local\Temp\cc4qusZS.ltrans0.ltrans.o
                0x1fff00a8                g_dspiHandle.7176
 .bss.s_dspiMasterIsr.7184
                0x1fff00b4        0x4 C:\Users\b59163\AppData\Local\Temp\cc4qusZS.ltrans0.ltrans.o
                0x1fff00b4                s_dspiMasterIsr.7184
 .bss.s_dspiSlaveIsr.7192
                0x1fff00b8        0x4 C:\Users\b59163\AppData\Local\Temp\cc4qusZS.ltrans0.ltrans.o
                0x1fff00b8                s_dspiSlaveIsr.7192
 .bss.s_EDMAHandle.7964
                0x1fff00bc       0x40 C:\Users\b59163\AppData\Local\Temp\cc4qusZS.ltrans0.ltrans.o
                0x1fff00bc                s_EDMAHandle.7964
 .bss.s_ENETHandle.8381
                0x1fff00fc        0x4 C:\Users\b59163\AppData\Local\Temp\cc4qusZS.ltrans0.ltrans.o
                0x1fff00fc                s_ENETHandle.8381
 .bss.s_enetTxIsr.8382
                0x1fff0100        0x4 C:\Users\b59163\AppData\Local\Temp\cc4qusZS.ltrans0.ltrans.o
                0x1fff0100                s_enetTxIsr.8382
 .bss.s_enetRxIsr.8384
                0x1fff0104        0x4 C:\Users\b59163\AppData\Local\Temp\cc4qusZS.ltrans0.ltrans.o
                0x1fff0104                s_enetRxIsr.8384
 .bss.s_enetErrIsr.8385
                0x1fff0108        0x4 C:\Users\b59163\AppData\Local\Temp\cc4qusZS.ltrans0.ltrans.o
                0x1fff0108                s_enetErrIsr.8385
 .bss.s_flexcanHandle.9310
                0x1fff010c        0x4 C:\Users\b59163\AppData\Local\Temp\cc4qusZS.ltrans0.ltrans.o
                0x1fff010c                s_flexcanHandle.9310
 .bss.s_flexcanIsr.9311
                0x1fff0110        0x4 C:\Users\b59163\AppData\Local\Temp\cc4qusZS.ltrans0.ltrans.o
                0x1fff0110                s_flexcanIsr.9311
 .bss.s_i2cHandle.9935
                0x1fff0114        0xc C:\Users\b59163\AppData\Local\Temp\cc4qusZS.ltrans0.ltrans.o
                0x1fff0114                s_i2cHandle.9935
 .bss.s_i2cMasterIsr.9925
                0x1fff0120        0x4 C:\Users\b59163\AppData\Local\Temp\cc4qusZS.ltrans0.ltrans.o
                0x1fff0120                s_i2cMasterIsr.9925
 .bss.s_i2cSlaveIsr.9927
                0x1fff0124        0x4 C:\Users\b59163\AppData\Local\Temp\cc4qusZS.ltrans0.ltrans.o
                0x1fff0124                s_i2cSlaveIsr.9927
 .bss.s_saiHandle
                0x1fff0128        0x8 C:\Users\b59163\AppData\Local\Temp\cc4qusZS.ltrans0.ltrans.o
                0x1fff0128                s_saiHandle
 .bss.s_saiTxIsr.11123
                0x1fff0130        0x4 C:\Users\b59163\AppData\Local\Temp\cc4qusZS.ltrans0.ltrans.o
                0x1fff0130                s_saiTxIsr.11123
 .bss.s_saiRxIsr.11126
                0x1fff0134        0x4 C:\Users\b59163\AppData\Local\Temp\cc4qusZS.ltrans0.ltrans.o
                0x1fff0134                s_saiRxIsr.11126
 .bss.s_sdhcHandle.11820
                0x1fff0138        0x4 C:\Users\b59163\AppData\Local\Temp\cc4qusZS.ltrans0.ltrans.o
                0x1fff0138                s_sdhcHandle.11820
 .bss.s_sdhcIsr.11821
                0x1fff013c        0x4 C:\Users\b59163\AppData\Local\Temp\cc4qusZS.ltrans0.ltrans.o
                0x1fff013c                s_sdhcIsr.11821
 .bss.s_uartHandle.12292
                0x1fff0140       0x18 C:\Users\b59163\AppData\Local\Temp\cc4qusZS.ltrans0.ltrans.o
                0x1fff0140                s_uartHandle.12292
 .bss.s_uartIsr.12293
                0x1fff0158        0x4 C:\Users\b59163\AppData\Local\Temp\cc4qusZS.ltrans0.ltrans.o
                0x1fff0158                s_uartIsr.12293
                0x1fff0200                . = ALIGN (0x200)
 *fill*         0x1fff015c       0xa4 
                0x1fff0200                USB_RAM_START = .
                0x1fff0200                . = (. + USB_RAM_GAP)
 *(COMMON)
                0x1fff0200                . = ALIGN (0x4)
                0x1fff0200                __bss_end__ = .
                0x1fff0200                __END_BSS = .

.heap           0x20000000      0x400
                0x20000000                . = ALIGN (0x8)
                0x20000000                __end__ = .
                0x20000000                PROVIDE (end, .)
                0x20000000                __HeapBase = .
                0x20000400                . = (. + HEAP_SIZE)
 *fill*         0x20000000      0x400 
                0x20000400                __HeapLimit = .
                0x20000400                __heap_limit = .

.stack          0x20000400      0x400
                0x20000400                . = ALIGN (0x8)
                0x20000800                . = (. + STACK_SIZE)
 *fill*         0x20000400      0x400 

m_usb_bdt       0x1fff0200        0x0
 *(m_usb_bdt)
                0x1fff0200                USB_RAM_BDT_END = .

m_usb_global
 *(m_usb_global)
                0x20030000                __StackTop = (ORIGIN (m_data_2) + 0x30000)
                0x2002fc00                __StackLimit = (__StackTop - STACK_SIZE)
                0x20030000                PROVIDE (__stack, __StackTop)

.ARM.attributes
                0x00000000       0x30
 *(.ARM.attributes)
 .ARM.attributes
                0x00000000       0x22 c:/freescale/kds_v3/toolchain/bin/../lib/gcc/arm-none-eabi/4.8.4/armv7e-m/fpu/crti.o
 .ARM.attributes
                0x00000022       0x34 c:/freescale/kds_v3/toolchain/bin/../lib/gcc/arm-none-eabi/4.8.4/armv7e-m/fpu/crtbegin.o
 .ARM.attributes
                0x00000056       0x20 c:/freescale/kds_v3/toolchain/bin/../lib/gcc/arm-none-eabi/4.8.4/../../../../arm-none-eabi/lib/armv7e-m/fpu/crt0.o
 .ARM.attributes
                0x00000076       0x37 C:\Users\b59163\AppData\Local\Temp\cc4qusZS.ltrans0.ltrans.o
 .ARM.attributes
                0x000000ad       0x37 C:\Users\b59163\AppData\Local\Temp\cc4qusZS.ltrans1.ltrans.o
 .ARM.attributes
                0x000000e4       0x37 C:\Users\b59163\AppData\Local\Temp\cc4qusZS.ltrans2.ltrans.o
 .ARM.attributes
                0x0000011b       0x37 C:\Users\b59163\AppData\Local\Temp\cc4qusZS.ltrans4.ltrans.o
 .ARM.attributes
                0x00000152       0x37 C:\Users\b59163\AppData\Local\Temp\cc4qusZS.ltrans7.ltrans.o
 .ARM.attributes
                0x00000189       0x37 C:\Users\b59163\AppData\Local\Temp\cc4qusZS.ltrans8.ltrans.o
 .ARM.attributes
                0x000001c0       0x37 C:\Users\b59163\AppData\Local\Temp\cc4qusZS.ltrans9.ltrans.o
 .ARM.attributes
                0x000001f7       0x37 C:\Users\b59163\AppData\Local\Temp\cc4qusZS.ltrans11.ltrans.o
 .ARM.attributes
                0x0000022e       0x37 C:\Users\b59163\AppData\Local\Temp\cc4qusZS.ltrans12.ltrans.o
 .ARM.attributes
                0x00000265       0x37 C:\Users\b59163\AppData\Local\Temp\cc4qusZS.ltrans13.ltrans.o
 .ARM.attributes
                0x0000029c       0x37 C:\Users\b59163\AppData\Local\Temp\cc4qusZS.ltrans15.ltrans.o
 .ARM.attributes
                0x000002d3       0x37 C:\Users\b59163\AppData\Local\Temp\cc4qusZS.ltrans17.ltrans.o
 .ARM.attributes
                0x0000030a       0x37 C:\Users\b59163\AppData\Local\Temp\cc4qusZS.ltrans18.ltrans.o
 .ARM.attributes
                0x00000341       0x37 C:\Users\b59163\AppData\Local\Temp\cc4qusZS.ltrans19.ltrans.o
 .ARM.attributes
                0x00000378       0x37 C:\Users\b59163\AppData\Local\Temp\cc4qusZS.ltrans20.ltrans.o
 .ARM.attributes
                0x000003af       0x37 C:\Users\b59163\AppData\Local\Temp\cc4qusZS.ltrans21.ltrans.o
 .ARM.attributes
                0x000003e6       0x37 C:\Users\b59163\AppData\Local\Temp\cc4qusZS.ltrans22.ltrans.o
 .ARM.attributes
                0x0000041d       0x37 C:\Users\b59163\AppData\Local\Temp\cc4qusZS.ltrans23.ltrans.o
 .ARM.attributes
                0x00000454       0x37 C:\Users\b59163\AppData\Local\Temp\cc4qusZS.ltrans24.ltrans.o
 .ARM.attributes
                0x0000048b       0x34 c:/freescale/kds_v3/toolchain/bin/../lib/gcc/arm-none-eabi/4.8.4/../../../../arm-none-eabi/lib/armv7e-m/fpu\libg_s.a(lib_a-strlen.o)
 .ARM.attributes
                0x000004bf       0x1f ./startup/startup_MK64F12.o
 .ARM.attributes
                0x000004de       0x34 c:/freescale/kds_v3/toolchain/bin/../lib/gcc/arm-none-eabi/4.8.4/../../../../arm-none-eabi/lib/armv7e-m/fpu\libg_s.a(lib_a-exit.o)
 .ARM.attributes
                0x00000512       0x34 c:/freescale/kds_v3/toolchain/bin/../lib/gcc/arm-none-eabi/4.8.4/../../../../arm-none-eabi/lib/armv7e-m/fpu\libg_s.a(lib_a-impure.o)
 .ARM.attributes
                0x00000546       0x34 c:/freescale/kds_v3/toolchain/bin/../lib/gcc/arm-none-eabi/4.8.4/../../../../arm-none-eabi/lib/armv7e-m/fpu\libg_s.a(lib_a-init.o)
 .ARM.attributes
                0x0000057a       0x34 c:/freescale/kds_v3/toolchain/bin/../lib/gcc/arm-none-eabi/4.8.4/../../../../arm-none-eabi/lib/armv7e-m/fpu\libg_s.a(lib_a-memset.o)
 .ARM.attributes
                0x000005ae       0x34 c:/freescale/kds_v3/toolchain/bin/../lib/gcc/arm-none-eabi/4.8.4/../../../../arm-none-eabi/lib/armv7e-m/fpu\libnosys.a(_exit.o)
 .ARM.attributes
                0x000005e2       0x34 c:/freescale/kds_v3/toolchain/bin/../lib/gcc/arm-none-eabi/4.8.4/armv7e-m/fpu/crtend.o
 .ARM.attributes
                0x00000616       0x22 c:/freescale/kds_v3/toolchain/bin/../lib/gcc/arm-none-eabi/4.8.4/armv7e-m/fpu/crtn.o
                0x00000001                ASSERT ((__StackLimit >= __HeapLimit), region m_data_2 overflowed with stack and heap)
OUTPUT(LVHB_K64F_34933EP-EVB_Brush.elf elf32-littlearm)

.debug_info     0x00000000    0x26e15
 .debug_info    0x00000000     0xcadc C:\Users\b59163\AppData\Local\Temp\cc4qusZS.ltrans0.ltrans.o
 .debug_info    0x0000cadc     0x12bb C:\Users\b59163\AppData\Local\Temp\cc4qusZS.ltrans1.ltrans.o
 .debug_info    0x0000dd97     0x1efe C:\Users\b59163\AppData\Local\Temp\cc4qusZS.ltrans2.ltrans.o
 .debug_info    0x0000fc95     0x1463 C:\Users\b59163\AppData\Local\Temp\cc4qusZS.ltrans4.ltrans.o
 .debug_info    0x000110f8     0x13d7 C:\Users\b59163\AppData\Local\Temp\cc4qusZS.ltrans7.ltrans.o
 .debug_info    0x000124cf     0x1e1e C:\Users\b59163\AppData\Local\Temp\cc4qusZS.ltrans8.ltrans.o
 .debug_info    0x000142ed     0x172b C:\Users\b59163\AppData\Local\Temp\cc4qusZS.ltrans9.ltrans.o
 .debug_info    0x00015a18     0x1f54 C:\Users\b59163\AppData\Local\Temp\cc4qusZS.ltrans11.ltrans.o
 .debug_info    0x0001796c     0x1b4d C:\Users\b59163\AppData\Local\Temp\cc4qusZS.ltrans12.ltrans.o
 .debug_info    0x000194b9     0x14bb C:\Users\b59163\AppData\Local\Temp\cc4qusZS.ltrans13.ltrans.o
 .debug_info    0x0001a974     0x13c2 C:\Users\b59163\AppData\Local\Temp\cc4qusZS.ltrans15.ltrans.o
 .debug_info    0x0001bd36     0x1cec C:\Users\b59163\AppData\Local\Temp\cc4qusZS.ltrans17.ltrans.o
 .debug_info    0x0001da22     0x1451 C:\Users\b59163\AppData\Local\Temp\cc4qusZS.ltrans18.ltrans.o
 .debug_info    0x0001ee73      0xc26 C:\Users\b59163\AppData\Local\Temp\cc4qusZS.ltrans19.ltrans.o
 .debug_info    0x0001fa99     0x1f30 C:\Users\b59163\AppData\Local\Temp\cc4qusZS.ltrans20.ltrans.o
 .debug_info    0x000219c9     0x1858 C:\Users\b59163\AppData\Local\Temp\cc4qusZS.ltrans21.ltrans.o
 .debug_info    0x00023221     0x135e C:\Users\b59163\AppData\Local\Temp\cc4qusZS.ltrans22.ltrans.o
 .debug_info    0x0002457f     0x1597 C:\Users\b59163\AppData\Local\Temp\cc4qusZS.ltrans23.ltrans.o
 .debug_info    0x00025b16     0x1260 C:\Users\b59163\AppData\Local\Temp\cc4qusZS.ltrans24.ltrans.o
 .debug_info    0x00026d76       0x9f ./startup/startup_MK64F12.o

.debug_abbrev   0x00000000     0x359b
 .debug_abbrev  0x00000000      0x55e C:\Users\b59163\AppData\Local\Temp\cc4qusZS.ltrans0.ltrans.o
 .debug_abbrev  0x0000055e      0x297 C:\Users\b59163\AppData\Local\Temp\cc4qusZS.ltrans1.ltrans.o
 .debug_abbrev  0x000007f5      0x37e C:\Users\b59163\AppData\Local\Temp\cc4qusZS.ltrans2.ltrans.o
 .debug_abbrev  0x00000b73      0x28a C:\Users\b59163\AppData\Local\Temp\cc4qusZS.ltrans4.ltrans.o
 .debug_abbrev  0x00000dfd      0x293 C:\Users\b59163\AppData\Local\Temp\cc4qusZS.ltrans7.ltrans.o
 .debug_abbrev  0x00001090      0x390 C:\Users\b59163\AppData\Local\Temp\cc4qusZS.ltrans8.ltrans.o
 .debug_abbrev  0x00001420      0x283 C:\Users\b59163\AppData\Local\Temp\cc4qusZS.ltrans9.ltrans.o
 .debug_abbrev  0x000016a3      0x31d C:\Users\b59163\AppData\Local\Temp\cc4qusZS.ltrans11.ltrans.o
 .debug_abbrev  0x000019c0      0x21b C:\Users\b59163\AppData\Local\Temp\cc4qusZS.ltrans12.ltrans.o
 .debug_abbrev  0x00001bdb      0x277 C:\Users\b59163\AppData\Local\Temp\cc4qusZS.ltrans13.ltrans.o
 .debug_abbrev  0x00001e52      0x2a2 C:\Users\b59163\AppData\Local\Temp\cc4qusZS.ltrans15.ltrans.o
 .debug_abbrev  0x000020f4      0x2fd C:\Users\b59163\AppData\Local\Temp\cc4qusZS.ltrans17.ltrans.o
 .debug_abbrev  0x000023f1      0x226 C:\Users\b59163\AppData\Local\Temp\cc4qusZS.ltrans18.ltrans.o
 .debug_abbrev  0x00002617      0x1fe C:\Users\b59163\AppData\Local\Temp\cc4qusZS.ltrans19.ltrans.o
 .debug_abbrev  0x00002815      0x380 C:\Users\b59163\AppData\Local\Temp\cc4qusZS.ltrans20.ltrans.o
 .debug_abbrev  0x00002b95      0x22c C:\Users\b59163\AppData\Local\Temp\cc4qusZS.ltrans21.ltrans.o
 .debug_abbrev  0x00002dc1      0x185 C:\Users\b59163\AppData\Local\Temp\cc4qusZS.ltrans22.ltrans.o
 .debug_abbrev  0x00002f46      0x303 C:\Users\b59163\AppData\Local\Temp\cc4qusZS.ltrans23.ltrans.o
 .debug_abbrev  0x00003249      0x33e C:\Users\b59163\AppData\Local\Temp\cc4qusZS.ltrans24.ltrans.o
 .debug_abbrev  0x00003587       0x14 ./startup/startup_MK64F12.o

.debug_aranges  0x00000000     0x1680
 .debug_aranges
                0x00000000      0x140 C:\Users\b59163\AppData\Local\Temp\cc4qusZS.ltrans0.ltrans.o
 .debug_aranges
                0x00000140      0x120 C:\Users\b59163\AppData\Local\Temp\cc4qusZS.ltrans1.ltrans.o
 .debug_aranges
                0x00000260      0x160 C:\Users\b59163\AppData\Local\Temp\cc4qusZS.ltrans2.ltrans.o
 .debug_aranges
                0x000003c0       0xe8 C:\Users\b59163\AppData\Local\Temp\cc4qusZS.ltrans4.ltrans.o
 .debug_aranges
                0x000004a8       0xf0 C:\Users\b59163\AppData\Local\Temp\cc4qusZS.ltrans7.ltrans.o
 .debug_aranges
                0x00000598      0x170 C:\Users\b59163\AppData\Local\Temp\cc4qusZS.ltrans8.ltrans.o
 .debug_aranges
                0x00000708      0x108 C:\Users\b59163\AppData\Local\Temp\cc4qusZS.ltrans9.ltrans.o
 .debug_aranges
                0x00000810      0x158 C:\Users\b59163\AppData\Local\Temp\cc4qusZS.ltrans11.ltrans.o
 .debug_aranges
                0x00000968      0x1a0 C:\Users\b59163\AppData\Local\Temp\cc4qusZS.ltrans12.ltrans.o
 .debug_aranges
                0x00000b08      0x110 C:\Users\b59163\AppData\Local\Temp\cc4qusZS.ltrans13.ltrans.o
 .debug_aranges
                0x00000c18       0xd8 C:\Users\b59163\AppData\Local\Temp\cc4qusZS.ltrans15.ltrans.o
 .debug_aranges
                0x00000cf0      0x1c8 C:\Users\b59163\AppData\Local\Temp\cc4qusZS.ltrans17.ltrans.o
 .debug_aranges
                0x00000eb8      0x140 C:\Users\b59163\AppData\Local\Temp\cc4qusZS.ltrans18.ltrans.o
 .debug_aranges
                0x00000ff8      0x100 C:\Users\b59163\AppData\Local\Temp\cc4qusZS.ltrans19.ltrans.o
 .debug_aranges
                0x000010f8      0x1e8 C:\Users\b59163\AppData\Local\Temp\cc4qusZS.ltrans20.ltrans.o
 .debug_aranges
                0x000012e0      0x100 C:\Users\b59163\AppData\Local\Temp\cc4qusZS.ltrans21.ltrans.o
 .debug_aranges
                0x000013e0       0x88 C:\Users\b59163\AppData\Local\Temp\cc4qusZS.ltrans22.ltrans.o
 .debug_aranges
                0x00001468      0x110 C:\Users\b59163\AppData\Local\Temp\cc4qusZS.ltrans23.ltrans.o
 .debug_aranges
                0x00001578       0xe8 C:\Users\b59163\AppData\Local\Temp\cc4qusZS.ltrans24.ltrans.o
 .debug_aranges
                0x00001660       0x20 ./startup/startup_MK64F12.o

.debug_ranges   0x00000000     0x1548
 .debug_ranges  0x00000000      0x130 C:\Users\b59163\AppData\Local\Temp\cc4qusZS.ltrans0.ltrans.o
 .debug_ranges  0x00000130      0x110 C:\Users\b59163\AppData\Local\Temp\cc4qusZS.ltrans1.ltrans.o
 .debug_ranges  0x00000240      0x150 C:\Users\b59163\AppData\Local\Temp\cc4qusZS.ltrans2.ltrans.o
 .debug_ranges  0x00000390       0xd8 C:\Users\b59163\AppData\Local\Temp\cc4qusZS.ltrans4.ltrans.o
 .debug_ranges  0x00000468       0xf8 C:\Users\b59163\AppData\Local\Temp\cc4qusZS.ltrans7.ltrans.o
 .debug_ranges  0x00000560      0x160 C:\Users\b59163\AppData\Local\Temp\cc4qusZS.ltrans8.ltrans.o
 .debug_ranges  0x000006c0       0xf8 C:\Users\b59163\AppData\Local\Temp\cc4qusZS.ltrans9.ltrans.o
 .debug_ranges  0x000007b8      0x148 C:\Users\b59163\AppData\Local\Temp\cc4qusZS.ltrans11.ltrans.o
 .debug_ranges  0x00000900      0x190 C:\Users\b59163\AppData\Local\Temp\cc4qusZS.ltrans12.ltrans.o
 .debug_ranges  0x00000a90      0x100 C:\Users\b59163\AppData\Local\Temp\cc4qusZS.ltrans13.ltrans.o
 .debug_ranges  0x00000b90       0xc8 C:\Users\b59163\AppData\Local\Temp\cc4qusZS.ltrans15.ltrans.o
 .debug_ranges  0x00000c58      0x1b8 C:\Users\b59163\AppData\Local\Temp\cc4qusZS.ltrans17.ltrans.o
 .debug_ranges  0x00000e10      0x130 C:\Users\b59163\AppData\Local\Temp\cc4qusZS.ltrans18.ltrans.o
 .debug_ranges  0x00000f40       0xf0 C:\Users\b59163\AppData\Local\Temp\cc4qusZS.ltrans19.ltrans.o
 .debug_ranges  0x00001030      0x1d8 C:\Users\b59163\AppData\Local\Temp\cc4qusZS.ltrans20.ltrans.o
 .debug_ranges  0x00001208       0xf0 C:\Users\b59163\AppData\Local\Temp\cc4qusZS.ltrans21.ltrans.o
 .debug_ranges  0x000012f8       0x78 C:\Users\b59163\AppData\Local\Temp\cc4qusZS.ltrans22.ltrans.o
 .debug_ranges  0x00001370      0x100 C:\Users\b59163\AppData\Local\Temp\cc4qusZS.ltrans23.ltrans.o
 .debug_ranges  0x00001470       0xd8 C:\Users\b59163\AppData\Local\Temp\cc4qusZS.ltrans24.ltrans.o

.debug_line     0x00000000     0x6e48
 .debug_line    0x00000000      0xa43 C:\Users\b59163\AppData\Local\Temp\cc4qusZS.ltrans0.ltrans.o
 .debug_line    0x00000a43      0x4dc C:\Users\b59163\AppData\Local\Temp\cc4qusZS.ltrans1.ltrans.o
 .debug_line    0x00000f1f      0x6db C:\Users\b59163\AppData\Local\Temp\cc4qusZS.ltrans2.ltrans.o
 .debug_line    0x000015fa      0x419 C:\Users\b59163\AppData\Local\Temp\cc4qusZS.ltrans4.ltrans.o
 .debug_line    0x00001a13      0x4ca C:\Users\b59163\AppData\Local\Temp\cc4qusZS.ltrans7.ltrans.o
 .debug_line    0x00001edd      0x6c5 C:\Users\b59163\AppData\Local\Temp\cc4qusZS.ltrans8.ltrans.o
 .debug_line    0x000025a2      0x4b0 C:\Users\b59163\AppData\Local\Temp\cc4qusZS.ltrans9.ltrans.o
 .debug_line    0x00002a52      0x688 C:\Users\b59163\AppData\Local\Temp\cc4qusZS.ltrans11.ltrans.o
 .debug_line    0x000030da      0x5ee C:\Users\b59163\AppData\Local\Temp\cc4qusZS.ltrans12.ltrans.o
 .debug_line    0x000036c8      0x455 C:\Users\b59163\AppData\Local\Temp\cc4qusZS.ltrans13.ltrans.o
 .debug_line    0x00003b1d      0x508 C:\Users\b59163\AppData\Local\Temp\cc4qusZS.ltrans15.ltrans.o
 .debug_line    0x00004025      0x6cd C:\Users\b59163\AppData\Local\Temp\cc4qusZS.ltrans17.ltrans.o
 .debug_line    0x000046f2      0x4c7 C:\Users\b59163\AppData\Local\Temp\cc4qusZS.ltrans18.ltrans.o
 .debug_line    0x00004bb9      0x451 C:\Users\b59163\AppData\Local\Temp\cc4qusZS.ltrans19.ltrans.o
 .debug_line    0x0000500a      0x798 C:\Users\b59163\AppData\Local\Temp\cc4qusZS.ltrans20.ltrans.o
 .debug_line    0x000057a2      0x521 C:\Users\b59163\AppData\Local\Temp\cc4qusZS.ltrans21.ltrans.o
 .debug_line    0x00005cc3      0x3b4 C:\Users\b59163\AppData\Local\Temp\cc4qusZS.ltrans22.ltrans.o
 .debug_line    0x00006077      0x5aa C:\Users\b59163\AppData\Local\Temp\cc4qusZS.ltrans23.ltrans.o
 .debug_line    0x00006621      0x6b5 C:\Users\b59163\AppData\Local\Temp\cc4qusZS.ltrans24.ltrans.o
 .debug_line    0x00006cd6      0x172 ./startup/startup_MK64F12.o

.debug_str      0x00000000    0x11016
 .debug_str     0x00000000     0xc044 C:\Users\b59163\AppData\Local\Temp\cc4qusZS.ltrans0.ltrans.o
                               0xc29d (size before relaxing)
 .debug_str     0x0000c044      0x2d9 C:\Users\b59163\AppData\Local\Temp\cc4qusZS.ltrans1.ltrans.o
                                0xc65 (size before relaxing)
 .debug_str     0x0000c31d      0x5a8 C:\Users\b59163\AppData\Local\Temp\cc4qusZS.ltrans2.ltrans.o
                               0x1b25 (size before relaxing)
 .debug_str     0x0000c8c5      0x1f8 C:\Users\b59163\AppData\Local\Temp\cc4qusZS.ltrans4.ltrans.o
                                0xbbc (size before relaxing)
 .debug_str     0x0000cabd      0x26d C:\Users\b59163\AppData\Local\Temp\cc4qusZS.ltrans7.ltrans.o
                                0xde7 (size before relaxing)
 .debug_str     0x0000cd2a      0x52d C:\Users\b59163\AppData\Local\Temp\cc4qusZS.ltrans8.ltrans.o
                               0x1cb4 (size before relaxing)
 .debug_str     0x0000d257      0x18a C:\Users\b59163\AppData\Local\Temp\cc4qusZS.ltrans9.ltrans.o
                               0x1346 (size before relaxing)
 .debug_str     0x0000d3e1      0xe7d C:\Users\b59163\AppData\Local\Temp\cc4qusZS.ltrans11.ltrans.o
                               0x1cfd (size before relaxing)
 .debug_str     0x0000e25e      0x497 C:\Users\b59163\AppData\Local\Temp\cc4qusZS.ltrans12.ltrans.o
                               0x1944 (size before relaxing)
 .debug_str     0x0000e6f5      0x140 C:\Users\b59163\AppData\Local\Temp\cc4qusZS.ltrans13.ltrans.o
                               0x107c (size before relaxing)
 .debug_str     0x0000e835      0x34e C:\Users\b59163\AppData\Local\Temp\cc4qusZS.ltrans15.ltrans.o
                               0x1031 (size before relaxing)
 .debug_str     0x0000eb83      0x659 C:\Users\b59163\AppData\Local\Temp\cc4qusZS.ltrans17.ltrans.o
                               0x1c96 (size before relaxing)
 .debug_str     0x0000f1dc      0x3a5 C:\Users\b59163\AppData\Local\Temp\cc4qusZS.ltrans18.ltrans.o
                               0x1470 (size before relaxing)
 .debug_str     0x0000f581      0x3f4 C:\Users\b59163\AppData\Local\Temp\cc4qusZS.ltrans19.ltrans.o
                                0xa71 (size before relaxing)
 .debug_str     0x0000f975      0x7d0 C:\Users\b59163\AppData\Local\Temp\cc4qusZS.ltrans20.ltrans.o
                               0x21ba (size before relaxing)
 .debug_str     0x00010145      0x1cf C:\Users\b59163\AppData\Local\Temp\cc4qusZS.ltrans21.ltrans.o
                               0x181e (size before relaxing)
 .debug_str     0x00010314      0x11f C:\Users\b59163\AppData\Local\Temp\cc4qusZS.ltrans22.ltrans.o
                               0x1568 (size before relaxing)
 .debug_str     0x00010433      0x557 C:\Users\b59163\AppData\Local\Temp\cc4qusZS.ltrans23.ltrans.o
                               0x174b (size before relaxing)
 .debug_str     0x0001098a      0x68c C:\Users\b59163\AppData\Local\Temp\cc4qusZS.ltrans24.ltrans.o
                                0xd7b (size before relaxing)

.comment        0x00000000       0x70
 .comment       0x00000000       0x70 C:\Users\b59163\AppData\Local\Temp\cc4qusZS.ltrans0.ltrans.o
                                 0x71 (size before relaxing)
 .comment       0x00000000       0x71 C:\Users\b59163\AppData\Local\Temp\cc4qusZS.ltrans1.ltrans.o
 .comment       0x00000000       0x71 C:\Users\b59163\AppData\Local\Temp\cc4qusZS.ltrans2.ltrans.o
 .comment       0x00000000       0x71 C:\Users\b59163\AppData\Local\Temp\cc4qusZS.ltrans4.ltrans.o
 .comment       0x00000000       0x71 C:\Users\b59163\AppData\Local\Temp\cc4qusZS.ltrans7.ltrans.o
 .comment       0x00000000       0x71 C:\Users\b59163\AppData\Local\Temp\cc4qusZS.ltrans8.ltrans.o
 .comment       0x00000000       0x71 C:\Users\b59163\AppData\Local\Temp\cc4qusZS.ltrans9.ltrans.o
 .comment       0x00000000       0x71 C:\Users\b59163\AppData\Local\Temp\cc4qusZS.ltrans11.ltrans.o
 .comment       0x00000000       0x71 C:\Users\b59163\AppData\Local\Temp\cc4qusZS.ltrans12.ltrans.o
 .comment       0x00000000       0x71 C:\Users\b59163\AppData\Local\Temp\cc4qusZS.ltrans13.ltrans.o
 .comment       0x00000000       0x71 C:\Users\b59163\AppData\Local\Temp\cc4qusZS.ltrans15.ltrans.o
 .comment       0x00000000       0x71 C:\Users\b59163\AppData\Local\Temp\cc4qusZS.ltrans17.ltrans.o
 .comment       0x00000000       0x71 C:\Users\b59163\AppData\Local\Temp\cc4qusZS.ltrans18.ltrans.o
 .comment       0x00000000       0x71 C:\Users\b59163\AppData\Local\Temp\cc4qusZS.ltrans19.ltrans.o
 .comment       0x00000000       0x71 C:\Users\b59163\AppData\Local\Temp\cc4qusZS.ltrans20.ltrans.o
 .comment       0x00000000       0x71 C:\Users\b59163\AppData\Local\Temp\cc4qusZS.ltrans21.ltrans.o
 .comment       0x00000000       0x71 C:\Users\b59163\AppData\Local\Temp\cc4qusZS.ltrans22.ltrans.o
 .comment       0x00000000       0x71 C:\Users\b59163\AppData\Local\Temp\cc4qusZS.ltrans23.ltrans.o
 .comment       0x00000000       0x71 C:\Users\b59163\AppData\Local\Temp\cc4qusZS.ltrans24.ltrans.o

.debug_frame    0x00000000     0x5024
 .debug_frame   0x00000000      0x470 C:\Users\b59163\AppData\Local\Temp\cc4qusZS.ltrans0.ltrans.o
 .debug_frame   0x00000470      0x3ec C:\Users\b59163\AppData\Local\Temp\cc4qusZS.ltrans1.ltrans.o
 .debug_frame   0x0000085c      0x4d8 C:\Users\b59163\AppData\Local\Temp\cc4qusZS.ltrans2.ltrans.o
 .debug_frame   0x00000d34      0x330 C:\Users\b59163\AppData\Local\Temp\cc4qusZS.ltrans4.ltrans.o
 .debug_frame   0x00001064      0x34c C:\Users\b59163\AppData\Local\Temp\cc4qusZS.ltrans7.ltrans.o
 .debug_frame   0x000013b0      0x524 C:\Users\b59163\AppData\Local\Temp\cc4qusZS.ltrans8.ltrans.o
 .debug_frame   0x000018d4      0x3bc C:\Users\b59163\AppData\Local\Temp\cc4qusZS.ltrans9.ltrans.o
 .debug_frame   0x00001c90      0x4e4 C:\Users\b59163\AppData\Local\Temp\cc4qusZS.ltrans11.ltrans.o
 .debug_frame   0x00002174      0x5a4 C:\Users\b59163\AppData\Local\Temp\cc4qusZS.ltrans12.ltrans.o
 .debug_frame   0x00002718      0x3ec C:\Users\b59163\AppData\Local\Temp\cc4qusZS.ltrans13.ltrans.o
 .debug_frame   0x00002b04      0x2d8 C:\Users\b59163\AppData\Local\Temp\cc4qusZS.ltrans15.ltrans.o
 .debug_frame   0x00002ddc      0x644 C:\Users\b59163\AppData\Local\Temp\cc4qusZS.ltrans17.ltrans.o
 .debug_frame   0x00003420      0x468 C:\Users\b59163\AppData\Local\Temp\cc4qusZS.ltrans18.ltrans.o
 .debug_frame   0x00003888      0x35c C:\Users\b59163\AppData\Local\Temp\cc4qusZS.ltrans19.ltrans.o
 .debug_frame   0x00003be4      0x6e8 C:\Users\b59163\AppData\Local\Temp\cc4qusZS.ltrans20.ltrans.o
 .debug_frame   0x000042cc      0x3a8 C:\Users\b59163\AppData\Local\Temp\cc4qusZS.ltrans21.ltrans.o
 .debug_frame   0x00004674      0x1e8 C:\Users\b59163\AppData\Local\Temp\cc4qusZS.ltrans22.ltrans.o
 .debug_frame   0x0000485c      0x3c8 C:\Users\b59163\AppData\Local\Temp\cc4qusZS.ltrans23.ltrans.o
 .debug_frame   0x00004c24      0x34c C:\Users\b59163\AppData\Local\Temp\cc4qusZS.ltrans24.ltrans.o
 .debug_frame   0x00004f70       0x20 c:/freescale/kds_v3/toolchain/bin/../lib/gcc/arm-none-eabi/4.8.4/../../../../arm-none-eabi/lib/armv7e-m/fpu\libg_s.a(lib_a-strlen.o)
 .debug_frame   0x00004f90       0x28 c:/freescale/kds_v3/toolchain/bin/../lib/gcc/arm-none-eabi/4.8.4/../../../../arm-none-eabi/lib/armv7e-m/fpu\libg_s.a(lib_a-exit.o)
 .debug_frame   0x00004fb8       0x2c c:/freescale/kds_v3/toolchain/bin/../lib/gcc/arm-none-eabi/4.8.4/../../../../arm-none-eabi/lib/armv7e-m/fpu\libg_s.a(lib_a-init.o)
 .debug_frame   0x00004fe4       0x20 c:/freescale/kds_v3/toolchain/bin/../lib/gcc/arm-none-eabi/4.8.4/../../../../arm-none-eabi/lib/armv7e-m/fpu\libg_s.a(lib_a-memset.o)
 .debug_frame   0x00005004       0x20 c:/freescale/kds_v3/toolchain/bin/../lib/gcc/arm-none-eabi/4.8.4/../../../../arm-none-eabi/lib/armv7e-m/fpu\libnosys.a(_exit.o)
